<html>
<body>
<pre>
<h1>礦ision Build Log</h1>
<h2>Tool Versions:</h2>
IDE-Version: μVision V5.21.1.0
Copyright (C) 2016 ARM Ltd and ARM Germany GmbH. All rights reserved.
License Information: H H, H, LIC=03CVE-5NKX2-6QS0X-H4PCT-JQC6I-FX05F
 
Tool Versions:
Toolchain:       MDK-ARM Plus  Version: 5.21a
Toolchain Path:  D:\Program Files (x86)\keil\ARM\ARMCC\Bin
C Compiler:      Armcc.exe V5.06 update 3 (build 300)
Assembler:       Armasm.exe V5.06 update 3 (build 300)
Linker/Locator:  ArmLink.exe V5.06 update 3 (build 300)
Library Manager: ArmAr.exe V5.06 update 3 (build 300)
Hex Converter:   FromElf.exe V5.06 update 3 (build 300)
CPU DLL:         SARMCM3.DLL V5.21a
Dialog DLL:      DCM.DLL V1.13.8.0
Target DLL:      STLink\ST-LINKIII-KEIL_SWO.dll V2.0.18.0
Dialog DLL:      TCM.DLL V1.14.14.0
 
<h2>Project:</h2>
E:\单片机\四轴\Program\FLY\USER\FLY.uvprojx
Project File Date:  10/31/2017

<h2>Output:</h2>
*** Using Compiler 'V5.06 update 3 (build 300)', folder: 'D:\Program Files (x86)\keil\ARM\ARMCC\Bin'
Build target 'FLY'
compiling MS5611.c...
..\HARDWARE\MS5611\MS5611.c(31): warning:  #550-D: variable "Temp_buffer" was set but never used
  static float Temp_buffer[MOVAVG_SIZE],Press_buffer[MOVAVG_SIZE],Alt_buffer[MOVAVG_SIZE];
..\HARDWARE\MS5611\MS5611.c(31): warning:  #550-D: variable "Press_buffer" was set but never used
  static float Temp_buffer[MOVAVG_SIZE],Press_buffer[MOVAVG_SIZE],Alt_buffer[MOVAVG_SIZE];
..\HARDWARE\MS5611\MS5611.c(31): warning:  #550-D: variable "Alt_buffer" was set but never used
  static float Temp_buffer[MOVAVG_SIZE],Press_buffer[MOVAVG_SIZE],Alt_buffer[MOVAVG_SIZE];
..\HARDWARE\MS5611\MS5611.c: 3 warnings, 0 errors
compiling main.c...
compiling Altitude.c...
linking...
Program Size: Code=21594 RO-data=518 RW-data=380 ZI-data=2532  
FromELF: creating hex file...
"..\OBJ\Template.axf" - 0 Error(s), 3 Warning(s).

<h2>Collection of Component include folders:</h2>
  E:\单片机\四轴\Program\FLY\USER\RTE
  D:\Program Files (x86)\keil\ARM\PACK\Keil\STM32F1xx_DFP\2.1.0\Device\Include

<h2>Collection of Component Files used:</h2>
Build Time Elapsed:  00:00:02
</pre>
</body>
</html>
