Component: ARM Compiler 5.06 update 1 (build 61) Tool: armlink [4d35a8]

==============================================================================

Section Cross References

    main.o(.text) refers to misc.o(.text) for NVIC_PriorityGroupConfig
    main.o(.text) refers to timer.o(.text) for Nvic_Init
    main.o(.text) refers to led.o(.text) for Init_LEDpin
    main.o(.text) refers to delay.o(.text) for delay_init
    main.o(.text) refers to 24l01.o(.text) for NRF24L01_Init
    main.o(.text) refers to adc.o(.text) for Adc_Init
    main.o(.text) refers to pwm.o(.text) for PWM_init
    main.o(.text) refers to iic.o(.text) for I2C_GPIO_Configuration
    main.o(.text) refers to mp6050.o(.text) for Init_MPU6050
    main.o(.text) refers to stm32f10x_tim.o(.text) for TIM_Cmd
    main.o(.text) refers to main.o(.bss) for tmp_buf
    main.o(.text) refers to main.o(.data) for adcx
    system_stm32f10x.o(.text) refers to system_stm32f10x.o(.data) for SystemCoreClock
    led.o(.text) refers to stm32f10x_rcc.o(.text) for RCC_APB2PeriphClockCmd
    led.o(.text) refers to stm32f10x_gpio.o(.text) for GPIO_Init
    led.o(.text) refers to delay.o(.text) for delay_ms
    24l01.o(.text) refers to stm32f10x_rcc.o(.text) for RCC_APB2PeriphClockCmd
    24l01.o(.text) refers to stm32f10x_gpio.o(.text) for GPIO_Init
    24l01.o(.text) refers to spi.o(.text) for SPI1_Init
    24l01.o(.text) refers to stm32f10x_spi.o(.text) for SPI_Cmd
    24l01.o(.text) refers to 24l01.o(.constdata) for RX_ADDRESS
    adc.o(.text) refers to stm32f10x_rcc.o(.text) for RCC_APB2PeriphClockCmd
    adc.o(.text) refers to stm32f10x_gpio.o(.text) for GPIO_Init
    adc.o(.text) refers to stm32f10x_adc.o(.text) for ADC_DeInit
    adc.o(.text) refers to delay.o(.text) for delay_ms
    adc.o(.text) refers to dflt_clz.o(x$fpl$dfltu) for __aeabi_ui2d
    adc.o(.text) refers to dmul.o(x$fpl$dmul) for __aeabi_dmul
    adc.o(.text) refers to dfixu.o(x$fpl$dfixu) for __aeabi_d2uiz
    pwm.o(.text) refers to stm32f10x_rcc.o(.text) for RCC_APB2PeriphClockCmd
    pwm.o(.text) refers to stm32f10x_gpio.o(.text) for GPIO_Init
    pwm.o(.text) refers to stm32f10x_tim.o(.text) for TIM_TimeBaseInit
    mp6050.o(.text) refers to iic.o(.text) for I2C_WriteByte
    mp6050.o(.text) refers to stm32f10x_gpio.o(.text) for GPIO_ResetBits
    mp6050.o(.text) refers to dflt_clz.o(x$fpl$dflt) for __aeabi_i2d
    mp6050.o(.text) refers to dmul.o(x$fpl$dmul) for __aeabi_dmul
    mp6050.o(.text) refers to daddsub_clz.o(x$fpl$dsub) for __aeabi_dsub
    mp6050.o(.text) refers to d2f.o(x$fpl$d2f) for __aeabi_d2f
    mp6050.o(.text) refers to fflt_clz.o(x$fpl$fflt) for __aeabi_i2f
    mp6050.o(.text) refers to imu.o(.text) for FL_ABS
    mp6050.o(.text) refers to faddsub_clz.o(x$fpl$fadd) for __aeabi_fadd
    mp6050.o(.text) refers to ffix.o(x$fpl$ffix) for __aeabi_f2iz
    mp6050.o(.text) refers to mp6050.o(.bss) for BUF
    mp6050.o(.text) refers to mp6050.o(.data) for accCorrect_flag
    ms5611.o(.text) refers to _printf_percent.o(.ARM.Collect$$_printf_percent$$00000000) for _printf_percent
    ms5611.o(.text) refers to _printf_c.o(.ARM.Collect$$_printf_percent$$00000013) for _printf_c
    ms5611.o(.text) refers to _printf_str.o(.text) for _printf_str
    ms5611.o(.text) refers to _printf_pad.o(.text) for _printf_pre_padding
    ms5611.o(.text) refers to _printf_f.o(.ARM.Collect$$_printf_percent$$00000003) for _printf_f
    ms5611.o(.text) refers to printf1.o(x$fpl$printf1) for _printf_fp_dec
    ms5611.o(.text) refers to iic.o(.text) for I2C_NoAddr_WriteByte
    ms5611.o(.text) refers to delay.o(.text) for delay_ms
    ms5611.o(.text) refers to fflt_clz.o(x$fpl$ffltu) for __aeabi_ui2f
    ms5611.o(.text) refers to fmul.o(x$fpl$fmul) for __aeabi_fmul
    ms5611.o(.text) refers to fdiv.o(x$fpl$fdiv) for __aeabi_fdiv
    ms5611.o(.text) refers to faddsub_clz.o(x$fpl$fadd) for __aeabi_fadd
    ms5611.o(.text) refers to f2d.o(x$fpl$f2d) for __aeabi_f2d
    ms5611.o(.text) refers to ddiv.o(x$fpl$ddiv) for __aeabi_ddiv
    ms5611.o(.text) refers to dflt_clz.o(x$fpl$dfltu) for __aeabi_ui2d
    ms5611.o(.text) refers to daddsub_clz.o(x$fpl$dadd) for __aeabi_dadd
    ms5611.o(.text) refers to fleqf.o(x$fpl$fleqf) for __aeabi_cfcmple
    ms5611.o(.text) refers to faddsub_clz.o(x$fpl$fsub) for __aeabi_fsub
    ms5611.o(.text) refers to dmul.o(x$fpl$dmul) for __aeabi_dmul
    ms5611.o(.text) refers to d2f.o(x$fpl$d2f) for __aeabi_d2f
    ms5611.o(.text) refers to daddsub_clz.o(x$fpl$drsb) for __aeabi_drsub
    ms5611.o(.text) refers to daddsub_clz.o(x$fpl$dsub) for __aeabi_dsub
    ms5611.o(.text) refers to ffix.o(x$fpl$ffix) for __aeabi_f2iz
    ms5611.o(.text) refers to noretval__2printf.o(.text) for __2printf
    ms5611.o(.text) refers to ms5611.o(.bss) for Cal_C
    ms5611.o(.text) refers to ms5611.o(.data) for D2_Temp
    hmc5883l.o(.text) refers to _printf_percent.o(.ARM.Collect$$_printf_percent$$00000000) for _printf_percent
[...]
    .ARM.Collect$$rtentry$$00000000          0x08000168   Section        0  __rtentry.o(.ARM.Collect$$rtentry$$00000000)
    .ARM.Collect$$rtentry$$00000002          0x08000168   Section        0  __rtentry2.o(.ARM.Collect$$rtentry$$00000002)
    .ARM.Collect$$rtentry$$00000004          0x08000168   Section        6  __rtentry4.o(.ARM.Collect$$rtentry$$00000004)
    .ARM.Collect$$rtentry$$00000009          0x0800016e   Section        0  __rtentry2.o(.ARM.Collect$$rtentry$$00000009)
    .ARM.Collect$$rtentry$$0000000A          0x0800016e   Section        4  __rtentry2.o(.ARM.Collect$$rtentry$$0000000A)
    .ARM.Collect$$rtentry$$0000000C          0x08000172   Section        0  __rtentry2.o(.ARM.Collect$$rtentry$$0000000C)
    .ARM.Collect$$rtentry$$0000000D          0x08000172   Section        8  __rtentry2.o(.ARM.Collect$$rtentry$$0000000D)
    .ARM.Collect$$rtexit$$00000000           0x0800017a   Section        2  rtexit.o(.ARM.Collect$$rtexit$$00000000)
    .ARM.Collect$$rtexit$$00000002           0x0800017c   Section        0  rtexit2.o(.ARM.Collect$$rtexit$$00000002)
    .ARM.Collect$$rtexit$$00000003           0x0800017c   Section        4  rtexit2.o(.ARM.Collect$$rtexit$$00000003)
    .ARM.Collect$$rtexit$$00000004           0x08000180   Section        6  rtexit2.o(.ARM.Collect$$rtexit$$00000004)
    .text                                    0x08000188   Section        0  main.o(.text)
    .text                                    0x08000360   Section        0  stm32f10x_it.o(.text)
    .text                                    0x08000378   Section        0  system_stm32f10x.o(.text)
    SetSysClockTo72                          0x08000379   Thumb Code   214  system_stm32f10x.o(.text)
    SetSysClock                              0x0800044f   Thumb Code     8  system_stm32f10x.o(.text)
    .text                                    0x08000558   Section        0  led.o(.text)
    .text                                    0x08000688   Section        0  24l01.o(.text)
    .text                                    0x080009c0   Section        0  adc.o(.text)
    .text                                    0x08000ad0   Section        0  pwm.o(.text)
    .text                                    0x08000d2c   Section        0  mp6050.o(.text)
    .text                                    0x08001200   Section        0  timer.o(.text)
    .text                                    0x08001298   Section        0  control.o(.text)
    .text                                    0x080018d0   Section        0  imu.o(.text)
    KalmanFilter_x                           0x080018d1   Thumb Code   170  imu.o(.text)
    KalmanFilter_y                           0x0800197b   Thumb Code   170  imu.o(.text)
    KalmanFilter_z                           0x08001a25   Thumb Code   170  imu.o(.text)
    .text                                    0x08002194   Section        0  param.o(.text)
    .text                                    0x08002288   Section       64  startup_stm32f10x_md.o(.text)
    .text                                    0x080022c8   Section        0  misc.o(.text)
    .text                                    0x080023a4   Section        0  stm32f10x_gpio.o(.text)
    .text                                    0x08002700   Section        0  stm32f10x_rcc.o(.text)
    .text                                    0x08002aa4   Section        0  stm32f10x_usart.o(.text)
    .text                                    0x08002eac   Section        0  stm32f10x_adc.o(.text)
    .text                                    0x080032fc   Section        0  stm32f10x_spi.o(.text)
    .text                                    0x08003608   Section        0  stm32f10x_tim.o(.text)
    TI4_Config                               0x08003aaf   Thumb Code   130  stm32f10x_tim.o(.text)
    TI3_Config                               0x08003b43   Thumb Code   122  stm32f10x_tim.o(.text)
    TI2_Config                               0x08003bd7   Thumb Code   130  stm32f10x_tim.o(.text)
    TI1_Config                               0x08003c6b   Thumb Code   108  stm32f10x_tim.o(.text)
    .text                                    0x08004424   Section        0  delay.o(.text)
    .text                                    0x080044f8   Section        0  usart.o(.text)
    .text                                    0x08004638   Section        0  spi.o(.text)
    .text                                    0x0800473c   Section        0  iic.o(.text)
    .text                                    0x08004b7c   Section        2  use_no_semi_2.o(.text)
    .text                                    0x08004b7e   Section        0  heapauxi.o(.text)
    .text                                    0x08004b84   Section        2  use_no_semi.o(.text)
    .text                                    0x08004b86   Section        0  _rserrno.o(.text)
    .text                                    0x08004b9c   Section        8  rt_errno_addr_intlibspace.o(.text)
    .text                                    0x08004ba4   Section        8  libspace.o(.text)
    .text                                    0x08004bac   Section       74  sys_stackheap_outer.o(.text)
    .text                                    0x08004bf6   Section        0  exit.o(.text)
    i.__ARM_fpclassify                       0x08004c08   Section        0  fpclassify.o(i.__ARM_fpclassify)
    i.__ieee754_rem_pio2                     0x08004c30   Section        0  rred.o(i.__ieee754_rem_pio2)
    i.__kernel_cos                           0x08004fb8   Section        0  cos_i.o(i.__kernel_cos)
    i.__kernel_poly                          0x080050b4   Section        0  poly.o(i.__kernel_poly)
    i.__kernel_sin                           0x08005160   Section        0  sin_i.o(i.__kernel_sin)
    i.__mathlib_dbl_infnan                   0x0800524c   Section        0  dunder.o(i.__mathlib_dbl_infnan)
    i.__mathlib_dbl_infnan2                  0x08005252   Section        0  dunder.o(i.__mathlib_dbl_infnan2)
    i.__mathlib_dbl_invalid                  0x08005256   Section        0  dunder.o(i.__mathlib_dbl_invalid)
    i.__mathlib_dbl_underflow                0x08005264   Section        0  dunder.o(i.__mathlib_dbl_underflow)
    i.asin                                   0x08005274   Section        0  asin.o(i.asin)
    i.atan                                   0x080054e4   Section        0  atan.o(i.atan)
    i.atan2                                  0x08005704   Section        0  atan2.o(i.atan2)
    i.cos                                    0x08005884   Section        0  cos.o(i.cos)
    i.sqrt                                   0x08005920   Section        0  sqrt.o(i.sqrt)
    x$fpl$d2f                                0x0800596c   Section       98  d2f.o(x$fpl$d2f)
    x$fpl$dadd                               0x080059d0   Section      336  daddsub_clz.o(x$fpl$dadd)
    _dadd1                                   0x080059e1   Thumb Code     0  daddsub_clz.o(x$fpl$dadd)
    x$fpl$dcheck1                            0x08005b20   Section       16  dcheck1.o(x$fpl$dcheck1)
    x$fpl$ddiv                               0x08005b30   Section      688  ddiv.o(x$fpl$ddiv)
    ddiv_entry                               0x08005b37   Thumb Code     0  ddiv.o(x$fpl$ddiv)
    x$fpl$dfix                               0x08005de0   Section       94  dfix.o(x$fpl$dfix)
    x$fpl$dfixu                              0x08005e40   Section       90  dfixu.o(x$fpl$dfixu)
    x$fpl$dflt                               0x08005e9a   Section       46  dflt_clz.o(x$fpl$dflt)
    x$fpl$dfltu                              0x08005ec8   Section       38  dflt_clz.o(x$fpl$dfltu)
    x$fpl$dmul                               0x08005ef0   Section      340  dmul.o(x$fpl$dmul)
    x$fpl$dnaninf                            0x08006044   Section      156  dnaninf.o(x$fpl$dnaninf)
    x$fpl$dretinf                            0x080060e0   Section       12  dretinf.o(x$fpl$dretinf)
    x$fpl$drsb                               0x080060ec   Section       22  daddsub_clz.o(x$fpl$drsb)
    x$fpl$dsqrt                              0x08006104   Section      460  dsqrt_noumaal.o(x$fpl$dsqrt)
    x$fpl$dsub                               0x080062d0   Section      468  daddsub_clz.o(x$fpl$dsub)
    _dsub1                                   0x080062e1   Thumb Code     0  daddsub_clz.o(x$fpl$dsub)
    x$fpl$f2d                                0x080064a4   Section       86  f2d.o(x$fpl$f2d)
    x$fpl$fadd                               0x080064fc   Section      196  faddsub_clz.o(x$fpl$fadd)
    _fadd1                                   0x0800650b   Thumb Code     0  faddsub_clz.o(x$fpl$fadd)
    x$fpl$fcmpinf                            0x080065c0   Section       24  fcmpi.o(x$fpl$fcmpinf)
    x$fpl$feqf                               0x080065d8   Section      104  feqf.o(x$fpl$feqf)
    x$fpl$ffix                               0x08006640   Section       54  ffix.o(x$fpl$ffix)
    x$fpl$fflt                               0x08006678   Section       48  fflt_clz.o(x$fpl$fflt)
    x$fpl$fleqf                              0x080066a8   Section      104  fleqf.o(x$fpl$fleqf)
    x$fpl$fmul                               0x08006710   Section      258  fmul.o(x$fpl$fmul)
    x$fpl$fnaninf                            0x08006812   Section      140  fnaninf.o(x$fpl$fnaninf)
    x$fpl$fretinf                            0x0800689e   Section       10  fretinf.o(x$fpl$fretinf)
    x$fpl$frleqf                             0x080068a8   Section       98  frleqf.o(x$fpl$frleqf)
    x$fpl$frsb                               0x0800690a   Section       20  faddsub_clz.o(x$fpl$frsb)
    x$fpl$fsub                               0x08006920   Section      234  faddsub_clz.o(x$fpl$fsub)
    _fsub1                                   0x0800692f   Thumb Code     0  faddsub_clz.o(x$fpl$fsub)
    x$fpl$retnan                             0x08006a0a   Section      100  retnan.o(x$fpl$retnan)
    x$fpl$scalbn                             0x08006a6e   Section       92  scalbn.o(x$fpl$scalbn)
    x$fpl$trapveneer                         0x08006aca   Section       48  trapv.o(x$fpl$trapveneer)
    .constdata                               0x08006afa   Section       10  24l01.o(.constdata)
    x$fpl$usenofp                            0x08006afa   Section        0  usenofp.o(x$fpl$usenofp)
    .constdata                               0x08006b08   Section       80  asin.o(.constdata)
    pS                                       0x08006b08   Data          48  asin.o(.constdata)
    qS                                       0x08006b38   Data          32  asin.o(.constdata)
    .constdata                               0x08006b58   Section      152  atan.o(.constdata)
    atanhi                                   0x08006b58   Data          32  atan.o(.constdata)
    atanlo                                   0x08006b78   Data          32  atan.o(.constdata)
    aTodd                                    0x08006b98   Data          40  atan.o(.constdata)
    aTeven                                   0x08006bc0   Data          48  atan.o(.constdata)
    .constdata                               0x08006bf0   Section       48  cos_i.o(.constdata)
    C                                        0x08006bf0   Data          48  cos_i.o(.constdata)
    .constdata                               0x08006c20   Section        8  qnan.o(.constdata)
    .constdata                               0x08006c28   Section      200  rred.o(.constdata)
    pio2s                                    0x08006c28   Data          48  rred.o(.constdata)
    twooverpi                                0x08006c58   Data         152  rred.o(.constdata)
    .constdata                               0x08006cf0   Section       40  sin_i.o(.constdata)
    S                                        0x08006cf0   Data          40  sin_i.o(.constdata)
    .data                                    0x20000000   Section        3  main.o(.data)
    .data                                    0x20000004   Section       20  system_stm32f10x.o(.data)
    .data                                    0x20000018   Section       61  mp6050.o(.data)
    tempax                                   0x20000048   Data           4  mp6050.o(.data)
    tempay                                   0x2000004c   Data           4  mp6050.o(.data)
    tempaz                                   0x20000050   Data           4  mp6050.o(.data)
    cnt_a                                    0x20000054   Data           1  mp6050.o(.data)
    .data                                    0x20000058   Section       20  control.o(.data)
    ms1                                      0x20000060   Data           2  control.o(.data)
    roll_old                                 0x20000064   Data           4  control.o(.data)
    pitch_old                                0x20000068   Data           4  control.o(.data)
    .data                                    0x20000070   Section       80  imu.o(.data)
    x_last                                   0x20000090   Data           8  imu.o(.data)
    p_last                                   0x20000098   Data           8  imu.o(.data)
    x_last                                   0x200000a0   Data           8  imu.o(.data)
    p_last                                   0x200000a8   Data           8  imu.o(.data)
    x_last                                   0x200000b0   Data           8  imu.o(.data)
    p_last                                   0x200000b8   Data           8  imu.o(.data)
    .data                                    0x200000c0   Section       20  stm32f10x_rcc.o(.data)
    APBAHBPrescTable                         0x200000c0   Data          16  stm32f10x_rcc.o(.data)
    ADCPrescTable                            0x200000d0   Data           4  stm32f10x_rcc.o(.data)
    .data                                    0x200000d4   Section        4  delay.o(.data)
    fac_us                                   0x200000d4   Data           1  delay.o(.data)
    fac_ms                                   0x200000d6   Data           2  delay.o(.data)
    .data                                    0x200000d8   Section        6  usart.o(.data)
    .bss                                     0x200000e0   Section       56  main.o(.bss)
    .bss                                     0x20000118   Section       86  mp6050.o(.bss)
    .bss                                     0x20000170   Section      220  control.o(.bss)
    .bss                                     0x2000024c   Section       12  imu.o(.bss)
    .bss                                     0x20000258   Section      200  usart.o(.bss)
    .bss                                     0x20000320   Section       96  libspace.o(.bss)
    HEAP                                     0x20000380   Section      512  startup_stm32f10x_md.o(HEAP)
    Heap_Mem                                 0x20000380   Data         512  startup_stm32f10x_md.o(HEAP)
    STACK                                    0x20000580   Section     1024  startup_stm32f10x_md.o(STACK)
    Stack_Mem                                0x20000580   Data        1024  startup_stm32f10x_md.o(STACK)
    __initial_sp                             0x20000980   Data           0  startup_stm32f10x_md.o(STACK)

    Global Symbols

    Symbol Name                              Value     Ov Type        Size  Object(Section)

    BuildAttributes$$THM_ISAv4$P$D$K$B$S$PE$A:L22UL41UL21$X:L11$S22US41US21$IEEE1$IW$USESV6$~STKCKD$USESV7$~SHL$OTIME$ROPI$IEEEX$EBA8$UX$STANDARDLIB$REQ8$PRES8$EABIv2 0x00000000   Number         0  anon$$obj.o ABSOLUTE
    __ARM_use_no_argv                        0x00000000   Number         0  main.o ABSOLUTE
    _printf_flags                            0x00000000   Number         0  printf_stubs.o ABSOLUTE
    _printf_return_value                     0x00000000   Number         0  printf_stubs.o ABSOLUTE
    _printf_sizespec                         0x00000000   Number         0  printf_stubs.o ABSOLUTE
    _printf_widthprec                        0x00000000   Number         0  printf_stubs.o ABSOLUTE
    __ARM_exceptions_init                     - Undefined Weak Reference
    __alloca_initialize                       - Undefined Weak Reference
    __arm_preinit_                            - Undefined Weak Reference
    __cpp_initialize__aeabi_                  - Undefined Weak Reference
    __cxa_finalize                            - Undefined Weak Reference
    __sigvec_lookup                           - Undefined Weak Reference
    _atexit_init                              - Undefined Weak Reference
    _call_atexit_fns                          - Undefined Weak Reference
    _clock_init                               - Undefined Weak Reference
    _fp_trap_init                             - Undefined Weak Reference
    _fp_trap_shutdown                         - Undefined Weak Reference
    _get_lc_collate                           - Undefined Weak Reference
    _get_lc_ctype                             - Undefined Weak Reference
    _get_lc_monetary                          - Undefined Weak Reference
    _get_lc_time                              - Undefined Weak Reference
    _getenv_init                              - Undefined Weak Reference
    _handle_redirection                       - Undefined Weak Reference
    _init_alloc                               - Undefined Weak Reference
    _init_user_alloc                          - Undefined Weak Reference
    _initio                                   - Undefined Weak Reference
    _mutex_acquire                            - Undefined Weak Reference
    _mutex_release                            - Undefined Weak Reference
    _printf_mbtowc                            - Undefined Weak Reference
    _printf_truncate_signed                   - Undefined Weak Reference
    _printf_truncate_unsigned                 - Undefined Weak Reference
    _rand_init                                - Undefined Weak Reference
    _signal_finish                            - Undefined Weak Reference
    _signal_init                              - Undefined Weak Reference
    _terminate_alloc                          - Undefined Weak Reference
    _terminate_user_alloc                     - Undefined Weak Reference
    _terminateio                              - Undefined Weak Reference
    __Vectors_Size                           0x000000ec   Number         0  startup_stm32f10x_md.o ABSOLUTE
    __Vectors                                0x08000000   Data           4  startup_stm32f10x_md.o(RESET)
    __Vectors_End                            0x080000ec   Data           0  startup_stm32f10x_md.o(RESET)
    __main                                   0x080000ed   Thumb Code     8  __main.o(!!!main)
    __scatterload                            0x080000f5   Thumb Code     0  __scatter.o(!!!scatter)
    __scatterload_rt2                        0x080000f5   Thumb Code    44  __scatter.o(!!!scatter)
    __scatterload_rt2_thumb_only             0x080000f5   Thumb Code     0  __scatter.o(!!!scatter)
    __scatterload_null                       0x08000103   Thumb Code     0  __scatter.o(!!!scatter)
    __scatterload_copy                       0x08000129   Thumb Code    26  __scatter_copy.o(!!handler_copy)
    __scatterload_zeroinit                   0x08000145   Thumb Code    28  __scatter_zi.o(!!handler_zi)
    __rt_lib_init                            0x08000161   Thumb Code     0  libinit.o(.ARM.Collect$$libinit$$00000000)
    __rt_lib_init_alloca_1                   0x08000163   Thumb Code     0  libinit2.o(.ARM.Collect$$libinit$$0000002E)
    __rt_lib_init_argv_1                     0x08000163   Thumb Code     0  libinit2.o(.ARM.Collect$$libinit$$0000002C)
    __rt_lib_init_atexit_1                   0x08000163   Thumb Code     0  libinit2.o(.ARM.Collect$$libinit$$0000001B)
    __rt_lib_init_clock_1                    0x08000163   Thumb Code     0  libinit2.o(.ARM.Collect$$libinit$$00000021)
    __rt_lib_init_cpp_1                      0x08000163   Thumb Code     0  libinit2.o(.ARM.Collect$$libinit$$00000032)
    __rt_lib_init_exceptions_1               0x08000163   Thumb Code     0  libinit2.o(.ARM.Collect$$libinit$$00000030)
    __rt_lib_init_fp_1                       0x08000163   Thumb Code     0  libinit2.o(.ARM.Collect$$libinit$$00000002)
    __rt_lib_init_fp_trap_1                  0x08000163   Thumb Code     0  libinit2.o(.ARM.Collect$$libinit$$0000001F)
    __rt_lib_init_getenv_1                   0x08000163   Thumb Code     0  libinit2.o(.ARM.Collect$$libinit$$00000023)
    __rt_lib_init_heap_1                     0x08000163   Thumb Code     0  libinit2.o(.ARM.Collect$$libinit$$0000000A)
    __rt_lib_init_lc_collate_1               0x08000163   Thumb Code     0  libinit2.o(.ARM.Collect$$libinit$$00000011)
    __rt_lib_init_lc_ctype_1                 0x08000163   Thumb Code     0  libinit2.o(.ARM.Collect$$libinit$$00000013)
    __rt_lib_init_lc_monetary_1              0x08000163   Thumb Code     0  libinit2.o(.ARM.Collect$$libinit$$00000015)
    __rt_lib_init_lc_numeric_1               0x08000163   Thumb Code     0  libinit2.o(.ARM.Collect$$libinit$$00000017)
    __rt_lib_init_lc_time_1                  0x08000163   Thumb Code     0  libinit2.o(.ARM.Collect$$libinit$$00000019)
    __rt_lib_init_preinit_1                  0x08000163   Thumb Code     0  libinit2.o(.ARM.Collect$$libinit$$00000004)
    __rt_lib_init_rand_1                     0x08000163   Thumb Code     0  libinit2.o(.ARM.Collect$$libinit$$0000000E)
    __rt_lib_init_return                     0x08000163   Thumb Code     0  libinit2.o(.ARM.Collect$$libinit$$00000033)
    __rt_lib_init_signal_1                   0x08000163   Thumb Code     0  libinit2.o(.ARM.Collect$$libinit$$0000001D)
    __rt_lib_init_stdio_1                    0x08000163   Thumb Code     0  libinit2.o(.ARM.Collect$$libinit$$00000025)
    __rt_lib_init_user_alloc_1               0x08000163   Thumb Code     0  libinit2.o(.ARM.Collect$$libinit$$0000000C)
    __rt_lib_shutdown                        0x08000165   Thumb Code     0  libshutdown.o(.ARM.Collect$$libshutdown$$00000000)
    __rt_lib_shutdown_cpp_1                  0x08000167   Thumb Code     0  libshutdown2.o(.ARM.Collect$$libshutdown$$00000002)
    __rt_lib_shutdown_fp_trap_1              0x08000167   Thumb Code     0  libshutdown2.o(.ARM.Collect$$libshutdown$$00000007)
    __rt_lib_shutdown_heap_1                 0x08000167   Thumb Code     0  libshutdown2.o(.ARM.Collect$$libshutdown$$0000000F)
    __rt_lib_shutdown_return                 0x08000167   Thumb Code     0  libshutdown2.o(.ARM.Collect$$libshutdown$$00000010)
    __rt_lib_shutdown_signal_1               0x08000167   Thumb Code     0  libshutdown2.o(.ARM.Collect$$libshutdown$$0000000A)
    __rt_lib_shutdown_stdio_1                0x08000167   Thumb Code     0  libshutdown2.o(.ARM.Collect$$libshutdown$$00000004)
    __rt_lib_shutdown_user_alloc_1           0x08000167   Thumb Code     0  libshutdown2.o(.ARM.Collect$$libshutdown$$0000000C)
    __rt_entry                               0x08000169   Thumb Code     0  __rtentry.o(.ARM.Collect$$rtentry$$00000000)
    __rt_entry_presh_1                       0x08000169   Thumb Code     0  __rtentry2.o(.ARM.Collect$$rtentry$$00000002)
    __rt_entry_sh                            0x08000169   Thumb Code     0  __rtentry4.o(.ARM.Collect$$rtentry$$00000004)
    __rt_entry_li                            0x0800016f   Thumb Code     0  __rtentry2.o(.ARM.Collect$$rtentry$$0000000A)
    __rt_entry_postsh_1                      0x0800016f   Thumb Code     0  __rtentry2.o(.ARM.Collect$$rtentry$$00000009)
    __rt_entry_main                          0x08000173   Thumb Code     0  __rtentry2.o(.ARM.Collect$$rtentry$$0000000D)
    __rt_entry_postli_1                      0x08000173   Thumb Code     0  __rtentry2.o(.ARM.Collect$$rtentry$$0000000C)
    __rt_exit                                0x0800017b   Thumb Code     0  rtexit.o(.ARM.Collect$$rtexit$$00000000)
    __rt_exit_ls                             0x0800017d   Thumb Code     0  rtexit2.o(.ARM.Collect$$rtexit$$00000003)
    __rt_exit_prels_1                        0x0800017d   Thumb Code     0  rtexit2.o(.ARM.Collect$$rtexit$$00000002)
    __rt_exit_exit                           0x08000181   Thumb Code     0  rtexit2.o(.ARM.Collect$$rtexit$$00000004)
    init_main                                0x08000189   Thumb Code    78  main.o(.text)
    NRF24L01_TX_main                         0x080001d7   Thumb Code    28  main.o(.text)
    NRF24L01_RX_mian                         0x080001f3   Thumb Code   198  main.o(.text)
    Choice_mode                              0x080002b9   Thumb Code    30  main.o(.text)
    adc_get                                  0x080002d7   Thumb Code    18  main.o(.text)
    main                                     0x080002e9   Thumb Code   100  main.o(.text)
    NMI_Handler                              0x08000361   Thumb Code     2  stm32f10x_it.o(.text)
    HardFault_Handler                        0x08000363   Thumb Code     4  stm32f10x_it.o(.text)
    MemManage_Handler                        0x08000367   Thumb Code     4  stm32f10x_it.o(.text)
    BusFault_Handler                         0x0800036b   Thumb Code     4  stm32f10x_it.o(.text)
    UsageFault_Handler                       0x0800036f   Thumb Code     4  stm32f10x_it.o(.text)
    SVC_Handler                              0x08000373   Thumb Code     2  stm32f10x_it.o(.text)
    DebugMon_Handler                         0x08000375   Thumb Code     2  stm32f10x_it.o(.text)
    PendSV_Handler                           0x08000377   Thumb Code     2  stm32f10x_it.o(.text)
    SystemInit                               0x08000457   Thumb Code    78  system_stm32f10x.o(.text)
    SystemCoreClockUpdate                    0x080004a5   Thumb Code   142  system_stm32f10x.o(.text)
    Init_LEDpin                              0x08000559   Thumb Code    50  led.o(.text)
    LED_Flash                                0x0800058b   Thumb Code   242  led.o(.text)
    NRF24L01_Init                            0x08000689   Thumb Code   206  24l01.o(.text)
    NRF24L01_Read_Buf                        0x08000757   Thumb Code    56  24l01.o(.text)
    NRF24L01_Write_Buf                       0x0800078f   Thumb Code    56  24l01.o(.text)
    NRF24L01_Check                           0x080007c7   Thumb Code    72  24l01.o(.text)
    NRF24L01_Write_Reg                       0x0800080f   Thumb Code    38  24l01.o(.text)
    NRF24L01_Read_Reg                        0x08000835   Thumb Code    36  24l01.o(.text)
    NRF24L01_TxPacket                        0x08000859   Thumb Code    94  24l01.o(.text)
    NRF24L01_RxPacket                        0x080008b7   Thumb Code    58  24l01.o(.text)
    NRF24L01_RX_Mode                         0x080008f1   Thumb Code    76  24l01.o(.text)
    NRF24L01_TX_Mode                         0x0800093d   Thumb Code    86  24l01.o(.text)
    Adc_Init                                 0x080009c1   Thumb Code   132  adc.o(.text)
    Get_Adc                                  0x08000a45   Thumb Code    46  adc.o(.text)
    Get_Adc_Average                          0x08000a73   Thumb Code    76  adc.o(.text)
    PWM_init                                 0x08000ad1   Thumb Code   410  pwm.o(.text)
    motor                                    0x08000c6b   Thumb Code   186  pwm.o(.text)
    Init_MPU6050                             0x08000d2d   Thumb Code    74  mp6050.o(.text)
    MPU6050_WHO_AM_I                         0x08000d77   Thumb Code    36  mp6050.o(.text)
    MPU6050_Read                             0x08000d9b   Thumb Code   148  mp6050.o(.text)
    MPU6050_Dataanl                          0x08000e2f   Thumb Code   508  mp6050.o(.text)
    Gyro_OFFSET                              0x0800102b   Thumb Code   464  mp6050.o(.text)
    TIM3_Init                                0x08001201   Thumb Code    74  timer.o(.text)
    Nvic_Init                                0x0800124b   Thumb Code    72  timer.o(.text)
    CONTROL                                  0x08001299   Thumb Code  1492  control.o(.text)
    TIM3_IRQHandler                          0x0800186d   Thumb Code    70  control.o(.text)
    Q_rsqrt                                  0x08001acf   Thumb Code    74  imu.o(.text)
    FL_ABS                                   0x08001b19   Thumb Code    24  imu.o(.text)
    VariableParameter                        0x08001b31   Thumb Code    92  imu.o(.text)
    Prepare_Data                             0x08001b8d   Thumb Code   148  imu.o(.text)
    IMUupdate                                0x08001c21   Thumb Code  1284  imu.o(.text)
    Get_Attitude                             0x08002125   Thumb Code    58  imu.o(.text)
    paramLoad                                0x08002195   Thumb Code   212  param.o(.text)
    Reset_Handler                            0x08002289   Thumb Code     8  startup_stm32f10x_md.o(.text)
    SysTick_Handler                          0x080022a1   Thumb Code     2  startup_stm32f10x_md.o(.text)
    ADC1_2_IRQHandler                        0x080022a3   Thumb Code     0  startup_stm32f10x_md.o(.text)
    CAN1_RX1_IRQHandler                      0x080022a3   Thumb Code     0  startup_stm32f10x_md.o(.text)
    CAN1_SCE_IRQHandler                      0x080022a3   Thumb Code     0  startup_stm32f10x_md.o(.text)
    DMA1_Channel1_IRQHandler                 0x080022a3   Thumb Code     0  startup_stm32f10x_md.o(.text)
    DMA1_Channel2_IRQHandler                 0x080022a3   Thumb Code     0  startup_stm32f10x_md.o(.text)
    DMA1_Channel3_IRQHandler                 0x080022a3   Thumb Code     0  startup_stm32f10x_md.o(.text)
    DMA1_Channel4_IRQHandler                 0x080022a3   Thumb Code     0  startup_stm32f10x_md.o(.text)
    DMA1_Channel5_IRQHandler                 0x080022a3   Thumb Code     0  startup_stm32f10x_md.o(.text)
    DMA1_Channel6_IRQHandler                 0x080022a3   Thumb Code     0  startup_stm32f10x_md.o(.text)
    DMA1_Channel7_IRQHandler                 0x080022a3   Thumb Code     0  startup_stm32f10x_md.o(.text)
    EXTI0_IRQHandler                         0x080022a3   Thumb Code     0  startup_stm32f10x_md.o(.text)
    EXTI15_10_IRQHandler                     0x080022a3   Thumb Code     0  startup_stm32f10x_md.o(.text)
    EXTI1_IRQHandler                         0x080022a3   Thumb Code     0  startup_stm32f10x_md.o(.text)
    EXTI2_IRQHandler                         0x080022a3   Thumb Code     0  startup_stm32f10x_md.o(.text)
    EXTI3_IRQHandler                         0x080022a3   Thumb Code     0  startup_stm32f10x_md.o(.text)
    EXTI4_IRQHandler                         0x080022a3   Thumb Code     0  startup_stm32f10x_md.o(.text)
    EXTI9_5_IRQHandler                       0x080022a3   Thumb Code     0  startup_stm32f10x_md.o(.text)
    FLASH_IRQHandler                         0x080022a3   Thumb Code     0  startup_stm32f10x_md.o(.text)
    I2C1_ER_IRQHandler                       0x080022a3   Thumb Code     0  startup_stm32f10x_md.o(.text)
    I2C1_EV_IRQHandler                       0x080022a3   Thumb Code     0  startup_stm32f10x_md.o(.text)
    I2C2_ER_IRQHandler                       0x080022a3   Thumb Code     0  startup_stm32f10x_md.o(.text)
    I2C2_EV_IRQHandler                       0x080022a3   Thumb Code     0  startup_stm32f10x_md.o(.text)
    PVD_IRQHandler                           0x080022a3   Thumb Code     0  startup_stm32f10x_md.o(.text)
    RCC_IRQHandler                           0x080022a3   Thumb Code     0  startup_stm32f10x_md.o(.text)
    RTCAlarm_IRQHandler                      0x080022a3   Thumb Code     0  startup_stm32f10x_md.o(.text)
    RTC_IRQHandler                           0x080022a3   Thumb Code     0  startup_stm32f10x_md.o(.text)
    SPI1_IRQHandler                          0x080022a3   Thumb Code     0  startup_stm32f10x_md.o(.text)
    SPI2_IRQHandler                          0x080022a3   Thumb Code     0  startup_stm32f10x_md.o(.text)
    TAMPER_IRQHandler                        0x080022a3   Thumb Code     0  startup_stm32f10x_md.o(.text)
    TIM1_BRK_IRQHandler                      0x080022a3   Thumb Code     0  startup_stm32f10x_md.o(.text)
    TIM1_CC_IRQHandler                       0x080022a3   Thumb Code     0  startup_stm32f10x_md.o(.text)
    TIM1_TRG_COM_IRQHandler                  0x080022a3   Thumb Code     0  startup_stm32f10x_md.o(.text)
    TIM1_UP_IRQHandler                       0x080022a3   Thumb Code     0  startup_stm32f10x_md.o(.text)
    TIM2_IRQHandler                          0x080022a3   Thumb Code     0  startup_stm32f10x_md.o(.text)
    TIM4_IRQHandler                          0x080022a3   Thumb Code     0  startup_stm32f10x_md.o(.text)
    USART2_IRQHandler                        0x080022a3   Thumb Code     0  startup_stm32f10x_md.o(.text)
    USART3_IRQHandler                        0x080022a3   Thumb Code     0  startup_stm32f10x_md.o(.text)
    USBWakeUp_IRQHandler                     0x080022a3   Thumb Code     0  startup_stm32f10x_md.o(.text)
    USB_HP_CAN1_TX_IRQHandler                0x080022a3   Thumb Code     0  startup_stm32f10x_md.o(.text)
    USB_LP_CAN1_RX0_IRQHandler               0x080022a3   Thumb Code     0  startup_stm32f10x_md.o(.text)
    WWDG_IRQHandler                          0x080022a3   Thumb Code     0  startup_stm32f10x_md.o(.text)
    __user_initial_stackheap                 0x080022a5   Thumb Code     0  startup_stm32f10x_md.o(.text)
    NVIC_PriorityGroupConfig                 0x080022c9   Thumb Code    10  misc.o(.text)
    NVIC_Init                                0x080022d3   Thumb Code   100  misc.o(.text)
    NVIC_SetVectorTable                      0x08002337   Thumb Code    14  misc.o(.text)
    NVIC_SystemLPConfig                      0x08002345   Thumb Code    34  misc.o(.text)
    SysTick_CLKSourceConfig                  0x08002367   Thumb Code    40  misc.o(.text)
    GPIO_DeInit                              0x080023a5   Thumb Code   172  stm32f10x_gpio.o(.text)
    GPIO_AFIODeInit                          0x08002451   Thumb Code    20  stm32f10x_gpio.o(.text)
    GPIO_Init                                0x08002465   Thumb Code   278  stm32f10x_gpio.o(.text)
    GPIO_StructInit                          0x0800257b   Thumb Code    16  stm32f10x_gpio.o(.text)
    GPIO_ReadInputDataBit                    0x0800258b   Thumb Code    18  stm32f10x_gpio.o(.text)
    GPIO_ReadInputData                       0x0800259d   Thumb Code     8  stm32f10x_gpio.o(.text)
    GPIO_ReadOutputDataBit                   0x080025a5   Thumb Code    18  stm32f10x_gpio.o(.text)
    GPIO_ReadOutputData                      0x080025b7   Thumb Code     8  stm32f10x_gpio.o(.text)
    GPIO_SetBits                             0x080025bf   Thumb Code     4  stm32f10x_gpio.o(.text)
    GPIO_ResetBits                           0x080025c3   Thumb Code     4  stm32f10x_gpio.o(.text)
    GPIO_WriteBit                            0x080025c7   Thumb Code    10  stm32f10x_gpio.o(.text)
    GPIO_Write                               0x080025d1   Thumb Code     4  stm32f10x_gpio.o(.text)
    GPIO_PinLockConfig                       0x080025d5   Thumb Code    18  stm32f10x_gpio.o(.text)
    GPIO_EventOutputConfig                   0x080025e7   Thumb Code    26  stm32f10x_gpio.o(.text)
    GPIO_EventOutputCmd                      0x08002601   Thumb Code     6  stm32f10x_gpio.o(.text)
    GPIO_PinRemapConfig                      0x08002607   Thumb Code   138  stm32f10x_gpio.o(.text)
    GPIO_EXTILineConfig                      0x08002691   Thumb Code    66  stm32f10x_gpio.o(.text)
    GPIO_ETH_MediaInterfaceConfig            0x080026d3   Thumb Code     8  stm32f10x_gpio.o(.text)
    RCC_DeInit                               0x08002701   Thumb Code    64  stm32f10x_rcc.o(.text)
    RCC_HSEConfig                            0x08002741   Thumb Code    70  stm32f10x_rcc.o(.text)
    RCC_GetFlagStatus                        0x08002787   Thumb Code    56  stm32f10x_rcc.o(.text)
    RCC_WaitForHSEStartUp                    0x080027bf   Thumb Code    56  stm32f10x_rcc.o(.text)
    RCC_AdjustHSICalibrationValue            0x080027f7   Thumb Code    20  stm32f10x_rcc.o(.text)
    RCC_HSICmd                               0x0800280b   Thumb Code     6  stm32f10x_rcc.o(.text)
    RCC_PLLConfig                            0x08002811   Thumb Code    24  stm32f10x_rcc.o(.text)
    RCC_PLLCmd                               0x08002829   Thumb Code     6  stm32f10x_rcc.o(.text)
    RCC_SYSCLKConfig                         0x0800282f   Thumb Code    18  stm32f10x_rcc.o(.text)
    RCC_GetSYSCLKSource                      0x08002841   Thumb Code    10  stm32f10x_rcc.o(.text)
    RCC_HCLKConfig                           0x0800284b   Thumb Code    18  stm32f10x_rcc.o(.text)
    RCC_PCLK1Config                          0x0800285d   Thumb Code    18  stm32f10x_rcc.o(.text)
    RCC_PCLK2Config                          0x0800286f   Thumb Code    20  stm32f10x_rcc.o(.text)
    RCC_ITConfig                             0x08002883   Thumb Code    26  stm32f10x_rcc.o(.text)
    RCC_USBCLKConfig                         0x0800289d   Thumb Code     8  stm32f10x_rcc.o(.text)
    RCC_ADCCLKConfig                         0x080028a5   Thumb Code    18  stm32f10x_rcc.o(.text)
    RCC_LSEConfig                            0x080028b7   Thumb Code    50  stm32f10x_rcc.o(.text)
    RCC_LSICmd                               0x080028e9   Thumb Code     6  stm32f10x_rcc.o(.text)
    RCC_RTCCLKConfig                         0x080028ef   Thumb Code    12  stm32f10x_rcc.o(.text)
    RCC_RTCCLKCmd                            0x080028fb   Thumb Code     8  stm32f10x_rcc.o(.text)
    RCC_GetClocksFreq                        0x08002903   Thumb Code   192  stm32f10x_rcc.o(.text)
    RCC_AHBPeriphClockCmd                    0x080029c3   Thumb Code    26  stm32f10x_rcc.o(.text)
    RCC_APB2PeriphClockCmd                   0x080029dd   Thumb Code    26  stm32f10x_rcc.o(.text)
    RCC_APB1PeriphClockCmd                   0x080029f7   Thumb Code    26  stm32f10x_rcc.o(.text)
    RCC_APB2PeriphResetCmd                   0x08002a11   Thumb Code    26  stm32f10x_rcc.o(.text)
    RCC_APB1PeriphResetCmd                   0x08002a2b   Thumb Code    26  stm32f10x_rcc.o(.text)
    RCC_BackupResetCmd                       0x08002a45   Thumb Code     8  stm32f10x_rcc.o(.text)
    RCC_ClockSecuritySystemCmd               0x08002a4d   Thumb Code     6  stm32f10x_rcc.o(.text)
    RCC_MCOConfig                            0x08002a53   Thumb Code     6  stm32f10x_rcc.o(.text)
    RCC_ClearFlag                            0x08002a59   Thumb Code    14  stm32f10x_rcc.o(.text)
    RCC_GetITStatus                          0x08002a67   Thumb Code    20  stm32f10x_rcc.o(.text)
    RCC_ClearITPendingBit                    0x08002a7b   Thumb Code     6  stm32f10x_rcc.o(.text)
    USART_DeInit                             0x08002aa5   Thumb Code   134  stm32f10x_usart.o(.text)
    USART_Init                               0x08002b2b   Thumb Code   210  stm32f10x_usart.o(.text)
    USART_StructInit                         0x08002bfd   Thumb Code    24  stm32f10x_usart.o(.text)
    USART_ClockInit                          0x08002c15   Thumb Code    34  stm32f10x_usart.o(.text)
    USART_ClockStructInit                    0x08002c37   Thumb Code    12  stm32f10x_usart.o(.text)
    USART_Cmd                                0x08002c43   Thumb Code    24  stm32f10x_usart.o(.text)
    USART_ITConfig                           0x08002c5b   Thumb Code    74  stm32f10x_usart.o(.text)
    USART_DMACmd                             0x08002ca5   Thumb Code    18  stm32f10x_usart.o(.text)
    USART_SetAddress                         0x08002cb7   Thumb Code    18  stm32f10x_usart.o(.text)
    USART_WakeUpConfig                       0x08002cc9   Thumb Code    18  stm32f10x_usart.o(.text)
    USART_ReceiverWakeUpCmd                  0x08002cdb   Thumb Code    24  stm32f10x_usart.o(.text)
    USART_LINBreakDetectLengthConfig         0x08002cf3   Thumb Code    18  stm32f10x_usart.o(.text)
    USART_LINCmd                             0x08002d05   Thumb Code    24  stm32f10x_usart.o(.text)
    USART_SendData                           0x08002d1d   Thumb Code     8  stm32f10x_usart.o(.text)
    USART_ReceiveData                        0x08002d25   Thumb Code    10  stm32f10x_usart.o(.text)
    USART_SendBreak                          0x08002d2f   Thumb Code    10  stm32f10x_usart.o(.text)
    USART_SetGuardTime                       0x08002d39   Thumb Code    16  stm32f10x_usart.o(.text)
    USART_SetPrescaler                       0x08002d49   Thumb Code    16  stm32f10x_usart.o(.text)
    USART_SmartCardCmd                       0x08002d59   Thumb Code    24  stm32f10x_usart.o(.text)
    USART_SmartCardNACKCmd                   0x08002d71   Thumb Code    24  stm32f10x_usart.o(.text)
    USART_HalfDuplexCmd                      0x08002d89   Thumb Code    24  stm32f10x_usart.o(.text)
    USART_OverSampling8Cmd                   0x08002da1   Thumb Code    22  stm32f10x_usart.o(.text)
    USART_OneBitMethodCmd                    0x08002db7   Thumb Code    24  stm32f10x_usart.o(.text)
    USART_IrDAConfig                         0x08002dcf   Thumb Code    18  stm32f10x_usart.o(.text)
    USART_IrDACmd                            0x08002de1   Thumb Code    24  stm32f10x_usart.o(.text)
    USART_GetFlagStatus                      0x08002df9   Thumb Code    26  stm32f10x_usart.o(.text)
    USART_ClearFlag                          0x08002e13   Thumb Code    18  stm32f10x_usart.o(.text)
    USART_GetITStatus                        0x08002e25   Thumb Code    84  stm32f10x_usart.o(.text)
    USART_ClearITPendingBit                  0x08002e79   Thumb Code    52  stm32f10x_usart.o(.text)
    ADC_DeInit                               0x08002ead   Thumb Code    78  stm32f10x_adc.o(.text)
    ADC_Init                                 0x08002efb   Thumb Code    70  stm32f10x_adc.o(.text)
    ADC_StructInit                           0x08002f41   Thumb Code    18  stm32f10x_adc.o(.text)
    ADC_Cmd                                  0x08002f53   Thumb Code    22  stm32f10x_adc.o(.text)
    ADC_DMACmd                               0x08002f69   Thumb Code    22  stm32f10x_adc.o(.text)
    ADC_ITConfig                             0x08002f7f   Thumb Code    24  stm32f10x_adc.o(.text)
    ADC_ResetCalibration                     0x08002f97   Thumb Code    10  stm32f10x_adc.o(.text)
    ADC_GetResetCalibrationStatus            0x08002fa1   Thumb Code    20  stm32f10x_adc.o(.text)
    ADC_StartCalibration                     0x08002fb5   Thumb Code    10  stm32f10x_adc.o(.text)
    ADC_GetCalibrationStatus                 0x08002fbf   Thumb Code    20  stm32f10x_adc.o(.text)
    ADC_SoftwareStartConvCmd                 0x08002fd3   Thumb Code    22  stm32f10x_adc.o(.text)
    ADC_GetSoftwareStartConvStatus           0x08002fe9   Thumb Code    20  stm32f10x_adc.o(.text)
    ADC_DiscModeChannelCountConfig           0x08002ffd   Thumb Code    24  stm32f10x_adc.o(.text)
    ADC_DiscModeCmd                          0x08003015   Thumb Code    22  stm32f10x_adc.o(.text)
    ADC_RegularChannelConfig                 0x0800302b   Thumb Code   184  stm32f10x_adc.o(.text)
    ADC_ExternalTrigConvCmd                  0x080030e3   Thumb Code    22  stm32f10x_adc.o(.text)
    ADC_GetConversionValue                   0x080030f9   Thumb Code     8  stm32f10x_adc.o(.text)
    ADC_GetDualModeConversionValue           0x08003101   Thumb Code     8  stm32f10x_adc.o(.text)
    ADC_AutoInjectedConvCmd                  0x08003109   Thumb Code    22  stm32f10x_adc.o(.text)
    ADC_InjectedDiscModeCmd                  0x0800311f   Thumb Code    22  stm32f10x_adc.o(.text)
    ADC_ExternalTrigInjectedConvConfig       0x08003135   Thumb Code    16  stm32f10x_adc.o(.text)
    ADC_ExternalTrigInjectedConvCmd          0x08003145   Thumb Code    22  stm32f10x_adc.o(.text)
    ADC_SoftwareStartInjectedConvCmd         0x0800315b   Thumb Code    22  stm32f10x_adc.o(.text)
    ADC_GetSoftwareStartInjectedConvCmdStatus 0x08003171   Thumb Code    20  stm32f10x_adc.o(.text)
    ADC_InjectedChannelConfig                0x08003185   Thumb Code   130  stm32f10x_adc.o(.text)
    ADC_InjectedSequencerLengthConfig        0x08003207   Thumb Code    24  stm32f10x_adc.o(.text)
    ADC_SetInjectedOffset                    0x0800321f   Thumb Code    20  stm32f10x_adc.o(.text)
    ADC_GetInjectedConversionValue           0x08003233   Thumb Code    28  stm32f10x_adc.o(.text)
    ADC_AnalogWatchdogCmd                    0x0800324f   Thumb Code    16  stm32f10x_adc.o(.text)
    ADC_AnalogWatchdogThresholdsConfig       0x0800325f   Thumb Code     6  stm32f10x_adc.o(.text)
    ADC_AnalogWatchdogSingleChannelConfig    0x08003265   Thumb Code    16  stm32f10x_adc.o(.text)
    ADC_TempSensorVrefintCmd                 0x08003275   Thumb Code    64  stm32f10x_adc.o(.text)
    ADC_GetFlagStatus                        0x080032b5   Thumb Code    18  stm32f10x_adc.o(.text)
    ADC_ClearFlag                            0x080032c7   Thumb Code     6  stm32f10x_adc.o(.text)
    ADC_GetITStatus                          0x080032cd   Thumb Code    36  stm32f10x_adc.o(.text)
    ADC_ClearITPendingBit                    0x080032f1   Thumb Code    10  stm32f10x_adc.o(.text)
    SPI_I2S_DeInit                           0x080032fd   Thumb Code    76  stm32f10x_spi.o(.text)
    SPI_Init                                 0x08003349   Thumb Code    60  stm32f10x_spi.o(.text)
    I2S_Init                                 0x08003385   Thumb Code   226  stm32f10x_spi.o(.text)
    SPI_StructInit                           0x08003467   Thumb Code    24  stm32f10x_spi.o(.text)
    I2S_StructInit                           0x0800347f   Thumb Code    20  stm32f10x_spi.o(.text)
    SPI_Cmd                                  0x08003493   Thumb Code    24  stm32f10x_spi.o(.text)
    I2S_Cmd                                  0x080034ab   Thumb Code    24  stm32f10x_spi.o(.text)
    SPI_I2S_ITConfig                         0x080034c3   Thumb Code    32  stm32f10x_spi.o(.text)
    SPI_I2S_DMACmd                           0x080034e3   Thumb Code    18  stm32f10x_spi.o(.text)
    SPI_I2S_SendData                         0x080034f5   Thumb Code     4  stm32f10x_spi.o(.text)
    SPI_I2S_ReceiveData                      0x080034f9   Thumb Code     6  stm32f10x_spi.o(.text)
    SPI_NSSInternalSoftwareConfig            0x080034ff   Thumb Code    30  stm32f10x_spi.o(.text)
    SPI_SSOutputCmd                          0x0800351d   Thumb Code    24  stm32f10x_spi.o(.text)
    SPI_DataSizeConfig                       0x08003535   Thumb Code    18  stm32f10x_spi.o(.text)
    SPI_TransmitCRC                          0x08003547   Thumb Code    10  stm32f10x_spi.o(.text)
    SPI_CalculateCRC                         0x08003551   Thumb Code    24  stm32f10x_spi.o(.text)
    SPI_GetCRC                               0x08003569   Thumb Code    16  stm32f10x_spi.o(.text)
    SPI_GetCRCPolynomial                     0x08003579   Thumb Code     6  stm32f10x_spi.o(.text)
    SPI_BiDirectionalLineConfig              0x0800357f   Thumb Code    28  stm32f10x_spi.o(.text)
    SPI_I2S_GetFlagStatus                    0x0800359b   Thumb Code    18  stm32f10x_spi.o(.text)
    SPI_I2S_ClearFlag                        0x080035ad   Thumb Code     6  stm32f10x_spi.o(.text)
    SPI_I2S_GetITStatus                      0x080035b3   Thumb Code    52  stm32f10x_spi.o(.text)
    SPI_I2S_ClearITPendingBit                0x080035e7   Thumb Code    20  stm32f10x_spi.o(.text)
    TIM_DeInit                               0x08003609   Thumb Code   424  stm32f10x_tim.o(.text)
    TIM_TimeBaseInit                         0x080037b1   Thumb Code   122  stm32f10x_tim.o(.text)
    TIM_OC1Init                              0x0800382b   Thumb Code   132  stm32f10x_tim.o(.text)
    TIM_OC2Init                              0x080038af   Thumb Code   154  stm32f10x_tim.o(.text)
    TIM_OC3Init                              0x08003949   Thumb Code   150  stm32f10x_tim.o(.text)
    TIM_OC4Init                              0x080039df   Thumb Code   182  stm32f10x_tim.o(.text)
    TIM_SetIC4Prescaler                      0x08003a95   Thumb Code    26  stm32f10x_tim.o(.text)
    TIM_SetIC3Prescaler                      0x08003b31   Thumb Code    18  stm32f10x_tim.o(.text)
    TIM_SetIC2Prescaler                      0x08003bbd   Thumb Code    26  stm32f10x_tim.o(.text)
    TIM_SetIC1Prescaler                      0x08003c59   Thumb Code    18  stm32f10x_tim.o(.text)
    TIM_ICInit                               0x08003cd7   Thumb Code   150  stm32f10x_tim.o(.text)
    TIM_PWMIConfig                           0x08003d6d   Thumb Code   124  stm32f10x_tim.o(.text)
    TIM_BDTRConfig                           0x08003de9   Thumb Code    32  stm32f10x_tim.o(.text)
    TIM_TimeBaseStructInit                   0x08003e09   Thumb Code    18  stm32f10x_tim.o(.text)
    TIM_OCStructInit                         0x08003e1b   Thumb Code    20  stm32f10x_tim.o(.text)
    TIM_ICStructInit                         0x08003e2f   Thumb Code    18  stm32f10x_tim.o(.text)
    TIM_BDTRStructInit                       0x08003e41   Thumb Code    40  stm32f10x_tim.o(.text)
    TIM_Cmd                                  0x08003e69   Thumb Code    24  stm32f10x_tim.o(.text)
    TIM_CtrlPWMOutputs                       0x08003e81   Thumb Code    30  stm32f10x_tim.o(.text)
    TIM_ITConfig                             0x08003e9f   Thumb Code    18  stm32f10x_tim.o(.text)
    TIM_GenerateEvent                        0x08003eb1   Thumb Code     4  stm32f10x_tim.o(.text)
    TIM_DMAConfig                            0x08003eb5   Thumb Code    10  stm32f10x_tim.o(.text)
    TIM_DMACmd                               0x08003ebf   Thumb Code    18  stm32f10x_tim.o(.text)
    TIM_InternalClockConfig                  0x08003ed1   Thumb Code    12  stm32f10x_tim.o(.text)
    TIM_SelectInputTrigger                   0x08003edd   Thumb Code    18  stm32f10x_tim.o(.text)
    TIM_ITRxExternalClockConfig              0x08003eef   Thumb Code    24  stm32f10x_tim.o(.text)
    TIM_TIxExternalClockConfig               0x08003f07   Thumb Code    62  stm32f10x_tim.o(.text)
    TIM_ETRConfig                            0x08003f45   Thumb Code    28  stm32f10x_tim.o(.text)
    TIM_ETRClockMode1Config                  0x08003f61   Thumb Code    54  stm32f10x_tim.o(.text)
    TIM_ETRClockMode2Config                  0x08003f97   Thumb Code    32  stm32f10x_tim.o(.text)
    TIM_PrescalerConfig                      0x08003fb7   Thumb Code     6  stm32f10x_tim.o(.text)
    TIM_CounterModeConfig                    0x08003fbd   Thumb Code    18  stm32f10x_tim.o(.text)
    TIM_EncoderInterfaceConfig               0x08003fcf   Thumb Code    66  stm32f10x_tim.o(.text)
    TIM_ForcedOC1Config                      0x08004011   Thumb Code    18  stm32f10x_tim.o(.text)
    TIM_ForcedOC2Config                      0x08004023   Thumb Code    26  stm32f10x_tim.o(.text)
    TIM_ForcedOC3Config                      0x0800403d   Thumb Code    18  stm32f10x_tim.o(.text)
    TIM_ForcedOC4Config                      0x0800404f   Thumb Code    26  stm32f10x_tim.o(.text)
    TIM_ARRPreloadConfig                     0x08004069   Thumb Code    24  stm32f10x_tim.o(.text)
    TIM_SelectCOM                            0x08004081   Thumb Code    24  stm32f10x_tim.o(.text)
    TIM_SelectCCDMA                          0x08004099   Thumb Code    24  stm32f10x_tim.o(.text)
    TIM_CCPreloadControl                     0x080040b1   Thumb Code    24  stm32f10x_tim.o(.text)
    TIM_OC1PreloadConfig                     0x080040c9   Thumb Code    18  stm32f10x_tim.o(.text)
    TIM_OC2PreloadConfig                     0x080040db   Thumb Code    26  stm32f10x_tim.o(.text)
    TIM_OC3PreloadConfig                     0x080040f5   Thumb Code    18  stm32f10x_tim.o(.text)
    TIM_OC4PreloadConfig                     0x08004107   Thumb Code    26  stm32f10x_tim.o(.text)
    TIM_OC1FastConfig                        0x08004121   Thumb Code    18  stm32f10x_tim.o(.text)
    TIM_OC2FastConfig                        0x08004133   Thumb Code    26  stm32f10x_tim.o(.text)
    TIM_OC3FastConfig                        0x0800414d   Thumb Code    18  stm32f10x_tim.o(.text)
    TIM_OC4FastConfig                        0x0800415f   Thumb Code    26  stm32f10x_tim.o(.text)
    TIM_ClearOC1Ref                          0x08004179   Thumb Code    18  stm32f10x_tim.o(.text)
    TIM_ClearOC2Ref                          0x0800418b   Thumb Code    24  stm32f10x_tim.o(.text)
    TIM_ClearOC3Ref                          0x080041a3   Thumb Code    18  stm32f10x_tim.o(.text)
    TIM_ClearOC4Ref                          0x080041b5   Thumb Code    24  stm32f10x_tim.o(.text)
    TIM_OC1PolarityConfig                    0x080041cd   Thumb Code    18  stm32f10x_tim.o(.text)
    TIM_OC1NPolarityConfig                   0x080041df   Thumb Code    18  stm32f10x_tim.o(.text)
    TIM_OC2PolarityConfig                    0x080041f1   Thumb Code    26  stm32f10x_tim.o(.text)
    TIM_OC2NPolarityConfig                   0x0800420b   Thumb Code    26  stm32f10x_tim.o(.text)
    TIM_OC3PolarityConfig                    0x08004225   Thumb Code    26  stm32f10x_tim.o(.text)
    TIM_OC3NPolarityConfig                   0x0800423f   Thumb Code    26  stm32f10x_tim.o(.text)
    TIM_OC4PolarityConfig                    0x08004259   Thumb Code    26  stm32f10x_tim.o(.text)
    TIM_CCxCmd                               0x08004273   Thumb Code    30  stm32f10x_tim.o(.text)
    TIM_CCxNCmd                              0x08004291   Thumb Code    30  stm32f10x_tim.o(.text)
    TIM_SelectOCxM                           0x080042af   Thumb Code    82  stm32f10x_tim.o(.text)
    TIM_UpdateDisableConfig                  0x08004301   Thumb Code    24  stm32f10x_tim.o(.text)
    TIM_UpdateRequestConfig                  0x08004319   Thumb Code    24  stm32f10x_tim.o(.text)
    TIM_SelectHallSensor                     0x08004331   Thumb Code    24  stm32f10x_tim.o(.text)
    TIM_SelectOnePulseMode                   0x08004349   Thumb Code    18  stm32f10x_tim.o(.text)
    TIM_SelectOutputTrigger                  0x0800435b   Thumb Code    18  stm32f10x_tim.o(.text)
    TIM_SelectSlaveMode                      0x0800436d   Thumb Code    18  stm32f10x_tim.o(.text)
    TIM_SelectMasterSlaveMode                0x0800437f   Thumb Code    18  stm32f10x_tim.o(.text)
    TIM_SetCounter                           0x08004391   Thumb Code     4  stm32f10x_tim.o(.text)
    TIM_SetAutoreload                        0x08004395   Thumb Code     4  stm32f10x_tim.o(.text)
    TIM_SetCompare1                          0x08004399   Thumb Code     4  stm32f10x_tim.o(.text)
    TIM_SetCompare2                          0x0800439d   Thumb Code     4  stm32f10x_tim.o(.text)
    TIM_SetCompare3                          0x080043a1   Thumb Code     4  stm32f10x_tim.o(.text)
    TIM_SetCompare4                          0x080043a5   Thumb Code     6  stm32f10x_tim.o(.text)
    TIM_SetClockDivision                     0x080043ab   Thumb Code    18  stm32f10x_tim.o(.text)
    TIM_GetCapture1                          0x080043bd   Thumb Code     6  stm32f10x_tim.o(.text)
    TIM_GetCapture2                          0x080043c3   Thumb Code     6  stm32f10x_tim.o(.text)
    TIM_GetCapture3                          0x080043c9   Thumb Code     6  stm32f10x_tim.o(.text)
    TIM_GetCapture4                          0x080043cf   Thumb Code     8  stm32f10x_tim.o(.text)
    TIM_GetCounter                           0x080043d7   Thumb Code     6  stm32f10x_tim.o(.text)
    TIM_GetPrescaler                         0x080043dd   Thumb Code     6  stm32f10x_tim.o(.text)
    TIM_GetFlagStatus                        0x080043e3   Thumb Code    18  stm32f10x_tim.o(.text)
    TIM_ClearFlag                            0x080043f5   Thumb Code     6  stm32f10x_tim.o(.text)
    TIM_GetITStatus                          0x080043fb   Thumb Code    34  stm32f10x_tim.o(.text)
    TIM_ClearITPendingBit                    0x0800441d   Thumb Code     6  stm32f10x_tim.o(.text)
    delay_init                               0x08004425   Thumb Code    50  delay.o(.text)
    delay_us                                 0x08004457   Thumb Code    72  delay.o(.text)
    delay_ms                                 0x0800449f   Thumb Code    72  delay.o(.text)
    _sys_exit                                0x080044f9   Thumb Code     6  usart.o(.text)
    fputc                                    0x080044ff   Thumb Code    24  usart.o(.text)
    uart_init                                0x08004517   Thumb Code   152  usart.o(.text)
    USART1_IRQHandler                        0x080045af   Thumb Code   122  usart.o(.text)
    SPI1_ReadWriteByte                       0x08004639   Thumb Code    78  spi.o(.text)
    SPI1_Init                                0x08004687   Thumb Code   136  spi.o(.text)
    SPI1_SetSpeed                            0x0800470f   Thumb Code    36  spi.o(.text)
    delay2                                   0x0800473d   Thumb Code    12  iic.o(.text)
    delay_nop                                0x08004749   Thumb Code    14  iic.o(.text)
    iic_start                                0x08004757   Thumb Code    52  iic.o(.text)
    iic_stop                                 0x0800478b   Thumb Code    40  iic.o(.text)
    iic_writex                               0x080047b3   Thumb Code   106  iic.o(.text)
    iic_SDA_Set_Dir                          0x0800481d   Thumb Code    60  iic.o(.text)
    iic_readx                                0x08004859   Thumb Code   104  iic.o(.text)
    iic_check_ACK                            0x080048c1   Thumb Code    66  iic.o(.text)
    I2C_Ack                                  0x08004903   Thumb Code    52  iic.o(.text)
    I2C_NoAck                                0x08004937   Thumb Code    52  iic.o(.text)
    I2C_ReadByte                             0x0800496b   Thumb Code    66  iic.o(.text)
    I2C_WriteByte                            0x080049ad   Thumb Code    54  iic.o(.text)
    I2C_NoAddr_WriteByte                     0x080049e3   Thumb Code    42  iic.o(.text)
    I2C_Read_MultiBytes                      0x08004a0d   Thumb Code   102  iic.o(.text)
    I2C_Read_2Bytes                          0x08004a73   Thumb Code    88  iic.o(.text)
    I2C_Read_3Bytes                          0x08004acb   Thumb Code   110  iic.o(.text)
    I2C_GPIO_Configuration                   0x08004b39   Thumb Code    64  iic.o(.text)
    __use_no_semihosting                     0x08004b7d   Thumb Code     2  use_no_semi_2.o(.text)
    __use_two_region_memory                  0x08004b7f   Thumb Code     2  heapauxi.o(.text)
    __rt_heap_escrow$2region                 0x08004b81   Thumb Code     2  heapauxi.o(.text)
    __rt_heap_expand$2region                 0x08004b83   Thumb Code     2  heapauxi.o(.text)
    __I$use$semihosting                      0x08004b85   Thumb Code     0  use_no_semi.o(.text)
    __use_no_semihosting_swi                 0x08004b85   Thumb Code     2  use_no_semi.o(.text)
    __read_errno                             0x08004b87   Thumb Code    10  _rserrno.o(.text)
    __set_errno                              0x08004b91   Thumb Code    12  _rserrno.o(.text)
    __aeabi_errno_addr                       0x08004b9d   Thumb Code     8  rt_errno_addr_intlibspace.o(.text)
    __errno$intlibspace                      0x08004b9d   Thumb Code     0  rt_errno_addr_intlibspace.o(.text)
    __rt_errno_addr$intlibspace              0x08004b9d   Thumb Code     0  rt_errno_addr_intlibspace.o(.text)
    __user_libspace                          0x08004ba5   Thumb Code     8  libspace.o(.text)
    __user_perproc_libspace                  0x08004ba5   Thumb Code     0  libspace.o(.text)
    __user_perthread_libspace                0x08004ba5   Thumb Code     0  libspace.o(.text)
    __user_setup_stackheap                   0x08004bad   Thumb Code    74  sys_stackheap_outer.o(.text)
    exit                                     0x08004bf7   Thumb Code    18  exit.o(.text)
    __ARM_fpclassify                         0x08004c09   Thumb Code    40  fpclassify.o(i.__ARM_fpclassify)
    __ieee754_rem_pio2                       0x08004c31   Thumb Code   828  rred.o(i.__ieee754_rem_pio2)
    __kernel_cos                             0x08004fb9   Thumb Code   230  cos_i.o(i.__kernel_cos)
    __kernel_poly                            0x080050b5   Thumb Code   170  poly.o(i.__kernel_poly)
    __kernel_sin                             0x08005161   Thumb Code   224  sin_i.o(i.__kernel_sin)
    __mathlib_dbl_infnan                     0x0800524d   Thumb Code     6  dunder.o(i.__mathlib_dbl_infnan)
    __mathlib_dbl_infnan2                    0x08005253   Thumb Code     4  dunder.o(i.__mathlib_dbl_infnan2)
    __mathlib_dbl_invalid                    0x08005257   Thumb Code    12  dunder.o(i.__mathlib_dbl_invalid)
    __mathlib_dbl_underflow                  0x08005265   Thumb Code    10  dunder.o(i.__mathlib_dbl_underflow)
    asin                                     0x08005275   Thumb Code   572  asin.o(i.asin)
    atan                                     0x080054e5   Thumb Code   474  atan.o(i.atan)
    atan2                                    0x08005705   Thumb Code   346  atan2.o(i.atan2)
    cos                                      0x08005885   Thumb Code   148  cos.o(i.cos)
    sqrt                                     0x08005921   Thumb Code    76  sqrt.o(i.sqrt)
    __aeabi_d2f                              0x0800596d   Thumb Code     0  d2f.o(x$fpl$d2f)
    _d2f                                     0x0800596d   Thumb Code    98  d2f.o(x$fpl$d2f)
    __aeabi_dadd                             0x080059d1   Thumb Code     0  daddsub_clz.o(x$fpl$dadd)
    _dadd                                    0x080059d1   Thumb Code   332  daddsub_clz.o(x$fpl$dadd)
    __fpl_dcheck_NaN1                        0x08005b21   Thumb Code    10  dcheck1.o(x$fpl$dcheck1)
    __aeabi_ddiv                             0x08005b31   Thumb Code     0  ddiv.o(x$fpl$ddiv)
    _ddiv                                    0x08005b31   Thumb Code   552  ddiv.o(x$fpl$ddiv)
    __aeabi_d2iz                             0x08005de1   Thumb Code     0  dfix.o(x$fpl$dfix)
    _dfix                                    0x08005de1   Thumb Code    94  dfix.o(x$fpl$dfix)
    __aeabi_d2uiz                            0x08005e41   Thumb Code     0  dfixu.o(x$fpl$dfixu)
    _dfixu                                   0x08005e41   Thumb Code    90  dfixu.o(x$fpl$dfixu)
    __aeabi_i2d                              0x08005e9b   Thumb Code     0  dflt_clz.o(x$fpl$dflt)
    _dflt                                    0x08005e9b   Thumb Code    46  dflt_clz.o(x$fpl$dflt)
    __aeabi_ui2d                             0x08005ec9   Thumb Code     0  dflt_clz.o(x$fpl$dfltu)
    _dfltu                                   0x08005ec9   Thumb Code    38  dflt_clz.o(x$fpl$dfltu)
    __aeabi_dmul                             0x08005ef1   Thumb Code     0  dmul.o(x$fpl$dmul)
    _dmul                                    0x08005ef1   Thumb Code   332  dmul.o(x$fpl$dmul)
    __fpl_dnaninf                            0x08006045   Thumb Code   156  dnaninf.o(x$fpl$dnaninf)
    __fpl_dretinf                            0x080060e1   Thumb Code    12  dretinf.o(x$fpl$dretinf)
    __aeabi_drsub                            0x080060ed   Thumb Code     0  daddsub_clz.o(x$fpl$drsb)
    _drsb                                    0x080060ed   Thumb Code    22  daddsub_clz.o(x$fpl$drsb)
    _dsqrt                                   0x08006105   Thumb Code   456  dsqrt_noumaal.o(x$fpl$dsqrt)
    __aeabi_dsub                             0x080062d1   Thumb Code     0  daddsub_clz.o(x$fpl$dsub)
    _dsub                                    0x080062d1   Thumb Code   464  daddsub_clz.o(x$fpl$dsub)
    __aeabi_f2d                              0x080064a5   Thumb Code     0  f2d.o(x$fpl$f2d)
    _f2d                                     0x080064a5   Thumb Code    86  f2d.o(x$fpl$f2d)
    __aeabi_fadd                             0x080064fd   Thumb Code     0  faddsub_clz.o(x$fpl$fadd)
    _fadd                                    0x080064fd   Thumb Code   196  faddsub_clz.o(x$fpl$fadd)
    __fpl_fcmp_Inf                           0x080065c1   Thumb Code    24  fcmpi.o(x$fpl$fcmpinf)
    __aeabi_cfcmpeq                          0x080065d9   Thumb Code     0  feqf.o(x$fpl$feqf)
    _fcmpeq                                  0x080065d9   Thumb Code   104  feqf.o(x$fpl$feqf)
    __aeabi_f2iz                             0x08006641   Thumb Code     0  ffix.o(x$fpl$ffix)
    _ffix                                    0x08006641   Thumb Code    54  ffix.o(x$fpl$ffix)
    __aeabi_i2f                              0x08006679   Thumb Code     0  fflt_clz.o(x$fpl$fflt)
    _fflt                                    0x08006679   Thumb Code    48  fflt_clz.o(x$fpl$fflt)
    __aeabi_cfcmple                          0x080066a9   Thumb Code     0  fleqf.o(x$fpl$fleqf)
    _fcmple                                  0x080066a9   Thumb Code   104  fleqf.o(x$fpl$fleqf)
    __fpl_fcmple_InfNaN                      0x080066fb   Thumb Code     0  fleqf.o(x$fpl$fleqf)
    __aeabi_fmul                             0x08006711   Thumb Code     0  fmul.o(x$fpl$fmul)
    _fmul                                    0x08006711   Thumb Code   258  fmul.o(x$fpl$fmul)
    __fpl_fnaninf                            0x08006813   Thumb Code   140  fnaninf.o(x$fpl$fnaninf)
    __fpl_fretinf                            0x0800689f   Thumb Code    10  fretinf.o(x$fpl$fretinf)
    __aeabi_cfrcmple                         0x080068a9   Thumb Code     0  frleqf.o(x$fpl$frleqf)
    _frcmple                                 0x080068a9   Thumb Code    98  frleqf.o(x$fpl$frleqf)
    __aeabi_frsub                            0x0800690b   Thumb Code     0  faddsub_clz.o(x$fpl$frsb)
    _frsb                                    0x0800690b   Thumb Code    20  faddsub_clz.o(x$fpl$frsb)
    __aeabi_fsub                             0x08006921   Thumb Code     0  faddsub_clz.o(x$fpl$fsub)
    _fsub                                    0x08006921   Thumb Code   234  faddsub_clz.o(x$fpl$fsub)
    __fpl_return_NaN                         0x08006a0b   Thumb Code   100  retnan.o(x$fpl$retnan)
    __ARM_scalbn                             0x08006a6f   Thumb Code    92  scalbn.o(x$fpl$scalbn)
    __fpl_cmpreturn                          0x08006acb   Thumb Code    48  trapv.o(x$fpl$trapveneer)
    TX_ADDRESS                               0x08006afa   Data           5  24l01.o(.constdata)
    __I$use$fp                               0x08006afa   Number         0  usenofp.o(x$fpl$usenofp)
    RX_ADDRESS                               0x08006aff   Data           5  24l01.o(.constdata)
    __mathlib_zero                           0x08006c20   Data           8  qnan.o(.constdata)
    Region$$Table$$Base                      0x08006d18   Number         0  anon$$obj.o(Region$$Table)
    Region$$Table$$Limit                     0x08006d38   Number         0  anon$$obj.o(Region$$Table)
    adcx                                     0x20000000   Data           2  main.o(.data)
    NRF24L01_FLAG                            0x20000002   Data           1  main.o(.data)
    SystemCoreClock                          0x20000004   Data           4  system_stm32f10x.o(.data)
    AHBPrescTable                            0x20000008   Data          16  system_stm32f10x.o(.data)
    TX_DATA                                  0x20000018   Data           4  mp6050.o(.data)
    GYRO_XOUT                                0x2000001c   Data           4  mp6050.o(.data)
    GYRO_YOUT                                0x20000020   Data           4  mp6050.o(.data)
    GYRO_ZOUT                                0x20000024   Data           4  mp6050.o(.data)
    ACCEL_XOUT                               0x20000028   Data           4  mp6050.o(.data)
    ACCEL_YOUT                               0x2000002c   Data           4  mp6050.o(.data)
    ACCEL_ZOUT                               0x20000030   Data           4  mp6050.o(.data)
    MP6050_Temperature                       0x20000034   Data           4  mp6050.o(.data)
    Accel_Angle_X                            0x20000038   Data           4  mp6050.o(.data)
    Accel_Angle_Y                            0x2000003c   Data           4  mp6050.o(.data)
    Accel_Angle_Z                            0x20000040   Data           4  mp6050.o(.data)
    accCorrect_flag                          0x20000044   Data           1  mp6050.o(.data)
    Moto_duty                                0x20000058   Data           8  control.o(.data)
    GY                                       0x20000070   Data           4  imu.o(.data)
    q0                                       0x20000074   Data           4  imu.o(.data)
    q1                                       0x20000078   Data           4  imu.o(.data)
    q2                                       0x2000007c   Data           4  imu.o(.data)
    q3                                       0x20000080   Data           4  imu.o(.data)
    exInt                                    0x20000084   Data           4  imu.o(.data)
    eyInt                                    0x20000088   Data           4  imu.o(.data)
    ezInt                                    0x2000008c   Data           4  imu.o(.data)
    __stdout                                 0x200000d8   Data           4  usart.o(.data)
    USART_RX_STA                             0x200000dc   Data           2  usart.o(.data)
    tmp_buf                                  0x200000e0   Data          33  main.o(.bss)
    RE                                       0x20000104   Data          20  main.o(.bss)
    sensor                                   0x20000118   Data          72  mp6050.o(.bss)
    BUF                                      0x20000160   Data          14  mp6050.o(.bss)
    ctrl                                     0x20000170   Data         220  control.o(.bss)
    angle                                    0x2000024c   Data          12  imu.o(.bss)
    USART_RX_BUF                             0x20000258   Data         200  usart.o(.bss)
    __libspace_start                         0x20000320   Data          96  libspace.o(.bss)
    __temporary_stack_top$libspace           0x20000380   Data           0  libspace.o(.bss)



==============================================================================

Memory Map of the image

  Image Entry point : 0x080000ed

  Load Region LR_IROM1 (Base: 0x08000000, Size: 0x00006e18, Max: 0x00010000, ABSOLUTE)

    Execution Region ER_IROM1 (Base: 0x08000000, Size: 0x00006d38, Max: 0x00010000, ABSOLUTE)

    Base Addr    Size         Type   Attr      Idx    E Section Name        Object

    0x08000000   0x000000ec   Data   RO          438    RESET               startup_stm32f10x_md.o
    0x080000ec   0x00000008   Code   RO          842  * !!!main             c_w.l(__main.o)
    0x080000f4   0x00000034   Code   RO         1224    !!!scatter          c_w.l(__scatter.o)
    0x08000128   0x0000001a   Code   RO         1226    !!handler_copy      c_w.l(__scatter_copy.o)
    0x08000142   0x00000002   PAD
    0x08000144   0x0000001c   Code   RO         1228    !!handler_zi        c_w.l(__scatter_zi.o)
    0x08000160   0x00000002   Code   RO         1095    .ARM.Collect$$libinit$$00000000  c_w.l(libinit.o)
    0x08000162   0x00000000   Code   RO         1097    .ARM.Collect$$libinit$$00000002  c_w.l(libinit2.o)
    0x08000162   0x00000000   Code   RO         1099    .ARM.Collect$$libinit$$00000004  c_w.l(libinit2.o)
    0x08000162   0x00000000   Code   RO         1102    .ARM.Collect$$libinit$$0000000A  c_w.l(libinit2.o)
    0x08000162   0x00000000   Code   RO         1104    .ARM.Collect$$libinit$$0000000C  c_w.l(libinit2.o)
    0x08000162   0x00000000   Code   RO         1106    .ARM.Collect$$libinit$$0000000E  c_w.l(libinit2.o)
    0x08000162   0x00000000   Code   RO         1109    .ARM.Collect$$libinit$$00000011  c_w.l(libinit2.o)
    0x08000162   0x00000000   Code   RO         1111    .ARM.Collect$$libinit$$00000013  c_w.l(libinit2.o)
    0x08000162   0x00000000   Code   RO         1113    .ARM.Collect$$libinit$$00000015  c_w.l(libinit2.o)
    0x08000162   0x00000000   Code   RO         1115    .ARM.Collect$$libinit$$00000017  c_w.l(libinit2.o)
    0x08000162   0x00000000   Code   RO         1117    .ARM.Collect$$libinit$$00000019  c_w.l(libinit2.o)
    0x08000162   0x00000000   Code   RO         1119    .ARM.Collect$$libinit$$0000001B  c_w.l(libinit2.o)
    0x08000162   0x00000000   Code   RO         1121    .ARM.Collect$$libinit$$0000001D  c_w.l(libinit2.o)
    0x08000162   0x00000000   Code   RO         1123    .ARM.Collect$$libinit$$0000001F  c_w.l(libinit2.o)
    0x08000162   0x00000000   Code   RO         1125    .ARM.Collect$$libinit$$00000021  c_w.l(libinit2.o)
    0x08000162   0x00000000   Code   RO         1127    .ARM.Collect$$libinit$$00000023  c_w.l(libinit2.o)
    0x08000162   0x00000000   Code   RO         1129    .ARM.Collect$$libinit$$00000025  c_w.l(libinit2.o)
    0x08000162   0x00000000   Code   RO         1133    .ARM.Collect$$libinit$$0000002C  c_w.l(libinit2.o)
    0x08000162   0x00000000   Code   RO         1135    .ARM.Collect$$libinit$$0000002E  c_w.l(libinit2.o)
    0x08000162   0x00000000   Code   RO         1137    .ARM.Collect$$libinit$$00000030  c_w.l(libinit2.o)
    0x08000162   0x00000000   Code   RO         1139    .ARM.Collect$$libinit$$00000032  c_w.l(libinit2.o)
    0x08000162   0x00000002   Code   RO         1140    .ARM.Collect$$libinit$$00000033  c_w.l(libinit2.o)
    0x08000164   0x00000002   Code   RO         1174    .ARM.Collect$$libshutdown$$00000000  c_w.l(libshutdown.o)
    0x08000166   0x00000000   Code   RO         1183    .ARM.Collect$$libshutdown$$00000002  c_w.l(libshutdown2.o)
    0x08000166   0x00000000   Code   RO         1185    .ARM.Collect$$libshutdown$$00000004  c_w.l(libshutdown2.o)
    0x08000166   0x00000000   Code   RO         1188    .ARM.Collect$$libshutdown$$00000007  c_w.l(libshutdown2.o)
    0x08000166   0x00000000   Code   RO         1191    .ARM.Collect$$libshutdown$$0000000A  c_w.l(libshutdown2.o)
    0x08000166   0x00000000   Code   RO         1193    .ARM.Collect$$libshutdown$$0000000C  c_w.l(libshutdown2.o)
    0x08000166   0x00000000   Code   RO         1196    .ARM.Collect$$libshutdown$$0000000F  c_w.l(libshutdown2.o)
    0x08000166   0x00000002   Code   RO         1197    .ARM.Collect$$libshutdown$$00000010  c_w.l(libshutdown2.o)
    0x08000168   0x00000000   Code   RO          932    .ARM.Collect$$rtentry$$00000000  c_w.l(__rtentry.o)
    0x08000168   0x00000000   Code   RO         1009    .ARM.Collect$$rtentry$$00000002  c_w.l(__rtentry2.o)
    0x08000168   0x00000006   Code   RO         1021    .ARM.Collect$$rtentry$$00000004  c_w.l(__rtentry4.o)
    0x0800016e   0x00000000   Code   RO         1011    .ARM.Collect$$rtentry$$00000009  c_w.l(__rtentry2.o)
    0x0800016e   0x00000004   Code   RO         1012    .ARM.Collect$$rtentry$$0000000A  c_w.l(__rtentry2.o)
    0x08000172   0x00000000   Code   RO         1014    .ARM.Collect$$rtentry$$0000000C  c_w.l(__rtentry2.o)
    0x08000172   0x00000008   Code   RO         1015    .ARM.Collect$$rtentry$$0000000D  c_w.l(__rtentry2.o)
    0x0800017a   0x00000002   Code   RO         1145    .ARM.Collect$$rtexit$$00000000  c_w.l(rtexit.o)
    0x0800017c   0x00000000   Code   RO         1154    .ARM.Collect$$rtexit$$00000002  c_w.l(rtexit2.o)
    0x0800017c   0x00000004   Code   RO         1155    .ARM.Collect$$rtexit$$00000003  c_w.l(rtexit2.o)
    0x08000180   0x00000006   Code   RO         1156    .ARM.Collect$$rtexit$$00000004  c_w.l(rtexit2.o)
    0x08000186   0x00000002   PAD
    0x08000188   0x000001d8   Code   RO            1    .text               main.o
    0x08000360   0x00000018   Code   RO          167    .text               stm32f10x_it.o
    0x08000378   0x000001e0   Code   RO          182    .text               system_stm32f10x.o
    0x08000558   0x00000130   Code   RO          200    .text               led.o
    0x08000688   0x00000338   Code   RO          246    .text               24l01.o
    0x080009c0   0x00000110   Code   RO          264    .text               adc.o
    0x08000ad0   0x0000025c   Code   RO          279    .text               pwm.o
    0x08000d2c   0x000004d4   Code   RO          294    .text               mp6050.o
    0x08001200   0x00000098   Code   RO          348    .text               timer.o
    0x08001298   0x00000638   Code   RO          363    .text               control.o
    0x080018d0   0x000008c4   Code   RO          383    .text               imu.o
    0x08002194   0x000000f4   Code   RO          406    .text               param.o
    0x08002288   0x00000040   Code   RO          439    .text               startup_stm32f10x_md.o
    0x080022c8   0x000000dc   Code   RO          443    .text               misc.o
    0x080023a4   0x0000035c   Code   RO          455    .text               stm32f10x_gpio.o
    0x08002700   0x000003a4   Code   RO          467    .text               stm32f10x_rcc.o
    0x08002aa4   0x00000408   Code   RO          481    .text               stm32f10x_usart.o
    0x08002eac   0x0000044e   Code   RO          493    .text               stm32f10x_adc.o
    0x080032fa   0x00000002   PAD
    0x080032fc   0x0000030c   Code   RO          685    .text               stm32f10x_spi.o
    0x08003608   0x00000e1a   Code   RO          697    .text               stm32f10x_tim.o
    0x08004422   0x00000002   PAD
    0x08004424   0x000000d4   Code   RO          721    .text               delay.o
    0x080044f8   0x00000140   Code   RO          747    .text               usart.o
    0x08004638   0x00000104   Code   RO          770    .text               spi.o
    0x0800473c   0x00000440   Code   RO          785    .text               iic.o
    0x08004b7c   0x00000002   Code   RO          802    .text               c_w.l(use_no_semi_2.o)
    0x08004b7e   0x00000006   Code   RO          840    .text               c_w.l(heapauxi.o)
    0x08004b84   0x00000002   Code   RO          930    .text               c_w.l(use_no_semi.o)
    0x08004b86   0x00000016   Code   RO          933    .text               c_w.l(_rserrno.o)
    0x08004b9c   0x00000008   Code   RO         1031    .text               c_w.l(rt_errno_addr_intlibspace.o)
    0x08004ba4   0x00000008   Code   RO         1079    .text               c_w.l(libspace.o)
    0x08004bac   0x0000004a   Code   RO         1082    .text               c_w.l(sys_stackheap_outer.o)
    0x08004bf6   0x00000012   Code   RO         1086    .text               c_w.l(exit.o)
    0x08004c08   0x00000028   Code   RO          984    i.__ARM_fpclassify  m_ws.l(fpclassify.o)
    0x08004c30   0x00000388   Code   RO          989    i.__ieee754_rem_pio2  m_ws.l(rred.o)
    0x08004fb8   0x000000fc   Code   RO          967    i.__kernel_cos      m_ws.l(cos_i.o)
    0x080050b4   0x000000aa   Code   RO          986    i.__kernel_poly     m_ws.l(poly.o)
    0x0800515e   0x00000002   PAD
    0x08005160   0x000000ec   Code   RO          994    i.__kernel_sin      m_ws.l(sin_i.o)
    0x0800524c   0x00000006   Code   RO          971    i.__mathlib_dbl_infnan  m_ws.l(dunder.o)
    0x08005252   0x00000004   Code   RO          972    i.__mathlib_dbl_infnan2  m_ws.l(dunder.o)
    0x08005256   0x0000000c   Code   RO          973    i.__mathlib_dbl_invalid  m_ws.l(dunder.o)
    0x08005262   0x00000002   PAD
    0x08005264   0x00000010   Code   RO          976    i.__mathlib_dbl_underflow  m_ws.l(dunder.o)
    0x08005274   0x00000270   Code   RO          905    i.asin              m_ws.l(asin.o)
    0x080054e4   0x00000220   Code   RO          958    i.atan              m_ws.l(atan.o)
    0x08005704   0x00000180   Code   RO          915    i.atan2             m_ws.l(atan2.o)
    0x08005884   0x0000009c   Code   RO          923    i.cos               m_ws.l(cos.o)
    0x08005920   0x0000004c   Code   RO         1001    i.sqrt              m_ws.l(sqrt.o)
    0x0800596c   0x00000062   Code   RO          844    x$fpl$d2f           fz_ws.l(d2f.o)
    0x080059ce   0x00000002   PAD
    0x080059d0   0x00000150   Code   RO          846    x$fpl$dadd          fz_ws.l(daddsub_clz.o)
    0x08005b20   0x00000010   Code   RO         1071    x$fpl$dcheck1       fz_ws.l(dcheck1.o)
    0x08005b30   0x000002b0   Code   RO          853    x$fpl$ddiv          fz_ws.l(ddiv.o)
    0x08005de0   0x0000005e   Code   RO          856    x$fpl$dfix          fz_ws.l(dfix.o)
    0x08005e3e   0x00000002   PAD
    0x08005e40   0x0000005a   Code   RO          860    x$fpl$dfixu         fz_ws.l(dfixu.o)
    0x08005e9a   0x0000002e   Code   RO          865    x$fpl$dflt          fz_ws.l(dflt_clz.o)
    0x08005ec8   0x00000026   Code   RO          864    x$fpl$dfltu         fz_ws.l(dflt_clz.o)
    0x08005eee   0x00000002   PAD
    0x08005ef0   0x00000154   Code   RO          870    x$fpl$dmul          fz_ws.l(dmul.o)
    0x08006044   0x0000009c   Code   RO          944    x$fpl$dnaninf       fz_ws.l(dnaninf.o)
    0x080060e0   0x0000000c   Code   RO          946    x$fpl$dretinf       fz_ws.l(dretinf.o)
    0x080060ec   0x00000016   Code   RO          847    x$fpl$drsb          fz_ws.l(daddsub_clz.o)
    0x08006102   0x00000002   PAD
    0x08006104   0x000001cc   Code   RO         1075    x$fpl$dsqrt         fz_ws.l(dsqrt_noumaal.o)
    0x080062d0   0x000001d4   Code   RO          848    x$fpl$dsub          fz_ws.l(daddsub_clz.o)
    0x080064a4   0x00000056   Code   RO          872    x$fpl$f2d           fz_ws.l(f2d.o)
    0x080064fa   0x00000002   PAD
    0x080064fc   0x000000c4   Code   RO          874    x$fpl$fadd          fz_ws.l(faddsub_clz.o)
    0x080065c0   0x00000018   Code   RO          948    x$fpl$fcmpinf       fz_ws.l(fcmpi.o)
    0x080065d8   0x00000068   Code   RO          884    x$fpl$feqf          fz_ws.l(feqf.o)
    0x08006640   0x00000036   Code   RO          886    x$fpl$ffix          fz_ws.l(ffix.o)
    0x08006676   0x00000002   PAD
    0x08006678   0x00000030   Code   RO          891    x$fpl$fflt          fz_ws.l(fflt_clz.o)
    0x080066a8   0x00000068   Code   RO          896    x$fpl$fleqf         fz_ws.l(fleqf.o)
    0x08006710   0x00000102   Code   RO          898    x$fpl$fmul          fz_ws.l(fmul.o)
    0x08006812   0x0000008c   Code   RO          950    x$fpl$fnaninf       fz_ws.l(fnaninf.o)
    0x0800689e   0x0000000a   Code   RO          952    x$fpl$fretinf       fz_ws.l(fretinf.o)
    0x080068a8   0x00000062   Code   RO          900    x$fpl$frleqf        fz_ws.l(frleqf.o)
    0x0800690a   0x00000014   Code   RO          875    x$fpl$frsb          fz_ws.l(faddsub_clz.o)
    0x0800691e   0x00000002   PAD
    0x08006920   0x000000ea   Code   RO          876    x$fpl$fsub          fz_ws.l(faddsub_clz.o)
    0x08006a0a   0x00000064   Code   RO         1143    x$fpl$retnan        fz_ws.l(retnan.o)
    0x08006a6e   0x0000005c   Code   RO          954    x$fpl$scalbn        fz_ws.l(scalbn.o)
    0x08006aca   0x00000030   Code   RO         1151    x$fpl$trapveneer    fz_ws.l(trapv.o)
    0x08006afa   0x00000000   Code   RO          956    x$fpl$usenofp       fz_ws.l(usenofp.o)
    0x08006afa   0x0000000a   Data   RO          247    .constdata          24l01.o
    0x08006b04   0x00000004   PAD
    0x08006b08   0x00000050   Data   RO          906    .constdata          m_ws.l(asin.o)
    0x08006b58   0x00000098   Data   RO          959    .constdata          m_ws.l(atan.o)
    0x08006bf0   0x00000030   Data   RO          968    .constdata          m_ws.l(cos_i.o)
    0x08006c20   0x00000008   Data   RO          988    .constdata          m_ws.l(qnan.o)
    0x08006c28   0x000000c8   Data   RO          991    .constdata          m_ws.l(rred.o)
    0x08006cf0   0x00000028   Data   RO          995    .constdata          m_ws.l(sin_i.o)
    0x08006d18   0x00000020   Data   RO         1222    Region$$Table       anon$$obj.o


    Execution Region RW_IRAM1 (Base: 0x20000000, Size: 0x00000980, Max: 0x00005000, ABSOLUTE)

    Base Addr    Size         Type   Attr      Idx    E Section Name        Object

    0x20000000   0x00000003   Data   RW            3    .data               main.o
    0x20000003   0x00000001   PAD
    0x20000004   0x00000014   Data   RW          183    .data               system_stm32f10x.o
    0x20000018   0x0000003d   Data   RW          296    .data               mp6050.o
    0x20000055   0x00000003   PAD
    0x20000058   0x00000014   Data   RW          365    .data               control.o
    0x2000006c   0x00000004   PAD
    0x20000070   0x00000050   Data   RW          385    .data               imu.o
    0x200000c0   0x00000014   Data   RW          468    .data               stm32f10x_rcc.o
    0x200000d4   0x00000004   Data   RW          722    .data               delay.o
    0x200000d8   0x00000006   Data   RW          749    .data               usart.o
    0x200000de   0x00000002   PAD
    0x200000e0   0x00000038   Zero   RW            2    .bss                main.o
    0x20000118   0x00000056   Zero   RW          295    .bss                mp6050.o
    0x2000016e   0x00000002   PAD
    0x20000170   0x000000dc   Zero   RW          364    .bss                control.o
    0x2000024c   0x0000000c   Zero   RW          384    .bss                imu.o
    0x20000258   0x000000c8   Zero   RW          748    .bss                usart.o
    0x20000320   0x00000060   Zero   RW         1080    .bss                c_w.l(libspace.o)
    0x20000380   0x00000200   Zero   RW          437    HEAP                startup_stm32f10x_md.o
    0x20000580   0x00000400   Zero   RW          436    STACK               startup_stm32f10x_md.o


==============================================================================

Image component sizes


      Code (inc. data)   RO Data    RW Data    ZI Data      Debug   Object Name

       824         46         10          0          0       3767   24l01.o
       272         18          0          0          0       1103   adc.o
      1592         62          0         20        220       2331   control.o
         0          0          0          0          0         32   core_cm3.o
       212         18          0          4          0       1075   delay.o
      1088          8          0          0          0       4546   iic.o
      2244        130          0         80         12       4632   imu.o
       304         12          0          0          0     213392   led.o
       472         20          0          3         56     260955   main.o
       220         22          0          0          0       1821   misc.o
      1236         46          0         61         86       3916   mp6050.o
       244         32          0          0          0        528   param.o
       604          8          0          0          0       1265   pwm.o
       260         10          0          0          0       1109   spi.o
        64         26        236          0       1536        816   startup_stm32f10x_md.o
      1102         26          0          0          0      11061   stm32f10x_adc.o
       860         38          0          0          0       5753   stm32f10x_gpio.o
        24          0          0          0          0       1114   stm32f10x_it.o
       932         36          0         20          0       8948   stm32f10x_rcc.o
       780         14          0          0          0       6634   stm32f10x_spi.o
      3610         88          0          0          0      22860   stm32f10x_tim.o
      1032         22          0          0          0       8480   stm32f10x_usart.o
       480         38          0         20          0       1803   system_stm32f10x.o
       152          6          0          0          0        734   timer.o
       320         16          0          6        200       3238   usart.o

    ----------------------------------------------------------------------
     18932        742        282        224       2112     571913   Object Totals
         0          0         32          0          0          0   (incl. Generated)
         4          0          4         10          2          0   (incl. Padding)

    ----------------------------------------------------------------------

      Code (inc. data)   RO Data    RW Data    ZI Data      Debug   Library Member Name

         8          0          0          0          0         68   __main.o
         0          0          0          0          0          0   __rtentry.o
        12          0          0          0          0          0   __rtentry2.o
         6          0          0          0          0          0   __rtentry4.o
        52          8          0          0          0          0   __scatter.o
        26          0          0          0          0          0   __scatter_copy.o
        28          0          0          0          0          0   __scatter_zi.o
        22          0          0          0          0        100   _rserrno.o
        18          0          0          0          0         80   exit.o
         6          0          0          0          0        152   heapauxi.o
         2          0          0          0          0          0   libinit.o
         2          0          0          0          0          0   libinit2.o
         2          0          0          0          0          0   libshutdown.o
         2          0          0          0          0          0   libshutdown2.o
         8          4          0          0         96         68   libspace.o
         8          4          0          0          0         68   rt_errno_addr_intlibspace.o
         2          0          0          0          0          0   rtexit.o
        10          0          0          0          0          0   rtexit2.o
        74          0          0          0          0         80   sys_stackheap_outer.o
         2          0          0          0          0         68   use_no_semi.o
         2          0          0          0          0         68   use_no_semi_2.o
        98          4          0          0          0         92   d2f.o
       826         16          0          0          0        348   daddsub_clz.o
        16          4          0          0          0         68   dcheck1.o
       688        140          0          0          0        208   ddiv.o
        94          4          0          0          0         92   dfix.o
        90          4          0          0          0         92   dfixu.o
        84          0          0          0          0        136   dflt_clz.o
       340         12          0          0          0        104   dmul.o
       156          4          0          0          0         92   dnaninf.o
        12          0          0          0          0         68   dretinf.o
       460         56          0          0          0        120   dsqrt_noumaal.o
        86          4          0          0          0         84   f2d.o
       450          8          0          0          0        236   faddsub_clz.o
        24          0          0          0          0         68   fcmpi.o
       104          4          0          0          0         84   feqf.o
        54          4          0          0          0         84   ffix.o
        48          0          0          0          0         68   fflt_clz.o
       104          4          0          0          0         84   fleqf.o
       258          4          0          0          0         84   fmul.o
       140          4          0          0          0         84   fnaninf.o
        10          0          0          0          0         68   fretinf.o
        98          0          0          0          0         68   frleqf.o
       100          0          0          0          0         68   retnan.o
        92          0          0          0          0         68   scalbn.o
        48          0          0          0          0         68   trapv.o
         0          0          0          0          0          0   usenofp.o
       624         52         80          0          0        168   asin.o
       544         70        152          0          0        124   atan.o
       384         38          0          0          0        144   atan2.o
       156          8          0          0          0        104   cos.o
       252         22         48          0          0        124   cos_i.o
        38          6          0          0          0        272   dunder.o
        40          0          0          0          0         68   fpclassify.o
       170          0          0          0          0         96   poly.o
         0          0          8          0          0          0   qnan.o
       904         76        200          0          0        140   rred.o
       236         12         40          0          0        128   sin_i.o
        76          0          0          0          0         84   sqrt.o

    ----------------------------------------------------------------------
      8218        576        528          0         96       4840   Library Totals
        22          0          0          0          0          0   (incl. Padding)

    ----------------------------------------------------------------------

      Code (inc. data)   RO Data    RW Data    ZI Data      Debug   Library Name

       292         16          0          0         96        752   c_w.l
      4480        276          0          0          0       2636   fz_ws.l
      3424        284        528          0          0       1452   m_ws.l

    ----------------------------------------------------------------------
      8218        576        528          0         96       4840   Library Totals

    ----------------------------------------------------------------------

==============================================================================


      Code (inc. data)   RO Data    RW Data    ZI Data      Debug   

     27150       1318        810        224       2208     572381   Grand Totals
     27150       1318        810        224       2208     572381   ELF Image Totals
     27150       1318        810        224          0          0   ROM Totals

==============================================================================

    Total RO  Size (Code + RO Data)                27960 (  27.30kB)
    Total RW  Size (RW Data + ZI Data)              2432 (   2.38kB)
    Total ROM Size (Code + RO Data + RW Data)      28184 (  27.52kB)

==============================================================================

