Component: ARM Compiler 5.06 update 3 (build 300) Tool: armlink [4d35c9]

==============================================================================

Section Cross References

    main.o(i.Init) refers to misc.o(i.NVIC_PriorityGroupConfig) for NVIC_PriorityGroupConfig
    main.o(i.Init) refers to delay.o(i.delay_init) for delay_init
    main.o(i.Init) refers to led.o(i.LED_Init) for LED_Init
    main.o(i.Init) refers to usart.o(i.uart_init) for uart_init
    main.o(i.Init) refers to 24l01.o(i.NRF24L01_Init) for NRF24L01_Init
    main.o(i.Init) refers to 24l01.o(i.NRF24L01_Check) for NRF24L01_Check
    main.o(i.Init) refers to 24l01.o(i.NRF24L01_RX_Mode) for NRF24L01_RX_Mode
    main.o(i.Init) refers to pwm.o(i.PWM_Init) for PWM_Init
    main.o(i.Init) refers to mpu6050.o(i.MPU_Init) for MPU_Init
    main.o(i.Init) refers to mpu6050.o(i.Gyro_OFFSET) for Gyro_OFFSET
    main.o(i.Init) refers to mpu6050.o(i.Acc_OFFSET) for Acc_OFFSET
    main.o(i.Init) refers to param.o(i.paramLoad) for paramLoad
    main.o(i.Init) refers to timer.o(i.TIM2_Config) for TIM2_Config
    main.o(i.Init) refers to timer.o(i.TIM3_Config) for TIM3_Config
    main.o(i.Init) refers to led.o(i.LED_on) for LED_on
    main.o(i.main) refers to main.o(i.Init) for Init
    main.o(i.main) refers to 24l01.o(i.NRF24L01_RxPacket) for NRF24L01_RxPacket
    main.o(i.main) refers to control.o(i.NRF24L01_MsgAnalysis) for NRF24L01_MsgAnalysis
    main.o(i.main) refers to timer.o(.data) for loop50HzCnt
    main.o(i.main) refers to main.o(.bss) for MSG_RX_BUF
    main.o(i.send_mpu6050) refers to 24l01.o(i.NRF24L01_TxPacket) for NRF24L01_TxPacket
    main.o(i.send_mpu6050) refers to imu.o(.bss) for EulerAngle
    main.o(i.send_mpu6050) refers to main.o(.data) for buf_tmp
    system_stm32f10x.o(i.SetSysClock) refers to system_stm32f10x.o(i.SetSysClockTo72) for SetSysClockTo72
    system_stm32f10x.o(i.SystemCoreClockUpdate) refers to system_stm32f10x.o(.data) for SystemCoreClock
    system_stm32f10x.o(i.SystemInit) refers to system_stm32f10x.o(i.SetSysClock) for SetSysClock
    stm32f10x_it.o(i.GetSysclkFreq) refers to stm32f10x_rcc.o(i.RCC_GetClocksFreq) for RCC_GetClocksFreq
    stm32f10x_it.o(i.GetSysclkFreq) refers to stm32f10x_it.o(.data) for usTicks
    stm32f10x_it.o(i.SysTick_Handler) refers to stm32f10x_it.o(.data) for sysTickUptime
    stm32f10x_it.o(i.micros) refers to stm32f10x_it.o(.data) for sysTickUptime
    startup_stm32f10x_md.o(STACK) refers (Special) to heapauxi.o(.text) for __use_two_region_memory
    startup_stm32f10x_md.o(HEAP) refers (Special) to heapauxi.o(.text) for __use_two_region_memory
    startup_stm32f10x_md.o(RESET) refers (Special) to heapauxi.o(.text) for __use_two_region_memory
    startup_stm32f10x_md.o(RESET) refers to startup_stm32f10x_md.o(STACK) for __initial_sp
    startup_stm32f10x_md.o(RESET) refers to startup_stm32f10x_md.o(.text) for Reset_Handler
    startup_stm32f10x_md.o(RESET) refers to stm32f10x_it.o(i.NMI_Handler) for NMI_Handler
    startup_stm32f10x_md.o(RESET) refers to stm32f10x_it.o(i.HardFault_Handler) for HardFault_Handler
    startup_stm32f10x_md.o(RESET) refers to stm32f10x_it.o(i.MemManage_Handler) for MemManage_Handler
    startup_stm32f10x_md.o(RESET) refers to stm32f10x_it.o(i.BusFault_Handler) for BusFault_Handler
    startup_stm32f10x_md.o(RESET) refers to stm32f10x_it.o(i.UsageFault_Handler) for UsageFault_Handler
    startup_stm32f10x_md.o(RESET) refers to stm32f10x_it.o(i.SVC_Handler) for SVC_Handler
    startup_stm32f10x_md.o(RESET) refers to stm32f10x_it.o(i.DebugMon_Handler) for DebugMon_Handler
    startup_stm32f10x_md.o(RESET) refers to stm32f10x_it.o(i.PendSV_Handler) for PendSV_Handler
    startup_stm32f10x_md.o(RESET) refers to stm32f10x_it.o(i.SysTick_Handler) for SysTick_Handler
    startup_stm32f10x_md.o(RESET) refers to timer.o(i.TIM2_IRQHandler) for TIM2_IRQHandler
    startup_stm32f10x_md.o(RESET) refers to timer.o(i.TIM3_IRQHandler) for TIM3_IRQHandler
    startup_stm32f10x_md.o(RESET) refers to usart.o(i.USART3_IRQHandler) for USART3_IRQHandler
    startup_stm32f10x_md.o(.text) refers (Special) to heapauxi.o(.text) for __use_two_region_memory
    startup_stm32f10x_md.o(.text) refers to system_stm32f10x.o(i.SystemInit) for SystemInit
    startup_stm32f10x_md.o(.text) refers to __main.o(!!!main) for __main
    startup_stm32f10x_md.o(.text) refers to startup_stm32f10x_md.o(HEAP) for Heap_Mem
    startup_stm32f10x_md.o(.text) refers to startup_stm32f10x_md.o(STACK) for Stack_Mem
    stm32f10x_adc.o(i.ADC_DeInit) refers to stm32f10x_rcc.o(i.RCC_APB2PeriphResetCmd) for RCC_APB2PeriphResetCmd
    stm32f10x_bkp.o(i.BKP_DeInit) refers to stm32f10x_rcc.o(i.RCC_BackupResetCmd) for RCC_BackupResetCmd
    stm32f10x_can.o(i.CAN_DeInit) refers to stm32f10x_rcc.o(i.RCC_APB1PeriphResetCmd) for RCC_APB1PeriphResetCmd
    stm32f10x_can.o(i.CAN_GetITStatus) refers to stm32f10x_can.o(i.CheckITStatus) for CheckITStatus
[...]
    .ARM.Collect$$rtentry$$0000000A          0x080001ae   Section        4  __rtentry2.o(.ARM.Collect$$rtentry$$0000000A)
    .ARM.Collect$$rtentry$$0000000C          0x080001b2   Section        0  __rtentry2.o(.ARM.Collect$$rtentry$$0000000C)
    .ARM.Collect$$rtentry$$0000000D          0x080001b2   Section        8  __rtentry2.o(.ARM.Collect$$rtentry$$0000000D)
    .ARM.Collect$$rtexit$$00000000           0x080001ba   Section        2  rtexit.o(.ARM.Collect$$rtexit$$00000000)
    .ARM.Collect$$rtexit$$00000002           0x080001bc   Section        0  rtexit2.o(.ARM.Collect$$rtexit$$00000002)
    .ARM.Collect$$rtexit$$00000003           0x080001bc   Section        4  rtexit2.o(.ARM.Collect$$rtexit$$00000003)
    .ARM.Collect$$rtexit$$00000004           0x080001c0   Section        6  rtexit2.o(.ARM.Collect$$rtexit$$00000004)
    .text                                    0x080001c8   Section       64  startup_stm32f10x_md.o(.text)
    .text                                    0x08000208   Section        2  use_no_semi_2.o(.text)
    .text                                    0x0800020a   Section        0  heapauxi.o(.text)
    .text                                    0x08000210   Section        2  use_no_semi.o(.text)
    .text                                    0x08000212   Section        0  _rserrno.o(.text)
    .text                                    0x08000228   Section        8  rt_errno_addr_intlibspace.o(.text)
    .text                                    0x08000230   Section        8  libspace.o(.text)
    .text                                    0x08000238   Section       74  sys_stackheap_outer.o(.text)
    .text                                    0x08000282   Section        0  exit.o(.text)
    i.Acc_OFFSET                             0x08000294   Section        0  mpu6050.o(i.Acc_OFFSET)
    i.Angle_Calculate                        0x0800031c   Section        0  imu.o(i.Angle_Calculate)
    i.BusFault_Handler                       0x08000a94   Section        0  stm32f10x_it.o(i.BusFault_Handler)
    i.Cascade_PID_Calc                       0x08000a98   Section        0  pid.o(i.Cascade_PID_Calc)
    i.DebugMon_Handler                       0x08001200   Section        0  stm32f10x_it.o(i.DebugMon_Handler)
    i.FL_ABS                                 0x08001202   Section        0  imu.o(i.FL_ABS)
    i.GPIO_Init                              0x0800121a   Section        0  stm32f10x_gpio.o(i.GPIO_Init)
    i.GPIO_ResetBits                         0x08001330   Section        0  stm32f10x_gpio.o(i.GPIO_ResetBits)
    i.GPIO_SetBits                           0x08001334   Section        0  stm32f10x_gpio.o(i.GPIO_SetBits)
    i.GetSysclkFreq                          0x08001338   Section        0  stm32f10x_it.o(i.GetSysclkFreq)
    i.Get_Attitude                           0x0800135c   Section        0  mpu6050.o(i.Get_Attitude)
    i.Gyro_OFFSET                            0x080014fc   Section        0  mpu6050.o(i.Gyro_OFFSET)
    i.HardFault_Handler                      0x08001648   Section        0  stm32f10x_it.o(i.HardFault_Handler)
    i.I2C_Ack                                0x0800164c   Section        0  iic.o(i.I2C_Ack)
    i.I2C_GPIO_Configuration                 0x08001684   Section        0  iic.o(i.I2C_GPIO_Configuration)
    i.I2C_NoAck                              0x080016b8   Section        0  iic.o(i.I2C_NoAck)
    i.I2C_ReadByte                           0x080016f0   Section        0  iic.o(i.I2C_ReadByte)
    i.I2C_Read_Len                           0x08001732   Section        0  iic.o(i.I2C_Read_Len)
    i.I2C_WriteByte                          0x080017a4   Section        0  iic.o(i.I2C_WriteByte)
    i.Init                                   0x080017f0   Section        0  main.o(i.Init)
    i.KalmanFilter_x                         0x08001850   Section        0  mpu6050.o(i.KalmanFilter_x)
    KalmanFilter_x                           0x08001851   Thumb Code   170  mpu6050.o(i.KalmanFilter_x)
    i.KalmanFilter_y                         0x08001908   Section        0  mpu6050.o(i.KalmanFilter_y)
    KalmanFilter_y                           0x08001909   Thumb Code   170  mpu6050.o(i.KalmanFilter_y)
    i.KalmanFilter_z                         0x080019c0   Section        0  mpu6050.o(i.KalmanFilter_z)
    KalmanFilter_z                           0x080019c1   Thumb Code   170  mpu6050.o(i.KalmanFilter_z)
    i.LED_Init                               0x08001a78   Section        0  led.o(i.LED_Init)
    i.LED_off                                0x08001ab0   Section        0  led.o(i.LED_off)
    i.LED_on                                 0x08001ad4   Section        0  led.o(i.LED_on)
    i.LED_rev                                0x08001af8   Section        0  led.o(i.LED_rev)
    i.M1_SetSpeed                            0x08001b50   Section        0  pwm.o(i.M1_SetSpeed)
    i.M2_SetSpeed                            0x08001b74   Section        0  pwm.o(i.M2_SetSpeed)
    i.M3_SetSpeed                            0x08001b98   Section        0  pwm.o(i.M3_SetSpeed)
    i.M4_SetSpeed                            0x08001bbc   Section        0  pwm.o(i.M4_SetSpeed)
    i.MPU6050_Getdata                        0x08001be0   Section        0  mpu6050.o(i.MPU6050_Getdata)
    i.MPU_Get_Accelerometer                  0x08001cfc   Section        0  mpu6050.o(i.MPU_Get_Accelerometer)
    i.MPU_Get_Gyroscope                      0x08001d4c   Section        0  mpu6050.o(i.MPU_Get_Gyroscope)
    i.MPU_Init                               0x08001d9c   Section        0  mpu6050.o(i.MPU_Init)
    i.MPU_Set_Accel_Fsr                      0x08001e30   Section        0  mpu6050.o(i.MPU_Set_Accel_Fsr)
    i.MPU_Set_Gyro_Fsr                       0x08001e42   Section        0  mpu6050.o(i.MPU_Set_Gyro_Fsr)
    i.MPU_Set_LPF                            0x08001e54   Section        0  mpu6050.o(i.MPU_Set_LPF)
    i.MPU_Set_Rate                           0x08001e90   Section        0  mpu6050.o(i.MPU_Set_Rate)
    i.MemManage_Handler                      0x08001ecc   Section        0  stm32f10x_it.o(i.MemManage_Handler)
    i.Motor_Move                             0x08001ed0   Section        0  pwm.o(i.Motor_Move)
    i.NMI_Handler                            0x08001ef8   Section        0  stm32f10x_it.o(i.NMI_Handler)
    i.NRF24L01_Check                         0x08001efc   Section        0  24l01.o(i.NRF24L01_Check)
    i.NRF24L01_Init                          0x08001f4c   Section        0  24l01.o(i.NRF24L01_Init)
    i.NRF24L01_MsgAnalysis                   0x08002030   Section        0  control.o(i.NRF24L01_MsgAnalysis)
    i.NRF24L01_RX_Mode                       0x080021d0   Section        0  24l01.o(i.NRF24L01_RX_Mode)
    i.NRF24L01_Read_Buf                      0x08002228   Section        0  24l01.o(i.NRF24L01_Read_Buf)
    i.NRF24L01_Read_Reg                      0x08002264   Section        0  24l01.o(i.NRF24L01_Read_Reg)
    i.NRF24L01_RxPacket                      0x08002290   Section        0  24l01.o(i.NRF24L01_RxPacket)
    i.NRF24L01_Write_Buf                     0x080022cc   Section        0  24l01.o(i.NRF24L01_Write_Buf)
    i.NRF24L01_Write_Reg                     0x08002308   Section        0  24l01.o(i.NRF24L01_Write_Reg)
    i.NVIC_Init                              0x08002338   Section        0  misc.o(i.NVIC_Init)
    i.NVIC_PriorityGroupConfig               0x080023a8   Section        0  misc.o(i.NVIC_PriorityGroupConfig)
    i.PWM_Init                               0x080023bc   Section        0  pwm.o(i.PWM_Init)
    i.PendSV_Handler                         0x080023cc   Section        0  stm32f10x_it.o(i.PendSV_Handler)
    i.Q_rsqrt                                0x080023d0   Section        0  imu.o(i.Q_rsqrt)
    i.RCC_APB1PeriphClockCmd                 0x08002420   Section        0  stm32f10x_rcc.o(i.RCC_APB1PeriphClockCmd)
    i.RCC_APB2PeriphClockCmd                 0x08002440   Section        0  stm32f10x_rcc.o(i.RCC_APB2PeriphClockCmd)
    i.RCC_GetClocksFreq                      0x08002460   Section        0  stm32f10x_rcc.o(i.RCC_GetClocksFreq)
    i.SPI1_Init                              0x08002534   Section        0  spi.o(i.SPI1_Init)
    i.SPI1_ReadWriteByte                     0x080025c0   Section        0  spi.o(i.SPI1_ReadWriteByte)
    i.SPI1_SetSpeed                          0x08002614   Section        0  spi.o(i.SPI1_SetSpeed)
    i.SPI_Cmd                                0x0800263c   Section        0  stm32f10x_spi.o(i.SPI_Cmd)
    i.SPI_I2S_GetFlagStatus                  0x08002654   Section        0  stm32f10x_spi.o(i.SPI_I2S_GetFlagStatus)
    i.SPI_I2S_ReceiveData                    0x08002666   Section        0  stm32f10x_spi.o(i.SPI_I2S_ReceiveData)
    i.SPI_I2S_SendData                       0x0800266c   Section        0  stm32f10x_spi.o(i.SPI_I2S_SendData)
    i.SPI_Init                               0x08002670   Section        0  stm32f10x_spi.o(i.SPI_Init)
    i.SVC_Handler                            0x080026ac   Section        0  stm32f10x_it.o(i.SVC_Handler)
    i.SetSysClock                            0x080026ae   Section        0  system_stm32f10x.o(i.SetSysClock)
    SetSysClock                              0x080026af   Thumb Code     8  system_stm32f10x.o(i.SetSysClock)
    i.SetSysClockTo72                        0x080026b8   Section        0  system_stm32f10x.o(i.SetSysClockTo72)
    SetSysClockTo72                          0x080026b9   Thumb Code   214  system_stm32f10x.o(i.SetSysClockTo72)
    i.SysTick_Handler                        0x08002798   Section        0  stm32f10x_it.o(i.SysTick_Handler)
    i.SystemInit                             0x080027a8   Section        0  system_stm32f10x.o(i.SystemInit)
    i.TIM2_Config                            0x08002808   Section        0  timer.o(i.TIM2_Config)
    i.TIM2_IRQHandler                        0x08002870   Section        0  timer.o(i.TIM2_IRQHandler)
    i.TIM3_Config                            0x080028d8   Section        0  timer.o(i.TIM3_Config)
    i.TIM3_IRQHandler                        0x08002940   Section        0  timer.o(i.TIM3_IRQHandler)
    i.TIM_1_Int_Init                         0x08002a20   Section        0  pwm.o(i.TIM_1_Int_Init)
    i.TIM_ARRPreloadConfig                   0x08002b10   Section        0  stm32f10x_tim.o(i.TIM_ARRPreloadConfig)
    i.TIM_BDTRConfig                         0x08002b28   Section        0  stm32f10x_tim.o(i.TIM_BDTRConfig)
    i.TIM_ClearFlag                          0x08002b48   Section        0  stm32f10x_tim.o(i.TIM_ClearFlag)
    i.TIM_ClearITPendingBit                  0x08002b4e   Section        0  stm32f10x_tim.o(i.TIM_ClearITPendingBit)
    i.TIM_Cmd                                0x08002b54   Section        0  stm32f10x_tim.o(i.TIM_Cmd)
    i.TIM_GetITStatus                        0x08002b6c   Section        0  stm32f10x_tim.o(i.TIM_GetITStatus)
    i.TIM_ITConfig                           0x08002b8e   Section        0  stm32f10x_tim.o(i.TIM_ITConfig)
    i.TIM_OC1Init                            0x08002ba0   Section        0  stm32f10x_tim.o(i.TIM_OC1Init)
    i.TIM_OC1PreloadConfig                   0x08002c38   Section        0  stm32f10x_tim.o(i.TIM_OC1PreloadConfig)
    i.TIM_OC2Init                            0x08002c4c   Section        0  stm32f10x_tim.o(i.TIM_OC2Init)
    i.TIM_OC2PreloadConfig                   0x08002cf0   Section        0  stm32f10x_tim.o(i.TIM_OC2PreloadConfig)
    i.TIM_OC3Init                            0x08002d0c   Section        0  stm32f10x_tim.o(i.TIM_OC3Init)
    i.TIM_OC3PreloadConfig                   0x08002dac   Section        0  stm32f10x_tim.o(i.TIM_OC3PreloadConfig)
    i.TIM_OC4Init                            0x08002dc0   Section        0  stm32f10x_tim.o(i.TIM_OC4Init)
    i.TIM_OC4PreloadConfig                   0x08002e3c   Section        0  stm32f10x_tim.o(i.TIM_OC4PreloadConfig)
    i.TIM_SetCompare1                        0x08002e56   Section        0  stm32f10x_tim.o(i.TIM_SetCompare1)
    i.TIM_SetCompare2                        0x08002e5a   Section        0  stm32f10x_tim.o(i.TIM_SetCompare2)
    i.TIM_SetCompare3                        0x08002e5e   Section        0  stm32f10x_tim.o(i.TIM_SetCompare3)
    i.TIM_SetCompare4                        0x08002e62   Section        0  stm32f10x_tim.o(i.TIM_SetCompare4)
    i.TIM_TimeBaseInit                       0x08002e68   Section        0  stm32f10x_tim.o(i.TIM_TimeBaseInit)
    i.USART3_IRQHandler                      0x08002f0c   Section        0  usart.o(i.USART3_IRQHandler)
    i.USART_Cmd                              0x08002f84   Section        0  stm32f10x_usart.o(i.USART_Cmd)
    i.USART_GetITStatus                      0x08002f9c   Section        0  stm32f10x_usart.o(i.USART_GetITStatus)
    i.USART_ITConfig                         0x08002ff0   Section        0  stm32f10x_usart.o(i.USART_ITConfig)
    i.USART_Init                             0x0800303c   Section        0  stm32f10x_usart.o(i.USART_Init)
    i.USART_ReceiveData                      0x08003114   Section        0  stm32f10x_usart.o(i.USART_ReceiveData)
    i.UsageFault_Handler                     0x0800311e   Section        0  stm32f10x_it.o(i.UsageFault_Handler)
    i.VariableParameter                      0x08003124   Section        0  imu.o(i.VariableParameter)
    i.__ARM_fpclassify                       0x08003190   Section        0  fpclassify.o(i.__ARM_fpclassify)
    i.__kernel_poly                          0x080031b8   Section        0  poly.o(i.__kernel_poly)
    i.__mathlib_dbl_infnan                   0x08003262   Section        0  dunder.o(i.__mathlib_dbl_infnan)
    i.__mathlib_dbl_infnan2                  0x08003268   Section        0  dunder.o(i.__mathlib_dbl_infnan2)
    i.__mathlib_dbl_invalid                  0x0800326c   Section        0  dunder.o(i.__mathlib_dbl_invalid)
    i.__mathlib_dbl_underflow                0x08003278   Section        0  dunder.o(i.__mathlib_dbl_underflow)
    i._sys_exit                              0x08003288   Section        0  usart.o(i._sys_exit)
    i.asin                                   0x08003290   Section        0  asin.o(i.asin)
    i.atan                                   0x08003500   Section        0  atan.o(i.atan)
    i.atan2                                  0x08003720   Section        0  atan2.o(i.atan2)
    i.clr_int                                0x080038a0   Section        0  param.o(i.clr_int)
    i.delay2                                 0x080038d8   Section        0  iic.o(i.delay2)
    i.delay_init                             0x080038e4   Section        0  delay.o(i.delay_init)
    i.delay_ms                               0x08003948   Section        0  delay.o(i.delay_ms)
    i.delay_nop                              0x0800396a   Section        0  iic.o(i.delay_nop)
    i.iic_SDA_Set_Dir                        0x08003978   Section        0  iic.o(i.iic_SDA_Set_Dir)
    i.iic_check_ACK                          0x080039b4   Section        0  iic.o(i.iic_check_ACK)
    i.iic_readx                              0x080039fc   Section        0  iic.o(i.iic_readx)
    i.iic_start                              0x08003a64   Section        0  iic.o(i.iic_start)
    i.iic_stop                               0x08003a9c   Section        0  iic.o(i.iic_stop)
    i.iic_writex                             0x08003ad4   Section        0  iic.o(i.iic_writex)
    i.main                                   0x08003b3c   Section        0  main.o(i.main)
    i.micros                                 0x08003b68   Section        0  stm32f10x_it.o(i.micros)
    i.paramLoad                              0x08003bac   Section        0  param.o(i.paramLoad)
    i.recordHeight                           0x08003c94   Section        0  altitude.o(i.recordHeight)
    i.sqrt                                   0x08003ce8   Section        0  sqrt.o(i.sqrt)
    i.uart_init                              0x08003d34   Section        0  usart.o(i.uart_init)
    x$fpl$d2f                                0x08003ddc   Section       98  d2f.o(x$fpl$d2f)
    x$fpl$dadd                               0x08003e40   Section      336  daddsub_clz.o(x$fpl$dadd)
    _dadd1                                   0x08003e51   Thumb Code     0  daddsub_clz.o(x$fpl$dadd)
    x$fpl$dcheck1                            0x08003f90   Section       16  dcheck1.o(x$fpl$dcheck1)
    x$fpl$ddiv                               0x08003fa0   Section      688  ddiv.o(x$fpl$ddiv)
    ddiv_entry                               0x08003fa7   Thumb Code     0  ddiv.o(x$fpl$ddiv)
    x$fpl$dfix                               0x08004250   Section       94  dfix.o(x$fpl$dfix)
    x$fpl$dflt                               0x080042ae   Section       46  dflt_clz.o(x$fpl$dflt)
    x$fpl$dmul                               0x080042dc   Section      340  dmul.o(x$fpl$dmul)
    x$fpl$dnaninf                            0x08004430   Section      156  dnaninf.o(x$fpl$dnaninf)
    x$fpl$dretinf                            0x080044cc   Section       12  dretinf.o(x$fpl$dretinf)
    x$fpl$drsb                               0x080044d8   Section       22  daddsub_clz.o(x$fpl$drsb)
    x$fpl$dsqrt                              0x080044f0   Section      460  dsqrt_noumaal.o(x$fpl$dsqrt)
    x$fpl$dsub                               0x080046bc   Section      468  daddsub_clz.o(x$fpl$dsub)
    _dsub1                                   0x080046cd   Thumb Code     0  daddsub_clz.o(x$fpl$dsub)
    x$fpl$f2d                                0x08004890   Section       86  f2d.o(x$fpl$f2d)
    x$fpl$fadd                               0x080048e8   Section      196  faddsub_clz.o(x$fpl$fadd)
    _fadd1                                   0x080048f7   Thumb Code     0  faddsub_clz.o(x$fpl$fadd)
    x$fpl$fcmpinf                            0x080049ac   Section       24  fcmpi.o(x$fpl$fcmpinf)
    x$fpl$fdiv                               0x080049c4   Section      388  fdiv.o(x$fpl$fdiv)
    _fdiv1                                   0x080049c5   Thumb Code     0  fdiv.o(x$fpl$fdiv)
    x$fpl$feqf                               0x08004b48   Section      104  feqf.o(x$fpl$feqf)
    x$fpl$ffix                               0x08004bb0   Section       54  ffix.o(x$fpl$ffix)
    x$fpl$fflt                               0x08004be8   Section       48  fflt_clz.o(x$fpl$fflt)
    x$fpl$fleqf                              0x08004c18   Section      104  fleqf.o(x$fpl$fleqf)
    x$fpl$fmul                               0x08004c80   Section      258  fmul.o(x$fpl$fmul)
    x$fpl$fnaninf                            0x08004d82   Section      140  fnaninf.o(x$fpl$fnaninf)
    x$fpl$fretinf                            0x08004e0e   Section       10  fretinf.o(x$fpl$fretinf)
    x$fpl$frleqf                             0x08004e18   Section       98  frleqf.o(x$fpl$frleqf)
    x$fpl$frsb                               0x08004e7a   Section       20  faddsub_clz.o(x$fpl$frsb)
    x$fpl$fsub                               0x08004e90   Section      234  faddsub_clz.o(x$fpl$fsub)
    _fsub1                                   0x08004e9f   Thumb Code     0  faddsub_clz.o(x$fpl$fsub)
    x$fpl$retnan                             0x08004f7a   Section      100  retnan.o(x$fpl$retnan)
    x$fpl$scalbn                             0x08004fde   Section       92  scalbn.o(x$fpl$scalbn)
    x$fpl$trapveneer                         0x0800503a   Section       48  trapv.o(x$fpl$trapveneer)
    .constdata                               0x0800506a   Section       10  24l01.o(.constdata)
    x$fpl$usenofp                            0x0800506a   Section        0  usenofp.o(x$fpl$usenofp)
    .constdata                               0x08005078   Section       80  asin.o(.constdata)
    pS                                       0x08005078   Data          48  asin.o(.constdata)
    qS                                       0x080050a8   Data          32  asin.o(.constdata)
    .constdata                               0x080050c8   Section      152  atan.o(.constdata)
    atanhi                                   0x080050c8   Data          32  atan.o(.constdata)
    atanlo                                   0x080050e8   Data          32  atan.o(.constdata)
    aTodd                                    0x08005108   Data          40  atan.o(.constdata)
    aTeven                                   0x08005130   Data          48  atan.o(.constdata)
    .constdata                               0x08005160   Section        8  qnan.o(.constdata)
    .data                                    0x20000000   Section       20  system_stm32f10x.o(.data)
    .data                                    0x20000014   Section        8  stm32f10x_it.o(.data)
    usTicks                                  0x20000014   Data           4  stm32f10x_it.o(.data)
    .data                                    0x2000001c   Section       20  stm32f10x_rcc.o(.data)
    APBAHBPrescTable                         0x2000001c   Data          16  stm32f10x_rcc.o(.data)
    ADCPrescTable                            0x2000002c   Data           4  stm32f10x_rcc.o(.data)
    .data                                    0x20000030   Section       10  usart.o(.data)
    .data                                    0x2000003a   Section       12  timer.o(.data)
    .data                                    0x20000048   Section       56  mpu6050.o(.data)
    x_last                                   0x20000050   Data           8  mpu6050.o(.data)
    p_last                                   0x20000058   Data           8  mpu6050.o(.data)
    x_last                                   0x20000060   Data           8  mpu6050.o(.data)
    p_last                                   0x20000068   Data           8  mpu6050.o(.data)
    x_last                                   0x20000070   Data           8  mpu6050.o(.data)
    p_last                                   0x20000078   Data           8  mpu6050.o(.data)
    .data                                    0x20000080   Section      104  imu.o(.data)
    .data                                    0x200000e8   Section       52  altitude.o(.data)
    w_z_baro                                 0x200000e8   Data           4  altitude.o(.data)
    w_acc_bias                               0x200000ec   Data           4  altitude.o(.data)
    cnt                                      0x20000119   Data           1  altitude.o(.data)
    height                                   0x2000011a   Data           2  altitude.o(.data)
    .data                                    0x2000011c   Section        2  control.o(.data)
    .data                                    0x20000120   Section       36  pid.o(.data)
    errorPit                                 0x20000134   Data           4  pid.o(.data)
    errorRol                                 0x20000138   Data           4  pid.o(.data)
    errorYaw                                 0x2000013c   Data           4  pid.o(.data)
    errorZ                                   0x20000140   Data           4  pid.o(.data)
    .bss                                     0x20000144   Section       33  main.o(.bss)
    .bss                                     0x20000165   Section      200  usart.o(.bss)
    .bss                                     0x20000230   Section      108  mpu6050.o(.bss)
    .bss                                     0x2000029c   Section       48  imu.o(.bss)
    .bss                                     0x200002cc   Section      436  pid.o(.bss)
    .bss                                     0x20000480   Section       96  libspace.o(.bss)
    HEAP                                     0x200004e0   Section      512  startup_stm32f10x_md.o(HEAP)
    Heap_Mem                                 0x200004e0   Data         512  startup_stm32f10x_md.o(HEAP)
    STACK                                    0x200006e0   Section     1024  startup_stm32f10x_md.o(STACK)
    Stack_Mem                                0x200006e0   Data        1024  startup_stm32f10x_md.o(STACK)
    __initial_sp                             0x20000ae0   Data           0  startup_stm32f10x_md.o(STACK)

    Global Symbols

    Symbol Name                              Value     Ov Type        Size  Object(Section)

    BuildAttributes$$THM_ISAv4$P$D$K$B$S$PE$A:L22UL41UL21$X:L11$S22US41US21$IEEE1$IW$USESV6$~STKCKD$USESV7$~SHL$OTIME$ROPI$IEEEX$EBA8$UX$STANDARDLIB$REQ8$PRES8$EABIv2 0x00000000   Number         0  anon$$obj.o ABSOLUTE
    __ARM_use_no_argv                        0x00000000   Number         0  main.o ABSOLUTE
    __ARM_exceptions_init                     - Undefined Weak Reference
    __alloca_initialize                       - Undefined Weak Reference
    __arm_preinit_                            - Undefined Weak Reference
    __cpp_initialize__aeabi_                  - Undefined Weak Reference
    __cxa_finalize                            - Undefined Weak Reference
    __rt_locale                               - Undefined Weak Reference
    __sigvec_lookup                           - Undefined Weak Reference
    _atexit_init                              - Undefined Weak Reference
    _call_atexit_fns                          - Undefined Weak Reference
    _clock_init                               - Undefined Weak Reference
    _fp_trap_init                             - Undefined Weak Reference
    _fp_trap_shutdown                         - Undefined Weak Reference
    _get_lc_collate                           - Undefined Weak Reference
    _get_lc_ctype                             - Undefined Weak Reference
    _get_lc_monetary                          - Undefined Weak Reference
    _get_lc_numeric                           - Undefined Weak Reference
    _get_lc_time                              - Undefined Weak Reference
    _getenv_init                              - Undefined Weak Reference
    _handle_redirection                       - Undefined Weak Reference
    _init_alloc                               - Undefined Weak Reference
    _init_user_alloc                          - Undefined Weak Reference
    _initio                                   - Undefined Weak Reference
    _rand_init                                - Undefined Weak Reference
    _signal_finish                            - Undefined Weak Reference
    _signal_init                              - Undefined Weak Reference
    _terminate_alloc                          - Undefined Weak Reference
    _terminate_user_alloc                     - Undefined Weak Reference
    _terminateio                              - Undefined Weak Reference
    __Vectors_Size                           0x000000ec   Number         0  startup_stm32f10x_md.o ABSOLUTE
    __Vectors                                0x08000000   Data           4  startup_stm32f10x_md.o(RESET)
    __Vectors_End                            0x080000ec   Data           0  startup_stm32f10x_md.o(RESET)
    __main                                   0x080000ed   Thumb Code     8  __main.o(!!!main)
    __scatterload                            0x080000f5   Thumb Code     0  __scatter.o(!!!scatter)
    __scatterload_rt2                        0x080000f5   Thumb Code    44  __scatter.o(!!!scatter)
    __scatterload_rt2_thumb_only             0x080000f5   Thumb Code     0  __scatter.o(!!!scatter)
    __scatterload_null                       0x08000103   Thumb Code     0  __scatter.o(!!!scatter)
    __decompress                             0x08000129   Thumb Code    90  __dczerorl2.o(!!dczerorl2)
    __decompress1                            0x08000129   Thumb Code     0  __dczerorl2.o(!!dczerorl2)
    __scatterload_zeroinit                   0x08000185   Thumb Code    28  __scatter_zi.o(!!handler_zi)
    __rt_lib_init                            0x080001a1   Thumb Code     0  libinit.o(.ARM.Collect$$libinit$$00000000)
    __rt_lib_init_alloca_1                   0x080001a3   Thumb Code     0  libinit2.o(.ARM.Collect$$libinit$$0000002E)
    __rt_lib_init_argv_1                     0x080001a3   Thumb Code     0  libinit2.o(.ARM.Collect$$libinit$$0000002C)
    __rt_lib_init_atexit_1                   0x080001a3   Thumb Code     0  libinit2.o(.ARM.Collect$$libinit$$0000001B)
    __rt_lib_init_clock_1                    0x080001a3   Thumb Code     0  libinit2.o(.ARM.Collect$$libinit$$00000021)
    __rt_lib_init_cpp_1                      0x080001a3   Thumb Code     0  libinit2.o(.ARM.Collect$$libinit$$00000032)
    __rt_lib_init_exceptions_1               0x080001a3   Thumb Code     0  libinit2.o(.ARM.Collect$$libinit$$00000030)
    __rt_lib_init_fp_1                       0x080001a3   Thumb Code     0  libinit2.o(.ARM.Collect$$libinit$$00000002)
    __rt_lib_init_fp_trap_1                  0x080001a3   Thumb Code     0  libinit2.o(.ARM.Collect$$libinit$$0000001F)
    __rt_lib_init_getenv_1                   0x080001a3   Thumb Code     0  libinit2.o(.ARM.Collect$$libinit$$00000023)
    __rt_lib_init_heap_1                     0x080001a3   Thumb Code     0  libinit2.o(.ARM.Collect$$libinit$$0000000A)
    __rt_lib_init_lc_collate_1               0x080001a3   Thumb Code     0  libinit2.o(.ARM.Collect$$libinit$$00000011)
    __rt_lib_init_lc_ctype_1                 0x080001a3   Thumb Code     0  libinit2.o(.ARM.Collect$$libinit$$00000013)
    __rt_lib_init_lc_monetary_1              0x080001a3   Thumb Code     0  libinit2.o(.ARM.Collect$$libinit$$00000015)
    __rt_lib_init_lc_numeric_1               0x080001a3   Thumb Code     0  libinit2.o(.ARM.Collect$$libinit$$00000017)
    __rt_lib_init_lc_time_1                  0x080001a3   Thumb Code     0  libinit2.o(.ARM.Collect$$libinit$$00000019)
    __rt_lib_init_preinit_1                  0x080001a3   Thumb Code     0  libinit2.o(.ARM.Collect$$libinit$$00000004)
    __rt_lib_init_rand_1                     0x080001a3   Thumb Code     0  libinit2.o(.ARM.Collect$$libinit$$0000000E)
    __rt_lib_init_return                     0x080001a3   Thumb Code     0  libinit2.o(.ARM.Collect$$libinit$$00000033)
    __rt_lib_init_signal_1                   0x080001a3   Thumb Code     0  libinit2.o(.ARM.Collect$$libinit$$0000001D)
    __rt_lib_init_stdio_1                    0x080001a3   Thumb Code     0  libinit2.o(.ARM.Collect$$libinit$$00000025)
    __rt_lib_init_user_alloc_1               0x080001a3   Thumb Code     0  libinit2.o(.ARM.Collect$$libinit$$0000000C)
    __rt_lib_shutdown                        0x080001a5   Thumb Code     0  libshutdown.o(.ARM.Collect$$libshutdown$$00000000)
    __rt_lib_shutdown_cpp_1                  0x080001a7   Thumb Code     0  libshutdown2.o(.ARM.Collect$$libshutdown$$00000002)
    __rt_lib_shutdown_fp_trap_1              0x080001a7   Thumb Code     0  libshutdown2.o(.ARM.Collect$$libshutdown$$00000007)
    __rt_lib_shutdown_heap_1                 0x080001a7   Thumb Code     0  libshutdown2.o(.ARM.Collect$$libshutdown$$0000000F)
    __rt_lib_shutdown_return                 0x080001a7   Thumb Code     0  libshutdown2.o(.ARM.Collect$$libshutdown$$00000010)
    __rt_lib_shutdown_signal_1               0x080001a7   Thumb Code     0  libshutdown2.o(.ARM.Collect$$libshutdown$$0000000A)
    __rt_lib_shutdown_stdio_1                0x080001a7   Thumb Code     0  libshutdown2.o(.ARM.Collect$$libshutdown$$00000004)
    __rt_lib_shutdown_user_alloc_1           0x080001a7   Thumb Code     0  libshutdown2.o(.ARM.Collect$$libshutdown$$0000000C)
    __rt_entry                               0x080001a9   Thumb Code     0  __rtentry.o(.ARM.Collect$$rtentry$$00000000)
    __rt_entry_presh_1                       0x080001a9   Thumb Code     0  __rtentry2.o(.ARM.Collect$$rtentry$$00000002)
    __rt_entry_sh                            0x080001a9   Thumb Code     0  __rtentry4.o(.ARM.Collect$$rtentry$$00000004)
    __rt_entry_li                            0x080001af   Thumb Code     0  __rtentry2.o(.ARM.Collect$$rtentry$$0000000A)
    __rt_entry_postsh_1                      0x080001af   Thumb Code     0  __rtentry2.o(.ARM.Collect$$rtentry$$00000009)
    __rt_entry_main                          0x080001b3   Thumb Code     0  __rtentry2.o(.ARM.Collect$$rtentry$$0000000D)
    __rt_entry_postli_1                      0x080001b3   Thumb Code     0  __rtentry2.o(.ARM.Collect$$rtentry$$0000000C)
    __rt_exit                                0x080001bb   Thumb Code     0  rtexit.o(.ARM.Collect$$rtexit$$00000000)
    __rt_exit_ls                             0x080001bd   Thumb Code     0  rtexit2.o(.ARM.Collect$$rtexit$$00000003)
    __rt_exit_prels_1                        0x080001bd   Thumb Code     0  rtexit2.o(.ARM.Collect$$rtexit$$00000002)
    __rt_exit_exit                           0x080001c1   Thumb Code     0  rtexit2.o(.ARM.Collect$$rtexit$$00000004)
    Reset_Handler                            0x080001c9   Thumb Code     8  startup_stm32f10x_md.o(.text)
    ADC1_2_IRQHandler                        0x080001e3   Thumb Code     0  startup_stm32f10x_md.o(.text)
    CAN1_RX1_IRQHandler                      0x080001e3   Thumb Code     0  startup_stm32f10x_md.o(.text)
    CAN1_SCE_IRQHandler                      0x080001e3   Thumb Code     0  startup_stm32f10x_md.o(.text)
    DMA1_Channel1_IRQHandler                 0x080001e3   Thumb Code     0  startup_stm32f10x_md.o(.text)
    DMA1_Channel2_IRQHandler                 0x080001e3   Thumb Code     0  startup_stm32f10x_md.o(.text)
    DMA1_Channel3_IRQHandler                 0x080001e3   Thumb Code     0  startup_stm32f10x_md.o(.text)
    DMA1_Channel4_IRQHandler                 0x080001e3   Thumb Code     0  startup_stm32f10x_md.o(.text)
    DMA1_Channel5_IRQHandler                 0x080001e3   Thumb Code     0  startup_stm32f10x_md.o(.text)
    DMA1_Channel6_IRQHandler                 0x080001e3   Thumb Code     0  startup_stm32f10x_md.o(.text)
    DMA1_Channel7_IRQHandler                 0x080001e3   Thumb Code     0  startup_stm32f10x_md.o(.text)
    EXTI0_IRQHandler                         0x080001e3   Thumb Code     0  startup_stm32f10x_md.o(.text)
    EXTI15_10_IRQHandler                     0x080001e3   Thumb Code     0  startup_stm32f10x_md.o(.text)
    EXTI1_IRQHandler                         0x080001e3   Thumb Code     0  startup_stm32f10x_md.o(.text)
    EXTI2_IRQHandler                         0x080001e3   Thumb Code     0  startup_stm32f10x_md.o(.text)
    EXTI3_IRQHandler                         0x080001e3   Thumb Code     0  startup_stm32f10x_md.o(.text)
    EXTI4_IRQHandler                         0x080001e3   Thumb Code     0  startup_stm32f10x_md.o(.text)
    EXTI9_5_IRQHandler                       0x080001e3   Thumb Code     0  startup_stm32f10x_md.o(.text)
    FLASH_IRQHandler                         0x080001e3   Thumb Code     0  startup_stm32f10x_md.o(.text)
    I2C1_ER_IRQHandler                       0x080001e3   Thumb Code     0  startup_stm32f10x_md.o(.text)
    I2C1_EV_IRQHandler                       0x080001e3   Thumb Code     0  startup_stm32f10x_md.o(.text)
    I2C2_ER_IRQHandler                       0x080001e3   Thumb Code     0  startup_stm32f10x_md.o(.text)
    I2C2_EV_IRQHandler                       0x080001e3   Thumb Code     0  startup_stm32f10x_md.o(.text)
    PVD_IRQHandler                           0x080001e3   Thumb Code     0  startup_stm32f10x_md.o(.text)
    RCC_IRQHandler                           0x080001e3   Thumb Code     0  startup_stm32f10x_md.o(.text)
    RTCAlarm_IRQHandler                      0x080001e3   Thumb Code     0  startup_stm32f10x_md.o(.text)
    RTC_IRQHandler                           0x080001e3   Thumb Code     0  startup_stm32f10x_md.o(.text)
    SPI1_IRQHandler                          0x080001e3   Thumb Code     0  startup_stm32f10x_md.o(.text)
    SPI2_IRQHandler                          0x080001e3   Thumb Code     0  startup_stm32f10x_md.o(.text)
    TAMPER_IRQHandler                        0x080001e3   Thumb Code     0  startup_stm32f10x_md.o(.text)
    TIM1_BRK_IRQHandler                      0x080001e3   Thumb Code     0  startup_stm32f10x_md.o(.text)
    TIM1_CC_IRQHandler                       0x080001e3   Thumb Code     0  startup_stm32f10x_md.o(.text)
    TIM1_TRG_COM_IRQHandler                  0x080001e3   Thumb Code     0  startup_stm32f10x_md.o(.text)
    TIM1_UP_IRQHandler                       0x080001e3   Thumb Code     0  startup_stm32f10x_md.o(.text)
    TIM4_IRQHandler                          0x080001e3   Thumb Code     0  startup_stm32f10x_md.o(.text)
    USART1_IRQHandler                        0x080001e3   Thumb Code     0  startup_stm32f10x_md.o(.text)
    USART2_IRQHandler                        0x080001e3   Thumb Code     0  startup_stm32f10x_md.o(.text)
    USBWakeUp_IRQHandler                     0x080001e3   Thumb Code     0  startup_stm32f10x_md.o(.text)
    USB_HP_CAN1_TX_IRQHandler                0x080001e3   Thumb Code     0  startup_stm32f10x_md.o(.text)
    USB_LP_CAN1_RX0_IRQHandler               0x080001e3   Thumb Code     0  startup_stm32f10x_md.o(.text)
    WWDG_IRQHandler                          0x080001e3   Thumb Code     0  startup_stm32f10x_md.o(.text)
    __user_initial_stackheap                 0x080001e5   Thumb Code     0  startup_stm32f10x_md.o(.text)
    __use_no_semihosting                     0x08000209   Thumb Code     2  use_no_semi_2.o(.text)
    __use_two_region_memory                  0x0800020b   Thumb Code     2  heapauxi.o(.text)
    __rt_heap_escrow$2region                 0x0800020d   Thumb Code     2  heapauxi.o(.text)
    __rt_heap_expand$2region                 0x0800020f   Thumb Code     2  heapauxi.o(.text)
    __I$use$semihosting                      0x08000211   Thumb Code     0  use_no_semi.o(.text)
    __use_no_semihosting_swi                 0x08000211   Thumb Code     2  use_no_semi.o(.text)
    __read_errno                             0x08000213   Thumb Code    10  _rserrno.o(.text)
    __set_errno                              0x0800021d   Thumb Code    12  _rserrno.o(.text)
    __aeabi_errno_addr                       0x08000229   Thumb Code     8  rt_errno_addr_intlibspace.o(.text)
    __errno$intlibspace                      0x08000229   Thumb Code     0  rt_errno_addr_intlibspace.o(.text)
    __rt_errno_addr$intlibspace              0x08000229   Thumb Code     0  rt_errno_addr_intlibspace.o(.text)
    __user_libspace                          0x08000231   Thumb Code     8  libspace.o(.text)
    __user_perproc_libspace                  0x08000231   Thumb Code     0  libspace.o(.text)
    __user_perthread_libspace                0x08000231   Thumb Code     0  libspace.o(.text)
    __user_setup_stackheap                   0x08000239   Thumb Code    74  sys_stackheap_outer.o(.text)
    exit                                     0x08000283   Thumb Code    18  exit.o(.text)
    Acc_OFFSET                               0x08000295   Thumb Code   126  mpu6050.o(i.Acc_OFFSET)
    Angle_Calculate                          0x0800031d   Thumb Code  1830  imu.o(i.Angle_Calculate)
    BusFault_Handler                         0x08000a95   Thumb Code     4  stm32f10x_it.o(i.BusFault_Handler)
    Cascade_PID_Calc                         0x08000a99   Thumb Code  1880  pid.o(i.Cascade_PID_Calc)
    DebugMon_Handler                         0x08001201   Thumb Code     2  stm32f10x_it.o(i.DebugMon_Handler)
    FL_ABS                                   0x08001203   Thumb Code    24  imu.o(i.FL_ABS)
    GPIO_Init                                0x0800121b   Thumb Code   278  stm32f10x_gpio.o(i.GPIO_Init)
    GPIO_ResetBits                           0x08001331   Thumb Code     4  stm32f10x_gpio.o(i.GPIO_ResetBits)
    GPIO_SetBits                             0x08001335   Thumb Code     4  stm32f10x_gpio.o(i.GPIO_SetBits)
    GetSysclkFreq                            0x08001339   Thumb Code    26  stm32f10x_it.o(i.GetSysclkFreq)
    Get_Attitude                             0x0800135d   Thumb Code   394  mpu6050.o(i.Get_Attitude)
    Gyro_OFFSET                              0x080014fd   Thumb Code   328  mpu6050.o(i.Gyro_OFFSET)
    HardFault_Handler                        0x08001649   Thumb Code     4  stm32f10x_it.o(i.HardFault_Handler)
    I2C_Ack                                  0x0800164d   Thumb Code    48  iic.o(i.I2C_Ack)
    I2C_GPIO_Configuration                   0x08001685   Thumb Code    46  iic.o(i.I2C_GPIO_Configuration)
    I2C_NoAck                                0x080016b9   Thumb Code    48  iic.o(i.I2C_NoAck)
    I2C_ReadByte                             0x080016f1   Thumb Code    66  iic.o(i.I2C_ReadByte)
    I2C_Read_Len                             0x08001733   Thumb Code   114  iic.o(i.I2C_Read_Len)
    I2C_WriteByte                            0x080017a5   Thumb Code    76  iic.o(i.I2C_WriteByte)
    Init                                     0x080017f1   Thumb Code    96  main.o(i.Init)
    LED_Init                                 0x08001a79   Thumb Code    50  led.o(i.LED_Init)
    LED_off                                  0x08001ab1   Thumb Code    26  led.o(i.LED_off)
    LED_on                                   0x08001ad5   Thumb Code    26  led.o(i.LED_on)
    LED_rev                                  0x08001af9   Thumb Code    78  led.o(i.LED_rev)
    M1_SetSpeed                              0x08001b51   Thumb Code    32  pwm.o(i.M1_SetSpeed)
    M2_SetSpeed                              0x08001b75   Thumb Code    32  pwm.o(i.M2_SetSpeed)
    M3_SetSpeed                              0x08001b99   Thumb Code    32  pwm.o(i.M3_SetSpeed)
    M4_SetSpeed                              0x08001bbd   Thumb Code    32  pwm.o(i.M4_SetSpeed)
    MPU6050_Getdata                          0x08001be1   Thumb Code   268  mpu6050.o(i.MPU6050_Getdata)
    MPU_Get_Accelerometer                    0x08001cfd   Thumb Code    80  mpu6050.o(i.MPU_Get_Accelerometer)
    MPU_Get_Gyroscope                        0x08001d4d   Thumb Code    80  mpu6050.o(i.MPU_Get_Gyroscope)
    MPU_Init                                 0x08001d9d   Thumb Code   144  mpu6050.o(i.MPU_Init)
    MPU_Set_Accel_Fsr                        0x08001e31   Thumb Code    18  mpu6050.o(i.MPU_Set_Accel_Fsr)
    MPU_Set_Gyro_Fsr                         0x08001e43   Thumb Code    18  mpu6050.o(i.MPU_Set_Gyro_Fsr)
    MPU_Set_LPF                              0x08001e55   Thumb Code    60  mpu6050.o(i.MPU_Set_LPF)
    MPU_Set_Rate                             0x08001e91   Thumb Code    60  mpu6050.o(i.MPU_Set_Rate)
    MemManage_Handler                        0x08001ecd   Thumb Code     4  stm32f10x_it.o(i.MemManage_Handler)
    Motor_Move                               0x08001ed1   Thumb Code    40  pwm.o(i.Motor_Move)
    NMI_Handler                              0x08001ef9   Thumb Code     2  stm32f10x_it.o(i.NMI_Handler)
    NRF24L01_Check                           0x08001efd   Thumb Code    72  24l01.o(i.NRF24L01_Check)
    NRF24L01_Init                            0x08001f4d   Thumb Code   206  24l01.o(i.NRF24L01_Init)
    NRF24L01_MsgAnalysis                     0x08002031   Thumb Code   394  control.o(i.NRF24L01_MsgAnalysis)
    NRF24L01_RX_Mode                         0x080021d1   Thumb Code    76  24l01.o(i.NRF24L01_RX_Mode)
    NRF24L01_Read_Buf                        0x08002229   Thumb Code    56  24l01.o(i.NRF24L01_Read_Buf)
    NRF24L01_Read_Reg                        0x08002265   Thumb Code    36  24l01.o(i.NRF24L01_Read_Reg)
    NRF24L01_RxPacket                        0x08002291   Thumb Code    58  24l01.o(i.NRF24L01_RxPacket)
    NRF24L01_Write_Buf                       0x080022cd   Thumb Code    56  24l01.o(i.NRF24L01_Write_Buf)
    NRF24L01_Write_Reg                       0x08002309   Thumb Code    38  24l01.o(i.NRF24L01_Write_Reg)
    NVIC_Init                                0x08002339   Thumb Code   100  misc.o(i.NVIC_Init)
    NVIC_PriorityGroupConfig                 0x080023a9   Thumb Code    10  misc.o(i.NVIC_PriorityGroupConfig)
    PWM_Init                                 0x080023bd   Thumb Code    16  pwm.o(i.PWM_Init)
    PendSV_Handler                           0x080023cd   Thumb Code     2  stm32f10x_it.o(i.PendSV_Handler)
    Q_rsqrt                                  0x080023d1   Thumb Code    74  imu.o(i.Q_rsqrt)
    RCC_APB1PeriphClockCmd                   0x08002421   Thumb Code    26  stm32f10x_rcc.o(i.RCC_APB1PeriphClockCmd)
    RCC_APB2PeriphClockCmd                   0x08002441   Thumb Code    26  stm32f10x_rcc.o(i.RCC_APB2PeriphClockCmd)
    RCC_GetClocksFreq                        0x08002461   Thumb Code   192  stm32f10x_rcc.o(i.RCC_GetClocksFreq)
    SPI1_Init                                0x08002535   Thumb Code   130  spi.o(i.SPI1_Init)
    SPI1_ReadWriteByte                       0x080025c1   Thumb Code    78  spi.o(i.SPI1_ReadWriteByte)
    SPI1_SetSpeed                            0x08002615   Thumb Code    36  spi.o(i.SPI1_SetSpeed)
    SPI_Cmd                                  0x0800263d   Thumb Code    24  stm32f10x_spi.o(i.SPI_Cmd)
    SPI_I2S_GetFlagStatus                    0x08002655   Thumb Code    18  stm32f10x_spi.o(i.SPI_I2S_GetFlagStatus)
    SPI_I2S_ReceiveData                      0x08002667   Thumb Code     6  stm32f10x_spi.o(i.SPI_I2S_ReceiveData)
    SPI_I2S_SendData                         0x0800266d   Thumb Code     4  stm32f10x_spi.o(i.SPI_I2S_SendData)
    SPI_Init                                 0x08002671   Thumb Code    60  stm32f10x_spi.o(i.SPI_Init)
    SVC_Handler                              0x080026ad   Thumb Code     2  stm32f10x_it.o(i.SVC_Handler)
    SysTick_Handler                          0x08002799   Thumb Code    12  stm32f10x_it.o(i.SysTick_Handler)
    SystemInit                               0x080027a9   Thumb Code    78  system_stm32f10x.o(i.SystemInit)
    TIM2_Config                              0x08002809   Thumb Code   104  timer.o(i.TIM2_Config)
    TIM2_IRQHandler                          0x08002871   Thumb Code    82  timer.o(i.TIM2_IRQHandler)
    TIM3_Config                              0x080028d9   Thumb Code   100  timer.o(i.TIM3_Config)
    TIM3_IRQHandler                          0x08002941   Thumb Code   188  timer.o(i.TIM3_IRQHandler)
    TIM_1_Int_Init                           0x08002a21   Thumb Code   230  pwm.o(i.TIM_1_Int_Init)
    TIM_ARRPreloadConfig                     0x08002b11   Thumb Code    24  stm32f10x_tim.o(i.TIM_ARRPreloadConfig)
    TIM_BDTRConfig                           0x08002b29   Thumb Code    32  stm32f10x_tim.o(i.TIM_BDTRConfig)
    TIM_ClearFlag                            0x08002b49   Thumb Code     6  stm32f10x_tim.o(i.TIM_ClearFlag)
    TIM_ClearITPendingBit                    0x08002b4f   Thumb Code     6  stm32f10x_tim.o(i.TIM_ClearITPendingBit)
    TIM_Cmd                                  0x08002b55   Thumb Code    24  stm32f10x_tim.o(i.TIM_Cmd)
    TIM_GetITStatus                          0x08002b6d   Thumb Code    34  stm32f10x_tim.o(i.TIM_GetITStatus)
    TIM_ITConfig                             0x08002b8f   Thumb Code    18  stm32f10x_tim.o(i.TIM_ITConfig)
    TIM_OC1Init                              0x08002ba1   Thumb Code   132  stm32f10x_tim.o(i.TIM_OC1Init)
    TIM_OC1PreloadConfig                     0x08002c39   Thumb Code    18  stm32f10x_tim.o(i.TIM_OC1PreloadConfig)
    TIM_OC2Init                              0x08002c4d   Thumb Code   154  stm32f10x_tim.o(i.TIM_OC2Init)
    TIM_OC2PreloadConfig                     0x08002cf1   Thumb Code    26  stm32f10x_tim.o(i.TIM_OC2PreloadConfig)
    TIM_OC3Init                              0x08002d0d   Thumb Code   150  stm32f10x_tim.o(i.TIM_OC3Init)
    TIM_OC3PreloadConfig                     0x08002dad   Thumb Code    18  stm32f10x_tim.o(i.TIM_OC3PreloadConfig)
    TIM_OC4Init                              0x08002dc1   Thumb Code   114  stm32f10x_tim.o(i.TIM_OC4Init)
    TIM_OC4PreloadConfig                     0x08002e3d   Thumb Code    26  stm32f10x_tim.o(i.TIM_OC4PreloadConfig)
    TIM_SetCompare1                          0x08002e57   Thumb Code     4  stm32f10x_tim.o(i.TIM_SetCompare1)
    TIM_SetCompare2                          0x08002e5b   Thumb Code     4  stm32f10x_tim.o(i.TIM_SetCompare2)
    TIM_SetCompare3                          0x08002e5f   Thumb Code     4  stm32f10x_tim.o(i.TIM_SetCompare3)
    TIM_SetCompare4                          0x08002e63   Thumb Code     6  stm32f10x_tim.o(i.TIM_SetCompare4)
    TIM_TimeBaseInit                         0x08002e69   Thumb Code   122  stm32f10x_tim.o(i.TIM_TimeBaseInit)
    USART3_IRQHandler                        0x08002f0d   Thumb Code    94  usart.o(i.USART3_IRQHandler)
    USART_Cmd                                0x08002f85   Thumb Code    24  stm32f10x_usart.o(i.USART_Cmd)
    USART_GetITStatus                        0x08002f9d   Thumb Code    84  stm32f10x_usart.o(i.USART_GetITStatus)
    USART_ITConfig                           0x08002ff1   Thumb Code    74  stm32f10x_usart.o(i.USART_ITConfig)
    USART_Init                               0x0800303d   Thumb Code   210  stm32f10x_usart.o(i.USART_Init)
    USART_ReceiveData                        0x08003115   Thumb Code    10  stm32f10x_usart.o(i.USART_ReceiveData)
    UsageFault_Handler                       0x0800311f   Thumb Code     4  stm32f10x_it.o(i.UsageFault_Handler)
    VariableParameter                        0x08003125   Thumb Code    92  imu.o(i.VariableParameter)
    __ARM_fpclassify                         0x08003191   Thumb Code    40  fpclassify.o(i.__ARM_fpclassify)
    __kernel_poly                            0x080031b9   Thumb Code   170  poly.o(i.__kernel_poly)
    __mathlib_dbl_infnan                     0x08003263   Thumb Code     6  dunder.o(i.__mathlib_dbl_infnan)
    __mathlib_dbl_infnan2                    0x08003269   Thumb Code     4  dunder.o(i.__mathlib_dbl_infnan2)
    __mathlib_dbl_invalid                    0x0800326d   Thumb Code    12  dunder.o(i.__mathlib_dbl_invalid)
    __mathlib_dbl_underflow                  0x08003279   Thumb Code    10  dunder.o(i.__mathlib_dbl_underflow)
    _sys_exit                                0x08003289   Thumb Code     6  usart.o(i._sys_exit)
    asin                                     0x08003291   Thumb Code   572  asin.o(i.asin)
    atan                                     0x08003501   Thumb Code   474  atan.o(i.atan)
    atan2                                    0x08003721   Thumb Code   346  atan2.o(i.atan2)
    clr_int                                  0x080038a1   Thumb Code    42  param.o(i.clr_int)
    delay2                                   0x080038d9   Thumb Code    12  iic.o(i.delay2)
    delay_init                               0x080038e5   Thumb Code    88  delay.o(i.delay_init)
    delay_ms                                 0x08003949   Thumb Code    34  delay.o(i.delay_ms)
    delay_nop                                0x0800396b   Thumb Code    14  iic.o(i.delay_nop)
    iic_SDA_Set_Dir                          0x08003979   Thumb Code    54  iic.o(i.iic_SDA_Set_Dir)
    iic_check_ACK                            0x080039b5   Thumb Code    66  iic.o(i.iic_check_ACK)
    iic_readx                                0x080039fd   Thumb Code    94  iic.o(i.iic_readx)
    iic_start                                0x08003a65   Thumb Code    48  iic.o(i.iic_start)
    iic_stop                                 0x08003a9d   Thumb Code    48  iic.o(i.iic_stop)
    iic_writex                               0x08003ad5   Thumb Code    96  iic.o(i.iic_writex)
    main                                     0x08003b3d   Thumb Code    34  main.o(i.main)
    micros                                   0x08003b69   Thumb Code    58  stm32f10x_it.o(i.micros)
    paramLoad                                0x08003bad   Thumb Code   194  param.o(i.paramLoad)
    recordHeight                             0x08003c95   Thumb Code    62  altitude.o(i.recordHeight)
    sqrt                                     0x08003ce9   Thumb Code    76  sqrt.o(i.sqrt)
    uart_init                                0x08003d35   Thumb Code   158  usart.o(i.uart_init)
    __aeabi_d2f                              0x08003ddd   Thumb Code     0  d2f.o(x$fpl$d2f)
    _d2f                                     0x08003ddd   Thumb Code    98  d2f.o(x$fpl$d2f)
    __aeabi_dadd                             0x08003e41   Thumb Code     0  daddsub_clz.o(x$fpl$dadd)
    _dadd                                    0x08003e41   Thumb Code   332  daddsub_clz.o(x$fpl$dadd)
    __fpl_dcheck_NaN1                        0x08003f91   Thumb Code    10  dcheck1.o(x$fpl$dcheck1)
    __aeabi_ddiv                             0x08003fa1   Thumb Code     0  ddiv.o(x$fpl$ddiv)
    _ddiv                                    0x08003fa1   Thumb Code   552  ddiv.o(x$fpl$ddiv)
    __aeabi_d2iz                             0x08004251   Thumb Code     0  dfix.o(x$fpl$dfix)
    _dfix                                    0x08004251   Thumb Code    94  dfix.o(x$fpl$dfix)
    __aeabi_i2d                              0x080042af   Thumb Code     0  dflt_clz.o(x$fpl$dflt)
    _dflt                                    0x080042af   Thumb Code    46  dflt_clz.o(x$fpl$dflt)
    __aeabi_dmul                             0x080042dd   Thumb Code     0  dmul.o(x$fpl$dmul)
    _dmul                                    0x080042dd   Thumb Code   332  dmul.o(x$fpl$dmul)
    __fpl_dnaninf                            0x08004431   Thumb Code   156  dnaninf.o(x$fpl$dnaninf)
    __fpl_dretinf                            0x080044cd   Thumb Code    12  dretinf.o(x$fpl$dretinf)
    __aeabi_drsub                            0x080044d9   Thumb Code     0  daddsub_clz.o(x$fpl$drsb)
    _drsb                                    0x080044d9   Thumb Code    22  daddsub_clz.o(x$fpl$drsb)
    _dsqrt                                   0x080044f1   Thumb Code   456  dsqrt_noumaal.o(x$fpl$dsqrt)
    __aeabi_dsub                             0x080046bd   Thumb Code     0  daddsub_clz.o(x$fpl$dsub)
    _dsub                                    0x080046bd   Thumb Code   464  daddsub_clz.o(x$fpl$dsub)
    __aeabi_f2d                              0x08004891   Thumb Code     0  f2d.o(x$fpl$f2d)
    _f2d                                     0x08004891   Thumb Code    86  f2d.o(x$fpl$f2d)
    __aeabi_fadd                             0x080048e9   Thumb Code     0  faddsub_clz.o(x$fpl$fadd)
    _fadd                                    0x080048e9   Thumb Code   196  faddsub_clz.o(x$fpl$fadd)
    __fpl_fcmp_Inf                           0x080049ad   Thumb Code    24  fcmpi.o(x$fpl$fcmpinf)
    __aeabi_fdiv                             0x080049c5   Thumb Code     0  fdiv.o(x$fpl$fdiv)
    _fdiv                                    0x080049c5   Thumb Code   384  fdiv.o(x$fpl$fdiv)
    __aeabi_cfcmpeq                          0x08004b49   Thumb Code     0  feqf.o(x$fpl$feqf)
    _fcmpeq                                  0x08004b49   Thumb Code   104  feqf.o(x$fpl$feqf)
    __aeabi_f2iz                             0x08004bb1   Thumb Code     0  ffix.o(x$fpl$ffix)
    _ffix                                    0x08004bb1   Thumb Code    54  ffix.o(x$fpl$ffix)
    __aeabi_i2f                              0x08004be9   Thumb Code     0  fflt_clz.o(x$fpl$fflt)
    _fflt                                    0x08004be9   Thumb Code    48  fflt_clz.o(x$fpl$fflt)
    __aeabi_cfcmple                          0x08004c19   Thumb Code     0  fleqf.o(x$fpl$fleqf)
    _fcmple                                  0x08004c19   Thumb Code   104  fleqf.o(x$fpl$fleqf)
    __fpl_fcmple_InfNaN                      0x08004c6b   Thumb Code     0  fleqf.o(x$fpl$fleqf)
    __aeabi_fmul                             0x08004c81   Thumb Code     0  fmul.o(x$fpl$fmul)
    _fmul                                    0x08004c81   Thumb Code   258  fmul.o(x$fpl$fmul)
    __fpl_fnaninf                            0x08004d83   Thumb Code   140  fnaninf.o(x$fpl$fnaninf)
    __fpl_fretinf                            0x08004e0f   Thumb Code    10  fretinf.o(x$fpl$fretinf)
    __aeabi_cfrcmple                         0x08004e19   Thumb Code     0  frleqf.o(x$fpl$frleqf)
    _frcmple                                 0x08004e19   Thumb Code    98  frleqf.o(x$fpl$frleqf)
    __aeabi_frsub                            0x08004e7b   Thumb Code     0  faddsub_clz.o(x$fpl$frsb)
    _frsb                                    0x08004e7b   Thumb Code    20  faddsub_clz.o(x$fpl$frsb)
    __aeabi_fsub                             0x08004e91   Thumb Code     0  faddsub_clz.o(x$fpl$fsub)
    _fsub                                    0x08004e91   Thumb Code   234  faddsub_clz.o(x$fpl$fsub)
    __fpl_return_NaN                         0x08004f7b   Thumb Code   100  retnan.o(x$fpl$retnan)
    __ARM_scalbn                             0x08004fdf   Thumb Code    92  scalbn.o(x$fpl$scalbn)
    __fpl_cmpreturn                          0x0800503b   Thumb Code    48  trapv.o(x$fpl$trapveneer)
    TX_ADDRESS                               0x0800506a   Data           5  24l01.o(.constdata)
    __I$use$fp                               0x0800506a   Number         0  usenofp.o(x$fpl$usenofp)
    RX_ADDRESS                               0x0800506f   Data           5  24l01.o(.constdata)
    __mathlib_zero                           0x08005160   Data           8  qnan.o(.constdata)
    Region$$Table$$Base                      0x08005168   Number         0  anon$$obj.o(Region$$Table)
    Region$$Table$$Limit                     0x08005188   Number         0  anon$$obj.o(Region$$Table)
    SystemCoreClock                          0x20000000   Data           4  system_stm32f10x.o(.data)
    AHBPrescTable                            0x20000004   Data          16  system_stm32f10x.o(.data)
    sysTickUptime                            0x20000018   Data           4  stm32f10x_it.o(.data)
    READING_ALTI                             0x20000030   Data           1  usart.o(.data)
    __stdout                                 0x20000034   Data           4  usart.o(.data)
    USART_RX_STA                             0x20000038   Data           2  usart.o(.data)
    loop200HzFlag                            0x2000003a   Data           1  timer.o(.data)
    loop100HzFlag                            0x2000003b   Data           1  timer.o(.data)
    loop50HzFlag                             0x2000003c   Data           1  timer.o(.data)
    loop10HzFlag                             0x2000003d   Data           1  timer.o(.data)
    loop200HzCnt                             0x2000003e   Data           2  timer.o(.data)
    loop100HzCnt                             0x20000040   Data           2  timer.o(.data)
    loop50HzCnt                              0x20000042   Data           2  timer.o(.data)
    loop10HzCnt                              0x20000044   Data           2  timer.o(.data)
    z_NED                                    0x20000048   Data           4  mpu6050.o(.data)
    Rot_matrix                               0x20000080   Data          36  imu.o(.data)
    q0                                       0x200000a4   Data           4  imu.o(.data)
    q1                                       0x200000a8   Data           4  imu.o(.data)
    q2                                       0x200000ac   Data           4  imu.o(.data)
    q3                                       0x200000b0   Data           4  imu.o(.data)
    exInt                                    0x200000b4   Data           4  imu.o(.data)
    eyInt                                    0x200000b8   Data           4  imu.o(.data)
    ezInt                                    0x200000bc   Data           4  imu.o(.data)
    q0q0                                     0x200000c0   Data           4  imu.o(.data)
    q0q1                                     0x200000c4   Data           4  imu.o(.data)
    q0q2                                     0x200000c8   Data           4  imu.o(.data)
    q0q3                                     0x200000cc   Data           4  imu.o(.data)
    q1q1                                     0x200000d0   Data           4  imu.o(.data)
    q1q2                                     0x200000d4   Data           4  imu.o(.data)
    q1q3                                     0x200000d8   Data           4  imu.o(.data)
    q2q2                                     0x200000dc   Data           4  imu.o(.data)
    q2q3                                     0x200000e0   Data           4  imu.o(.data)
    q3q3                                     0x200000e4   Data           4  imu.o(.data)
    corr_acc                                 0x200000f0   Data           4  altitude.o(.data)
    z_NED_offset                             0x200000f4   Data           4  altitude.o(.data)
    t_pre                                    0x200000f8   Data           4  altitude.o(.data)
    dt                                       0x200000fc   Data           4  altitude.o(.data)
    accel_NED                                0x20000100   Data          12  altitude.o(.data)
    corr_baro                                0x2000010c   Data           4  altitude.o(.data)
    altitude                                 0x20000110   Data           4  altitude.o(.data)
    altiOffset                               0x20000114   Data           4  altitude.o(.data)
    isRCWLInit                               0x20000118   Data           1  altitude.o(.data)
    fly_allow                                0x2000011c   Data           1  control.o(.data)
    f_hold                                   0x2000011d   Data           1  control.o(.data)
    Throttle                                 0x20000120   Data           4  pid.o(.data)
    basethrottle                             0x20000124   Data           4  pid.o(.data)
    extrathrottle                            0x20000128   Data           4  pid.o(.data)
    holdthrottle                             0x2000012c   Data           4  pid.o(.data)
    z_speed                                  0x20000130   Data           4  pid.o(.data)
    MSG_RX_BUF                               0x20000144   Data          33  main.o(.bss)
    USART_RX_BUF                             0x20000165   Data         200  usart.o(.bss)
    sensor                                   0x20000230   Data         108  mpu6050.o(.bss)
    EulerAngle                               0x2000029c   Data          12  imu.o(.bss)
    DCMgb                                    0x200002a8   Data          36  imu.o(.bss)
    ctrl                                     0x200002cc   Data         360  pid.o(.bss)
    Motor_PWM                                0x20000434   Data          16  pid.o(.bss)
    alti                                     0x20000444   Data          60  pid.o(.bss)
    __libspace_start                         0x20000480   Data          96  libspace.o(.bss)
    __temporary_stack_top$libspace           0x200004e0   Data           0  libspace.o(.bss)



==============================================================================

Memory Map of the image

  Image Entry point : 0x080000ed

  Load Region LR_IROM1 (Base: 0x08000000, Size: 0x000052cc, Max: 0x00010000, ABSOLUTE, COMPRESSED[0x000051c4])

    Execution Region ER_IROM1 (Base: 0x08000000, Size: 0x00005188, Max: 0x00010000, ABSOLUTE)

    Base Addr    Size         Type   Attr      Idx    E Section Name        Object

    0x08000000   0x000000ec   Data   RO          339    RESET               startup_stm32f10x_md.o
    0x080000ec   0x00000008   Code   RO         4184  * !!!main             c_w.l(__main.o)
    0x080000f4   0x00000034   Code   RO         4494    !!!scatter          c_w.l(__scatter.o)
    0x08000128   0x0000005a   Code   RO         4492    !!dczerorl2         c_w.l(__dczerorl2.o)
    0x08000182   0x00000002   PAD
    0x08000184   0x0000001c   Code   RO         4496    !!handler_zi        c_w.l(__scatter_zi.o)
    0x080001a0   0x00000002   Code   RO         4365    .ARM.Collect$$libinit$$00000000  c_w.l(libinit.o)
    0x080001a2   0x00000000   Code   RO         4371    .ARM.Collect$$libinit$$00000002  c_w.l(libinit2.o)
    0x080001a2   0x00000000   Code   RO         4373    .ARM.Collect$$libinit$$00000004  c_w.l(libinit2.o)
    0x080001a2   0x00000000   Code   RO         4376    .ARM.Collect$$libinit$$0000000A  c_w.l(libinit2.o)
    0x080001a2   0x00000000   Code   RO         4378    .ARM.Collect$$libinit$$0000000C  c_w.l(libinit2.o)
    0x080001a2   0x00000000   Code   RO         4380    .ARM.Collect$$libinit$$0000000E  c_w.l(libinit2.o)
    0x080001a2   0x00000000   Code   RO         4383    .ARM.Collect$$libinit$$00000011  c_w.l(libinit2.o)
    0x080001a2   0x00000000   Code   RO         4385    .ARM.Collect$$libinit$$00000013  c_w.l(libinit2.o)
    0x080001a2   0x00000000   Code   RO         4387    .ARM.Collect$$libinit$$00000015  c_w.l(libinit2.o)
    0x080001a2   0x00000000   Code   RO         4389    .ARM.Collect$$libinit$$00000017  c_w.l(libinit2.o)
    0x080001a2   0x00000000   Code   RO         4391    .ARM.Collect$$libinit$$00000019  c_w.l(libinit2.o)
    0x080001a2   0x00000000   Code   RO         4393    .ARM.Collect$$libinit$$0000001B  c_w.l(libinit2.o)
    0x080001a2   0x00000000   Code   RO         4395    .ARM.Collect$$libinit$$0000001D  c_w.l(libinit2.o)
    0x080001a2   0x00000000   Code   RO         4397    .ARM.Collect$$libinit$$0000001F  c_w.l(libinit2.o)
    0x080001a2   0x00000000   Code   RO         4399    .ARM.Collect$$libinit$$00000021  c_w.l(libinit2.o)
    0x080001a2   0x00000000   Code   RO         4401    .ARM.Collect$$libinit$$00000023  c_w.l(libinit2.o)
    0x080001a2   0x00000000   Code   RO         4403    .ARM.Collect$$libinit$$00000025  c_w.l(libinit2.o)
    0x080001a2   0x00000000   Code   RO         4407    .ARM.Collect$$libinit$$0000002C  c_w.l(libinit2.o)
    0x080001a2   0x00000000   Code   RO         4409    .ARM.Collect$$libinit$$0000002E  c_w.l(libinit2.o)
    0x080001a2   0x00000000   Code   RO         4411    .ARM.Collect$$libinit$$00000030  c_w.l(libinit2.o)
    0x080001a2   0x00000000   Code   RO         4413    .ARM.Collect$$libinit$$00000032  c_w.l(libinit2.o)
    0x080001a2   0x00000002   Code   RO         4414    .ARM.Collect$$libinit$$00000033  c_w.l(libinit2.o)
    0x080001a4   0x00000002   Code   RO         4434    .ARM.Collect$$libshutdown$$00000000  c_w.l(libshutdown.o)
    0x080001a6   0x00000000   Code   RO         4444    .ARM.Collect$$libshutdown$$00000002  c_w.l(libshutdown2.o)
    0x080001a6   0x00000000   Code   RO         4446    .ARM.Collect$$libshutdown$$00000004  c_w.l(libshutdown2.o)
    0x080001a6   0x00000000   Code   RO         4449    .ARM.Collect$$libshutdown$$00000007  c_w.l(libshutdown2.o)
    0x080001a6   0x00000000   Code   RO         4452    .ARM.Collect$$libshutdown$$0000000A  c_w.l(libshutdown2.o)
    0x080001a6   0x00000000   Code   RO         4454    .ARM.Collect$$libshutdown$$0000000C  c_w.l(libshutdown2.o)
    0x080001a6   0x00000000   Code   RO         4457    .ARM.Collect$$libshutdown$$0000000F  c_w.l(libshutdown2.o)
    0x080001a6   0x00000002   Code   RO         4458    .ARM.Collect$$libshutdown$$00000010  c_w.l(libshutdown2.o)
    0x080001a8   0x00000000   Code   RO         4278    .ARM.Collect$$rtentry$$00000000  c_w.l(__rtentry.o)
    0x080001a8   0x00000000   Code   RO         4330    .ARM.Collect$$rtentry$$00000002  c_w.l(__rtentry2.o)
    0x080001a8   0x00000006   Code   RO         4342    .ARM.Collect$$rtentry$$00000004  c_w.l(__rtentry4.o)
    0x080001ae   0x00000000   Code   RO         4332    .ARM.Collect$$rtentry$$00000009  c_w.l(__rtentry2.o)
    0x080001ae   0x00000004   Code   RO         4333    .ARM.Collect$$rtentry$$0000000A  c_w.l(__rtentry2.o)
    0x080001b2   0x00000000   Code   RO         4335    .ARM.Collect$$rtentry$$0000000C  c_w.l(__rtentry2.o)
    0x080001b2   0x00000008   Code   RO         4336    .ARM.Collect$$rtentry$$0000000D  c_w.l(__rtentry2.o)
    0x080001ba   0x00000002   Code   RO         4368    .ARM.Collect$$rtexit$$00000000  c_w.l(rtexit.o)
    0x080001bc   0x00000000   Code   RO         4418    .ARM.Collect$$rtexit$$00000002  c_w.l(rtexit2.o)
    0x080001bc   0x00000004   Code   RO         4419    .ARM.Collect$$rtexit$$00000003  c_w.l(rtexit2.o)
    0x080001c0   0x00000006   Code   RO         4420    .ARM.Collect$$rtexit$$00000004  c_w.l(rtexit2.o)
    0x080001c6   0x00000002   PAD
    0x080001c8   0x00000040   Code   RO          340    .text               startup_stm32f10x_md.o
    0x08000208   0x00000002   Code   RO         4180    .text               c_w.l(use_no_semi_2.o)
    0x0800020a   0x00000006   Code   RO         4182    .text               c_w.l(heapauxi.o)
    0x08000210   0x00000002   Code   RO         4276    .text               c_w.l(use_no_semi.o)
    0x08000212   0x00000016   Code   RO         4279    .text               c_w.l(_rserrno.o)
    0x08000228   0x00000008   Code   RO         4347    .text               c_w.l(rt_errno_addr_intlibspace.o)
    0x08000230   0x00000008   Code   RO         4353    .text               c_w.l(libspace.o)
    0x08000238   0x0000004a   Code   RO         4356    .text               c_w.l(sys_stackheap_outer.o)
    0x08000282   0x00000012   Code   RO         4358    .text               c_w.l(exit.o)
    0x08000294   0x00000088   Code   RO         3704    i.Acc_OFFSET        mpu6050.o
    0x0800031c   0x00000778   Code   RO         3804    i.Angle_Calculate   imu.o
    0x08000a94   0x00000004   Code   RO          244    i.BusFault_Handler  stm32f10x_it.o
    0x08000a98   0x00000768   Code   RO         4148    i.Cascade_PID_Calc  pid.o
    0x08001200   0x00000002   Code   RO          245    i.DebugMon_Handler  stm32f10x_it.o
    0x08001202   0x00000018   Code   RO         3806    i.FL_ABS            imu.o
    0x0800121a   0x00000116   Code   RO         1495    i.GPIO_Init         stm32f10x_gpio.o
    0x08001330   0x00000004   Code   RO         1502    i.GPIO_ResetBits    stm32f10x_gpio.o
    0x08001334   0x00000004   Code   RO         1503    i.GPIO_SetBits      stm32f10x_gpio.o
    0x08001338   0x00000024   Code   RO          246    i.GetSysclkFreq     stm32f10x_it.o
    0x0800135c   0x000001a0   Code   RO         3705    i.Get_Attitude      mpu6050.o
    0x080014fc   0x0000014c   Code   RO         3706    i.Gyro_OFFSET       mpu6050.o
    0x08001648   0x00000004   Code   RO          247    i.HardFault_Handler  stm32f10x_it.o
    0x0800164c   0x00000038   Code   RO         3992    i.I2C_Ack           iic.o
    0x08001684   0x00000034   Code   RO         3993    i.I2C_GPIO_Configuration  iic.o
    0x080016b8   0x00000038   Code   RO         3994    i.I2C_NoAck         iic.o
    0x080016f0   0x00000042   Code   RO         3997    i.I2C_ReadByte      iic.o
    0x08001732   0x00000072   Code   RO         3998    i.I2C_Read_Len      iic.o
    0x080017a4   0x0000004c   Code   RO         3999    i.I2C_WriteByte     iic.o
    0x080017f0   0x00000060   Code   RO            1    i.Init              main.o
    0x08001850   0x000000b8   Code   RO         3707    i.KalmanFilter_x    mpu6050.o
    0x08001908   0x000000b8   Code   RO         3708    i.KalmanFilter_y    mpu6050.o
    0x080019c0   0x000000b8   Code   RO         3709    i.KalmanFilter_z    mpu6050.o
    0x08001a78   0x00000038   Code   RO         3491    i.LED_Init          led.o
    0x08001ab0   0x00000024   Code   RO         3492    i.LED_off           led.o
    0x08001ad4   0x00000024   Code   RO         3493    i.LED_on            led.o
    0x08001af8   0x00000058   Code   RO         3494    i.LED_rev           led.o
    0x08001b50   0x00000024   Code   RO         3560    i.M1_SetSpeed       pwm.o
    0x08001b74   0x00000024   Code   RO         3561    i.M2_SetSpeed       pwm.o
    0x08001b98   0x00000024   Code   RO         3562    i.M3_SetSpeed       pwm.o
    0x08001bbc   0x00000024   Code   RO         3563    i.M4_SetSpeed       pwm.o
    0x08001be0   0x0000011c   Code   RO         3710    i.MPU6050_Getdata   mpu6050.o
    0x08001cfc   0x00000050   Code   RO         3711    i.MPU_Get_Accelerometer  mpu6050.o
    0x08001d4c   0x00000050   Code   RO         3712    i.MPU_Get_Gyroscope  mpu6050.o
    0x08001d9c   0x00000094   Code   RO         3714    i.MPU_Init          mpu6050.o
    0x08001e30   0x00000012   Code   RO         3715    i.MPU_Set_Accel_Fsr  mpu6050.o
    0x08001e42   0x00000012   Code   RO         3716    i.MPU_Set_Gyro_Fsr  mpu6050.o
    0x08001e54   0x0000003c   Code   RO         3717    i.MPU_Set_LPF       mpu6050.o
    0x08001e90   0x0000003c   Code   RO         3718    i.MPU_Set_Rate      mpu6050.o
    0x08001ecc   0x00000004   Code   RO          248    i.MemManage_Handler  stm32f10x_it.o
    0x08001ed0   0x00000028   Code   RO         3564    i.Motor_Move        pwm.o
    0x08001ef8   0x00000002   Code   RO          249    i.NMI_Handler       stm32f10x_it.o
    0x08001efa   0x00000002   PAD
    0x08001efc   0x00000050   Code   RO         3608    i.NRF24L01_Check    24l01.o
    0x08001f4c   0x000000e4   Code   RO         3609    i.NRF24L01_Init     24l01.o
    0x08002030   0x000001a0   Code   RO         4125    i.NRF24L01_MsgAnalysis  control.o
    0x080021d0   0x00000058   Code   RO         3610    i.NRF24L01_RX_Mode  24l01.o
    0x08002228   0x0000003c   Code   RO         3611    i.NRF24L01_Read_Buf  24l01.o
    0x08002264   0x0000002c   Code   RO         3612    i.NRF24L01_Read_Reg  24l01.o
    0x08002290   0x0000003a   Code   RO         3613    i.NRF24L01_RxPacket  24l01.o
    0x080022ca   0x00000002   PAD
    0x080022cc   0x0000003c   Code   RO         3616    i.NRF24L01_Write_Buf  24l01.o
    0x08002308   0x00000030   Code   RO         3617    i.NRF24L01_Write_Reg  24l01.o
    0x08002338   0x00000070   Code   RO          344    i.NVIC_Init         misc.o
    0x080023a8   0x00000014   Code   RO          345    i.NVIC_PriorityGroupConfig  misc.o
    0x080023bc   0x00000010   Code   RO         3565    i.PWM_Init          pwm.o
    0x080023cc   0x00000002   Code   RO          250    i.PendSV_Handler    stm32f10x_it.o
    0x080023ce   0x00000002   PAD
    0x080023d0   0x00000050   Code   RO         3807    i.Q_rsqrt           imu.o
    0x08002420   0x00000020   Code   RO         1911    i.RCC_APB1PeriphClockCmd  stm32f10x_rcc.o
    0x08002440   0x00000020   Code   RO         1913    i.RCC_APB2PeriphClockCmd  stm32f10x_rcc.o
    0x08002460   0x000000d4   Code   RO         1921    i.RCC_GetClocksFreq  stm32f10x_rcc.o
    0x08002534   0x0000008c   Code   RO         3680    i.SPI1_Init         spi.o
    0x080025c0   0x00000054   Code   RO         3681    i.SPI1_ReadWriteByte  spi.o
    0x08002614   0x00000028   Code   RO         3682    i.SPI1_SetSpeed     spi.o
    0x0800263c   0x00000018   Code   RO         2390    i.SPI_Cmd           stm32f10x_spi.o
    0x08002654   0x00000012   Code   RO         2398    i.SPI_I2S_GetFlagStatus  stm32f10x_spi.o
    0x08002666   0x00000006   Code   RO         2401    i.SPI_I2S_ReceiveData  stm32f10x_spi.o
    0x0800266c   0x00000004   Code   RO         2402    i.SPI_I2S_SendData  stm32f10x_spi.o
    0x08002670   0x0000003c   Code   RO         2403    i.SPI_Init          stm32f10x_spi.o
    0x080026ac   0x00000002   Code   RO          251    i.SVC_Handler       stm32f10x_it.o
    0x080026ae   0x00000008   Code   RO          188    i.SetSysClock       system_stm32f10x.o
    0x080026b6   0x00000002   PAD
    0x080026b8   0x000000e0   Code   RO          189    i.SetSysClockTo72   system_stm32f10x.o
    0x08002798   0x00000010   Code   RO          252    i.SysTick_Handler   stm32f10x_it.o
    0x080027a8   0x00000060   Code   RO          191    i.SystemInit        system_stm32f10x.o
    0x08002808   0x00000068   Code   RO         3521    i.TIM2_Config       timer.o
    0x08002870   0x00000068   Code   RO         3522    i.TIM2_IRQHandler   timer.o
    0x080028d8   0x00000068   Code   RO         3523    i.TIM3_Config       timer.o
    0x08002940   0x000000e0   Code   RO         3524    i.TIM3_IRQHandler   timer.o
    0x08002a20   0x000000f0   Code   RO         3566    i.TIM_1_Int_Init    pwm.o
    0x08002b10   0x00000018   Code   RO         2533    i.TIM_ARRPreloadConfig  stm32f10x_tim.o
    0x08002b28   0x00000020   Code   RO         2534    i.TIM_BDTRConfig    stm32f10x_tim.o
    0x08002b48   0x00000006   Code   RO         2539    i.TIM_ClearFlag     stm32f10x_tim.o
    0x08002b4e   0x00000006   Code   RO         2540    i.TIM_ClearITPendingBit  stm32f10x_tim.o
    0x08002b54   0x00000018   Code   RO         2545    i.TIM_Cmd           stm32f10x_tim.o
    0x08002b6c   0x00000022   Code   RO         2566    i.TIM_GetITStatus   stm32f10x_tim.o
    0x08002b8e   0x00000012   Code   RO         2570    i.TIM_ITConfig      stm32f10x_tim.o
    0x08002ba0   0x00000098   Code   RO         2574    i.TIM_OC1Init       stm32f10x_tim.o
    0x08002c38   0x00000012   Code   RO         2577    i.TIM_OC1PreloadConfig  stm32f10x_tim.o
    0x08002c4a   0x00000002   PAD
    0x08002c4c   0x000000a4   Code   RO         2579    i.TIM_OC2Init       stm32f10x_tim.o
    0x08002cf0   0x0000001a   Code   RO         2582    i.TIM_OC2PreloadConfig  stm32f10x_tim.o
    0x08002d0a   0x00000002   PAD
    0x08002d0c   0x000000a0   Code   RO         2584    i.TIM_OC3Init       stm32f10x_tim.o
    0x08002dac   0x00000012   Code   RO         2587    i.TIM_OC3PreloadConfig  stm32f10x_tim.o
    0x08002dbe   0x00000002   PAD
    0x08002dc0   0x0000007c   Code   RO         2589    i.TIM_OC4Init       stm32f10x_tim.o
    0x08002e3c   0x0000001a   Code   RO         2591    i.TIM_OC4PreloadConfig  stm32f10x_tim.o
    0x08002e56   0x00000004   Code   RO         2606    i.TIM_SetCompare1   stm32f10x_tim.o
    0x08002e5a   0x00000004   Code   RO         2607    i.TIM_SetCompare2   stm32f10x_tim.o
    0x08002e5e   0x00000004   Code   RO         2608    i.TIM_SetCompare3   stm32f10x_tim.o
    0x08002e62   0x00000006   Code   RO         2609    i.TIM_SetCompare4   stm32f10x_tim.o
    0x08002e68   0x000000a4   Code   RO         2616    i.TIM_TimeBaseInit  stm32f10x_tim.o
    0x08002f0c   0x00000078   Code   RO         3450    i.USART3_IRQHandler  usart.o
    0x08002f84   0x00000018   Code   RO         3081    i.USART_Cmd         stm32f10x_usart.o
    0x08002f9c   0x00000054   Code   RO         3085    i.USART_GetITStatus  stm32f10x_usart.o
    0x08002ff0   0x0000004a   Code   RO         3087    i.USART_ITConfig    stm32f10x_usart.o
    0x0800303a   0x00000002   PAD
    0x0800303c   0x000000d8   Code   RO         3088    i.USART_Init        stm32f10x_usart.o
    0x08003114   0x0000000a   Code   RO         3095    i.USART_ReceiveData  stm32f10x_usart.o
    0x0800311e   0x00000004   Code   RO          253    i.UsageFault_Handler  stm32f10x_it.o
    0x08003122   0x00000002   PAD
    0x08003124   0x0000006c   Code   RO         3808    i.VariableParameter  imu.o
    0x08003190   0x00000028   Code   RO         4324    i.__ARM_fpclassify  m_ws.l(fpclassify.o)
    0x080031b8   0x000000aa   Code   RO         4326    i.__kernel_poly     m_ws.l(poly.o)
    0x08003262   0x00000006   Code   RO         4311    i.__mathlib_dbl_infnan  m_ws.l(dunder.o)
    0x08003268   0x00000004   Code   RO         4312    i.__mathlib_dbl_infnan2  m_ws.l(dunder.o)
    0x0800326c   0x0000000c   Code   RO         4313    i.__mathlib_dbl_invalid  m_ws.l(dunder.o)
    0x08003278   0x00000010   Code   RO         4316    i.__mathlib_dbl_underflow  m_ws.l(dunder.o)
    0x08003288   0x00000006   Code   RO         3451    i._sys_exit         usart.o
    0x0800328e   0x00000002   PAD
    0x08003290   0x00000270   Code   RO         4241    i.asin              m_ws.l(asin.o)
    0x08003500   0x00000220   Code   RO         4301    i.atan              m_ws.l(atan.o)
    0x08003720   0x00000180   Code   RO         4251    i.atan2             m_ws.l(atan2.o)
    0x080038a0   0x00000038   Code   RO         4106    i.clr_int           param.o
    0x080038d8   0x0000000c   Code   RO         4002    i.delay2            iic.o
    0x080038e4   0x00000064   Code   RO         3394    i.delay_init        delay.o
    0x08003948   0x00000022   Code   RO         3395    i.delay_ms          delay.o
    0x0800396a   0x0000000e   Code   RO         4003    i.delay_nop         iic.o
    0x08003978   0x0000003c   Code   RO         4004    i.iic_SDA_Set_Dir   iic.o
    0x080039b4   0x00000048   Code   RO         4005    i.iic_check_ACK     iic.o
    0x080039fc   0x00000068   Code   RO         4006    i.iic_readx         iic.o
    0x08003a64   0x00000038   Code   RO         4007    i.iic_start         iic.o
    0x08003a9c   0x00000038   Code   RO         4008    i.iic_stop          iic.o
    0x08003ad4   0x00000068   Code   RO         4009    i.iic_writex        iic.o
    0x08003b3c   0x0000002c   Code   RO            2    i.main              main.o
    0x08003b68   0x00000044   Code   RO          254    i.micros            stm32f10x_it.o
    0x08003bac   0x000000e8   Code   RO         4107    i.paramLoad         param.o
    0x08003c94   0x00000054   Code   RO         3949    i.recordHeight      altitude.o
    0x08003ce8   0x0000004c   Code   RO         4269    i.sqrt              m_ws.l(sqrt.o)
    0x08003d34   0x000000a8   Code   RO         3453    i.uart_init         usart.o
    0x08003ddc   0x00000062   Code   RO         4186    x$fpl$d2f           fz_ws.l(d2f.o)
    0x08003e3e   0x00000002   PAD
    0x08003e40   0x00000150   Code   RO         4188    x$fpl$dadd          fz_ws.l(daddsub_clz.o)
    0x08003f90   0x00000010   Code   RO         4349    x$fpl$dcheck1       fz_ws.l(dcheck1.o)
    0x08003fa0   0x000002b0   Code   RO         4195    x$fpl$ddiv          fz_ws.l(ddiv.o)
    0x08004250   0x0000005e   Code   RO         4198    x$fpl$dfix          fz_ws.l(dfix.o)
    0x080042ae   0x0000002e   Code   RO         4203    x$fpl$dflt          fz_ws.l(dflt_clz.o)
    0x080042dc   0x00000154   Code   RO         4208    x$fpl$dmul          fz_ws.l(dmul.o)
    0x08004430   0x0000009c   Code   RO         4283    x$fpl$dnaninf       fz_ws.l(dnaninf.o)
    0x080044cc   0x0000000c   Code   RO         4285    x$fpl$dretinf       fz_ws.l(dretinf.o)
    0x080044d8   0x00000016   Code   RO         4189    x$fpl$drsb          fz_ws.l(daddsub_clz.o)
    0x080044ee   0x00000002   PAD
    0x080044f0   0x000001cc   Code   RO         4289    x$fpl$dsqrt         fz_ws.l(dsqrt_noumaal.o)
    0x080046bc   0x000001d4   Code   RO         4190    x$fpl$dsub          fz_ws.l(daddsub_clz.o)
    0x08004890   0x00000056   Code   RO         4210    x$fpl$f2d           fz_ws.l(f2d.o)
    0x080048e6   0x00000002   PAD
    0x080048e8   0x000000c4   Code   RO         4212    x$fpl$fadd          fz_ws.l(faddsub_clz.o)
    0x080049ac   0x00000018   Code   RO         4291    x$fpl$fcmpinf       fz_ws.l(fcmpi.o)
    0x080049c4   0x00000184   Code   RO         4219    x$fpl$fdiv          fz_ws.l(fdiv.o)
    0x08004b48   0x00000068   Code   RO         4222    x$fpl$feqf          fz_ws.l(feqf.o)
    0x08004bb0   0x00000036   Code   RO         4224    x$fpl$ffix          fz_ws.l(ffix.o)
    0x08004be6   0x00000002   PAD
    0x08004be8   0x00000030   Code   RO         4229    x$fpl$fflt          fz_ws.l(fflt_clz.o)
    0x08004c18   0x00000068   Code   RO         4234    x$fpl$fleqf         fz_ws.l(fleqf.o)
    0x08004c80   0x00000102   Code   RO         4236    x$fpl$fmul          fz_ws.l(fmul.o)
    0x08004d82   0x0000008c   Code   RO         4293    x$fpl$fnaninf       fz_ws.l(fnaninf.o)
    0x08004e0e   0x0000000a   Code   RO         4295    x$fpl$fretinf       fz_ws.l(fretinf.o)
    0x08004e18   0x00000062   Code   RO         4238    x$fpl$frleqf        fz_ws.l(frleqf.o)
    0x08004e7a   0x00000014   Code   RO         4213    x$fpl$frsb          fz_ws.l(faddsub_clz.o)
    0x08004e8e   0x00000002   PAD
    0x08004e90   0x000000ea   Code   RO         4214    x$fpl$fsub          fz_ws.l(faddsub_clz.o)
    0x08004f7a   0x00000064   Code   RO         4366    x$fpl$retnan        fz_ws.l(retnan.o)
    0x08004fde   0x0000005c   Code   RO         4297    x$fpl$scalbn        fz_ws.l(scalbn.o)
    0x0800503a   0x00000030   Code   RO         4415    x$fpl$trapveneer    fz_ws.l(trapv.o)
    0x0800506a   0x00000000   Code   RO         4299    x$fpl$usenofp       fz_ws.l(usenofp.o)
    0x0800506a   0x0000000a   Data   RO         3618    .constdata          24l01.o
    0x08005074   0x00000004   PAD
    0x08005078   0x00000050   Data   RO         4242    .constdata          m_ws.l(asin.o)
    0x080050c8   0x00000098   Data   RO         4302    .constdata          m_ws.l(atan.o)
    0x08005160   0x00000008   Data   RO         4328    .constdata          m_ws.l(qnan.o)
    0x08005168   0x00000020   Data   RO         4490    Region$$Table       anon$$obj.o


    Execution Region RW_IRAM1 (Base: 0x20000000, Size: 0x00000ae0, Max: 0x00005000, ABSOLUTE, COMPRESSED[0x0000003c])

    Base Addr    Size         Type   Attr      Idx    E Section Name        Object

    0x20000000   0x00000014   Data   RW          192    .data               system_stm32f10x.o
    0x20000014   0x00000008   Data   RW          255    .data               stm32f10x_it.o
    0x2000001c   0x00000014   Data   RW         1941    .data               stm32f10x_rcc.o
    0x20000030   0x0000000a   Data   RW         3455    .data               usart.o
    0x2000003a   0x0000000c   Data   RW         3525    .data               timer.o
    0x20000046   0x00000002   PAD
    0x20000048   0x00000038   Data   RW         3720    .data               mpu6050.o
    0x20000080   0x00000068   Data   RW         3810    .data               imu.o
    0x200000e8   0x00000034   Data   RW         3951    .data               altitude.o
    0x2000011c   0x00000002   Data   RW         4126    .data               control.o
    0x2000011e   0x00000002   PAD
    0x20000120   0x00000024   Data   RW         4151    .data               pid.o
    0x20000144   0x00000021   Zero   RW            4    .bss                main.o
    0x20000165   0x000000c8   Zero   RW         3454    .bss                usart.o
    0x2000022d   0x00000003   PAD
    0x20000230   0x0000006c   Zero   RW         3719    .bss                mpu6050.o
    0x2000029c   0x00000030   Zero   RW         3809    .bss                imu.o
    0x200002cc   0x000001b4   Zero   RW         4150    .bss                pid.o
    0x20000480   0x00000060   Zero   RW         4354    .bss                c_w.l(libspace.o)
    0x200004e0   0x00000200   Zero   RW          338    HEAP                startup_stm32f10x_md.o
    0x200006e0   0x00000400   Zero   RW          337    STACK               startup_stm32f10x_md.o


==============================================================================

Image component sizes


      Code (inc. data)   RO Data    RW Data    ZI Data      Debug   Object Name

       666         68         10          0          0       5514   24l01.o
        84         22          0         52          0       2031   altitude.o
       416         22          0          2          0       1390   control.o
         0          0          0          0          0         32   core_cm3.o
       134         12          0          0          0      16191   delay.o
       898         68          0          0          0       7520   iic.o
      2124        184          0        104         48       4423   imu.o
       216         36          0          0          0       1668   led.o
       140         10          0          0         33     260263   main.o
       132         22          0          0          0       1463   misc.o
      2184         98          0         56        108      11702   mpu6050.o
       288         52          0          0          0        982   param.o
      1896         36          0         36        436       2621   pid.o
       440         26          0          0          0       3937   pwm.o
       264         20          0          0          0       1709   spi.o
        64         26        236          0       1536        776   startup_stm32f10x_md.o
       286          0          0          0          0       2940   stm32f10x_gpio.o
       144         24          0          8          0       4875   stm32f10x_it.o
       276         32          0         20          0       4310   stm32f10x_rcc.o
       112          0          0          0          0       3686   stm32f10x_spi.o
      1014         92          0          0          0      12050   stm32f10x_tim.o
       408          6          0          0          0       4858   stm32f10x_usart.o
       328         28          0         20          0       1965   system_stm32f10x.o
       536         62          0         12          0       3294   timer.o
       294         36          0         10        200       3621   usart.o

    ----------------------------------------------------------------------
     13364        982        282        324       2364     363821   Object Totals
         0          0         32          0          0          0   (incl. Generated)
        20          0          4          4          3          0   (incl. Padding)

    ----------------------------------------------------------------------

      Code (inc. data)   RO Data    RW Data    ZI Data      Debug   Library Member Name

        90          0          0          0          0          0   __dczerorl2.o
         8          0          0          0          0         68   __main.o
         0          0          0          0          0          0   __rtentry.o
        12          0          0          0          0          0   __rtentry2.o
         6          0          0          0          0          0   __rtentry4.o
        52          8          0          0          0          0   __scatter.o
        28          0          0          0          0          0   __scatter_zi.o
        22          0          0          0          0        100   _rserrno.o
        18          0          0          0          0         80   exit.o
         6          0          0          0          0        152   heapauxi.o
         2          0          0          0          0          0   libinit.o
         2          0          0          0          0          0   libinit2.o
         2          0          0          0          0          0   libshutdown.o
         2          0          0          0          0          0   libshutdown2.o
         8          4          0          0         96         68   libspace.o
         8          4          0          0          0         68   rt_errno_addr_intlibspace.o
         2          0          0          0          0          0   rtexit.o
        10          0          0          0          0          0   rtexit2.o
        74          0          0          0          0         80   sys_stackheap_outer.o
         2          0          0          0          0         68   use_no_semi.o
         2          0          0          0          0         68   use_no_semi_2.o
        98          4          0          0          0         92   d2f.o
       826         16          0          0          0        348   daddsub_clz.o
        16          4          0          0          0         68   dcheck1.o
       688        140          0          0          0        208   ddiv.o
        94          4          0          0          0         92   dfix.o
        46          0          0          0          0         68   dflt_clz.o
       340         12          0          0          0        104   dmul.o
       156          4          0          0          0         92   dnaninf.o
        12          0          0          0          0         68   dretinf.o
       460         56          0          0          0        120   dsqrt_noumaal.o
        86          4          0          0          0         84   f2d.o
       450          8          0          0          0        236   faddsub_clz.o
        24          0          0          0          0         68   fcmpi.o
       388         76          0          0          0         96   fdiv.o
       104          4          0          0          0         84   feqf.o
        54          4          0          0          0         84   ffix.o
        48          0          0          0          0         68   fflt_clz.o
       104          4          0          0          0         84   fleqf.o
       258          4          0          0          0         84   fmul.o
       140          4          0          0          0         84   fnaninf.o
        10          0          0          0          0         68   fretinf.o
        98          0          0          0          0         68   frleqf.o
       100          0          0          0          0         68   retnan.o
        92          0          0          0          0         68   scalbn.o
        48          0          0          0          0         68   trapv.o
         0          0          0          0          0          0   usenofp.o
       624         52         80          0          0        168   asin.o
       544         70        152          0          0        124   atan.o
       384         38          0          0          0        144   atan2.o
        38          6          0          0          0        272   dunder.o
        40          0          0          0          0         68   fpclassify.o
       170          0          0          0          0         96   poly.o
         0          0          8          0          0          0   qnan.o
        76          0          0          0          0         84   sqrt.o

    ----------------------------------------------------------------------
      6986        530        240          0         96       4280   Library Totals
        14          0          0          0          0          0   (incl. Padding)

    ----------------------------------------------------------------------

      Code (inc. data)   RO Data    RW Data    ZI Data      Debug   Library Name

       356         16          0          0         96        752   c_w.l
      4740        348          0          0          0       2572   fz_ws.l
      1876        166        240          0          0        956   m_ws.l

    ----------------------------------------------------------------------
      6986        530        240          0         96       4280   Library Totals

    ----------------------------------------------------------------------

==============================================================================


      Code (inc. data)   RO Data    RW Data    ZI Data      Debug   

     20350       1512        522        324       2460     359673   Grand Totals
     20350       1512        522         60       2460     359673   ELF Image Totals (compressed)
     20350       1512        522         60          0          0   ROM Totals

==============================================================================

    Total RO  Size (Code + RO Data)                20872 (  20.38kB)
    Total RW  Size (RW Data + ZI Data)              2784 (   2.72kB)
    Total ROM Size (Code + RO Data + RW Data)      20932 (  20.44kB)

==============================================================================

