Component: ARM Compiler 5.06 update 3 (build 300) Tool: armlink [4d35c9]

==============================================================================

Section Cross References

    main.o(i.BSP_Init) refers to delay.o(i.delay_init) for delay_init
    main.o(i.BSP_Init) refers to misc.o(i.NVIC_PriorityGroupConfig) for NVIC_PriorityGroupConfig
    main.o(i.BSP_Init) refers to led.o(i.LED_Init) for LED_Init
    main.o(i.BSP_Init) refers to led.o(i.BELL_Init) for BELL_Init
    main.o(i.BSP_Init) refers to key.o(i.KEY_Init) for KEY_Init
    main.o(i.BSP_Init) refers to oled.o(i.OLED_Init) for OLED_Init
    main.o(i.BSP_Init) refers to adc.o(i.Adc_Init) for Adc_Init
    main.o(i.BSP_Init) refers to usart.o(i.uart_init) for uart_init
    main.o(i.BSP_Init) refers to 24l01.o(i.NRF24L01_Init) for NRF24L01_Init
    main.o(i.BSP_Init) refers to oled.o(i.OLED_ShowString) for OLED_ShowString
    main.o(i.BSP_Init) refers to delay.o(i.delay_ms) for delay_ms
    main.o(i.BSP_Init) refers to 24l01.o(i.NRF24L01_Check) for NRF24L01_Check
    main.o(i.BSP_Init) refers to oled.o(i.OLED_DrawBMP) for OLED_DrawBMP
    main.o(i.BSP_Init) refers to main.o(i.logo_show) for logo_show
    main.o(i.BSP_Init) refers to oled.o(i.OLED_Clear) for OLED_Clear
    main.o(i.BSP_Init) refers to param.o(i.paramLoad) for paramLoad
    main.o(i.BSP_Init) refers to noretval__2printf.o(.text) for __2printf
    main.o(i.BSP_Init) refers to oled.o(.data) for bmp_test
    main.o(i.BSP_Init) refers to main.o(.data) for start
    main.o(i.logo_show) refers to key.o(i.KEY_Scan) for KEY_Scan
    main.o(i.logo_show) refers to delay.o(i.delay_ms) for delay_ms
    main.o(i.logo_show) refers to key.o(.data) for key
    main.o(i.logo_show) refers to main.o(.data) for start
    main.o(i.main) refers to main.o(i.BSP_Init) for BSP_Init
    main.o(i.main) refers to delay.o(i.delay_ms) for delay_ms
    main.o(i.main) refers to display.o(i.diaplay) for diaplay
    main.o(i.main) refers to key.o(i.KEY_Scan) for KEY_Scan
    main.o(i.main) refers to oled.o(i.OLED_Clear) for OLED_Clear
    main.o(i.main) refers to key.o(i.Key_press) for Key_press
    main.o(i.main) refers to mode.o(i.chooseMode) for chooseMode
    main.o(i.main) refers to key.o(.data) for key
    system_stm32f10x.o(i.SetSysClock) refers to system_stm32f10x.o(i.SetSysClockTo72) for SetSysClockTo72
    system_stm32f10x.o(i.SystemCoreClockUpdate) refers to system_stm32f10x.o(.data) for SystemCoreClock
    system_stm32f10x.o(i.SystemInit) refers to system_stm32f10x.o(i.SetSysClock) for SetSysClock
    startup_stm32f10x_md.o(STACK) refers (Special) to heapauxi.o(.text) for __use_two_region_memory
    startup_stm32f10x_md.o(HEAP) refers (Special) to heapauxi.o(.text) for __use_two_region_memory
    startup_stm32f10x_md.o(RESET) refers (Special) to heapauxi.o(.text) for __use_two_region_memory
    startup_stm32f10x_md.o(RESET) refers to startup_stm32f10x_md.o(STACK) for __initial_sp
    startup_stm32f10x_md.o(RESET) refers to startup_stm32f10x_md.o(.text) for Reset_Handler
    startup_stm32f10x_md.o(RESET) refers to stm32f10x_it.o(i.NMI_Handler) for NMI_Handler
    startup_stm32f10x_md.o(RESET) refers to stm32f10x_it.o(i.HardFault_Handler) for HardFault_Handler
    startup_stm32f10x_md.o(RESET) refers to stm32f10x_it.o(i.MemManage_Handler) for MemManage_Handler
    startup_stm32f10x_md.o(RESET) refers to stm32f10x_it.o(i.BusFault_Handler) for BusFault_Handler
    startup_stm32f10x_md.o(RESET) refers to stm32f10x_it.o(i.UsageFault_Handler) for UsageFault_Handler
    startup_stm32f10x_md.o(RESET) refers to stm32f10x_it.o(i.SVC_Handler) for SVC_Handler
    startup_stm32f10x_md.o(RESET) refers to stm32f10x_it.o(i.DebugMon_Handler) for DebugMon_Handler
    startup_stm32f10x_md.o(RESET) refers to stm32f10x_it.o(i.PendSV_Handler) for PendSV_Handler
    startup_stm32f10x_md.o(RESET) refers to stm32f10x_it.o(i.SysTick_Handler) for SysTick_Handler
    startup_stm32f10x_md.o(RESET) refers to timer.o(i.TIM3_IRQHandler) for TIM3_IRQHandler
    startup_stm32f10x_md.o(RESET) refers to usart.o(i.USART3_IRQHandler) for USART3_IRQHandler
    startup_stm32f10x_md.o(.text) refers (Special) to heapauxi.o(.text) for __use_two_region_memory
    startup_stm32f10x_md.o(.text) refers to system_stm32f10x.o(i.SystemInit) for SystemInit
    startup_stm32f10x_md.o(.text) refers to __main.o(!!!main) for __main
    startup_stm32f10x_md.o(.text) refers to startup_stm32f10x_md.o(HEAP) for Heap_Mem
    startup_stm32f10x_md.o(.text) refers to startup_stm32f10x_md.o(STACK) for Stack_Mem
    stm32f10x_adc.o(i.ADC_DeInit) refers to stm32f10x_rcc.o(i.RCC_APB2PeriphResetCmd) for RCC_APB2PeriphResetCmd
    stm32f10x_bkp.o(i.BKP_DeInit) refers to stm32f10x_rcc.o(i.RCC_BackupResetCmd) for RCC_BackupResetCmd
    stm32f10x_can.o(i.CAN_DeInit) refers to stm32f10x_rcc.o(i.RCC_APB1PeriphResetCmd) for RCC_APB1PeriphResetCmd
    stm32f10x_can.o(i.CAN_GetITStatus) refers to stm32f10x_can.o(i.CheckITStatus) for CheckITStatus
[...]
    i.ADC_StartCalibration                   0x080013b8   Section        0  stm32f10x_adc.o(i.ADC_StartCalibration)
    i.Adc_Init                               0x080013c4   Section        0  adc.o(i.Adc_Init)
    i.BELL_Init                              0x08001438   Section        0  led.o(i.BELL_Init)
    i.BSP_Init                               0x08001470   Section        0  main.o(i.BSP_Init)
    i.BusFault_Handler                       0x08001520   Section        0  stm32f10x_it.o(i.BusFault_Handler)
    i.DebugMon_Handler                       0x08001524   Section        0  stm32f10x_it.o(i.DebugMon_Handler)
    i.GPIO_Init                              0x08001526   Section        0  stm32f10x_gpio.o(i.GPIO_Init)
    i.GPIO_ReadInputDataBit                  0x0800163c   Section        0  stm32f10x_gpio.o(i.GPIO_ReadInputDataBit)
    i.GPIO_ResetBits                         0x0800164e   Section        0  stm32f10x_gpio.o(i.GPIO_ResetBits)
    i.GPIO_SetBits                           0x08001652   Section        0  stm32f10x_gpio.o(i.GPIO_SetBits)
    i.Get_Adc                                0x08001658   Section        0  adc.o(i.Get_Adc)
    i.Get_Adc_Average                        0x0800168c   Section        0  adc.o(i.Get_Adc_Average)
    i.HardFault_Handler                      0x080016ba   Section        0  stm32f10x_it.o(i.HardFault_Handler)
    i.KEY_Init                               0x080016c0   Section        0  key.o(i.KEY_Init)
    i.KEY_Scan                               0x08001728   Section        0  key.o(i.KEY_Scan)
    i.Key1_press                             0x0800184c   Section        0  key.o(i.Key1_press)
    i.Key2_press                             0x08001868   Section        0  key.o(i.Key2_press)
    i.Key3_press                             0x08001938   Section        0  key.o(i.Key3_press)
    i.Key4_press                             0x08001a44   Section        0  key.o(i.Key4_press)
    i.Key5_press                             0x08001ae0   Section        0  key.o(i.Key5_press)
    i.Key6_press                             0x08001ae2   Section        0  key.o(i.Key6_press)
    i.Key_press                              0x08001ae4   Section        0  key.o(i.Key_press)
    i.LED_Init                               0x08001b24   Section        0  led.o(i.LED_Init)
    i.MemManage_Handler                      0x08001b58   Section        0  stm32f10x_it.o(i.MemManage_Handler)
    i.NMI_Handler                            0x08001b5c   Section        0  stm32f10x_it.o(i.NMI_Handler)
    i.NRF24L01_Check                         0x08001b60   Section        0  24l01.o(i.NRF24L01_Check)
    i.NRF24L01_Init                          0x08001bb0   Section        0  24l01.o(i.NRF24L01_Init)
    i.NRF24L01_RX_Mode                       0x08001c8c   Section        0  24l01.o(i.NRF24L01_RX_Mode)
    i.NRF24L01_Read_Buf                      0x08001ce4   Section        0  24l01.o(i.NRF24L01_Read_Buf)
    i.NRF24L01_Read_Reg                      0x08001d20   Section        0  24l01.o(i.NRF24L01_Read_Reg)
    i.NRF24L01_RxPacket                      0x08001d4c   Section        0  24l01.o(i.NRF24L01_RxPacket)
    i.NRF24L01_TX_Mode                       0x08001d88   Section        0  24l01.o(i.NRF24L01_TX_Mode)
    i.NRF24L01_TxPacket                      0x08001df0   Section        0  24l01.o(i.NRF24L01_TxPacket)
    i.NRF24L01_Write_Buf                     0x08001e4c   Section        0  24l01.o(i.NRF24L01_Write_Buf)
    i.NRF24L01_Write_Reg                     0x08001e88   Section        0  24l01.o(i.NRF24L01_Write_Reg)
    i.NVIC_Init                              0x08001eb8   Section        0  misc.o(i.NVIC_Init)
    i.NVIC_PriorityGroupConfig               0x08001f28   Section        0  misc.o(i.NVIC_PriorityGroupConfig)
    i.OLED_Clear                             0x08001f3c   Section        0  oled.o(i.OLED_Clear)
    i.OLED_DrawBMP                           0x08001f7c   Section        0  oled.o(i.OLED_DrawBMP)
    i.OLED_Init                              0x08002000   Section        0  oled.o(i.OLED_Init)
    i.OLED_Set_Pos                           0x08002188   Section        0  oled.o(i.OLED_Set_Pos)
    i.OLED_ShowCHinese                       0x080021b8   Section        0  oled.o(i.OLED_ShowCHinese)
    i.OLED_ShowChar                          0x08002220   Section        0  oled.o(i.OLED_ShowChar)
    i.OLED_ShowNum                           0x080022cc   Section        0  oled.o(i.OLED_ShowNum)
    i.OLED_ShowString                        0x08002354   Section        0  oled.o(i.OLED_ShowString)
    i.OLED_WR_Byte                           0x08002390   Section        0  oled.o(i.OLED_WR_Byte)
    i.PID_dec                                0x080023fc   Section        0  param.o(i.PID_dec)
    i.PID_dec_point                          0x080026d8   Section        0  param.o(i.PID_dec_point)
    i.PID_inc                                0x08002a80   Section        0  param.o(i.PID_inc)
    i.PID_inc_point                          0x08002c58   Section        0  param.o(i.PID_inc_point)
    i.PendSV_Handler                         0x08002efc   Section        0  stm32f10x_it.o(i.PendSV_Handler)
    i.RCC_ADCCLKConfig                       0x08002f00   Section        0  stm32f10x_rcc.o(i.RCC_ADCCLKConfig)
    i.RCC_APB1PeriphClockCmd                 0x08002f18   Section        0  stm32f10x_rcc.o(i.RCC_APB1PeriphClockCmd)
    i.RCC_APB2PeriphClockCmd                 0x08002f38   Section        0  stm32f10x_rcc.o(i.RCC_APB2PeriphClockCmd)
    i.RCC_APB2PeriphResetCmd                 0x08002f58   Section        0  stm32f10x_rcc.o(i.RCC_APB2PeriphResetCmd)
    i.RCC_GetClocksFreq                      0x08002f78   Section        0  stm32f10x_rcc.o(i.RCC_GetClocksFreq)
    i.Rocker_scan                            0x0800304c   Section        0  adc.o(i.Rocker_scan)
    i.SPI2_Init                              0x080031f0   Section        0  spi.o(i.SPI2_Init)
    i.SPI2_ReadWriteByte                     0x08003284   Section        0  spi.o(i.SPI2_ReadWriteByte)
    i.SPI2_SetSpeed                          0x080032d8   Section        0  spi.o(i.SPI2_SetSpeed)
    i.SPI_Cmd                                0x08003300   Section        0  stm32f10x_spi.o(i.SPI_Cmd)
    i.SPI_I2S_GetFlagStatus                  0x08003318   Section        0  stm32f10x_spi.o(i.SPI_I2S_GetFlagStatus)
    i.SPI_I2S_ReceiveData                    0x0800332a   Section        0  stm32f10x_spi.o(i.SPI_I2S_ReceiveData)
    i.SPI_I2S_SendData                       0x08003330   Section        0  stm32f10x_spi.o(i.SPI_I2S_SendData)
    i.SPI_Init                               0x08003334   Section        0  stm32f10x_spi.o(i.SPI_Init)
    i.SVC_Handler                            0x08003370   Section        0  stm32f10x_it.o(i.SVC_Handler)
    i.SetSysClock                            0x08003372   Section        0  system_stm32f10x.o(i.SetSysClock)
    SetSysClock                              0x08003373   Thumb Code     8  system_stm32f10x.o(i.SetSysClock)
    i.SetSysClockTo72                        0x0800337c   Section        0  system_stm32f10x.o(i.SetSysClockTo72)
    SetSysClockTo72                          0x0800337d   Thumb Code   214  system_stm32f10x.o(i.SetSysClockTo72)
    i.SysTick_CLKSourceConfig                0x0800345c   Section        0  misc.o(i.SysTick_CLKSourceConfig)
    i.SysTick_Handler                        0x08003484   Section        0  stm32f10x_it.o(i.SysTick_Handler)
    i.SystemInit                             0x08003488   Section        0  system_stm32f10x.o(i.SystemInit)
    i.TIM3_IRQHandler                        0x080034e8   Section        0  timer.o(i.TIM3_IRQHandler)
    i.TIM_ClearITPendingBit                  0x080034f8   Section        0  stm32f10x_tim.o(i.TIM_ClearITPendingBit)
    i.USART3_IRQHandler                      0x08003500   Section        0  usart.o(i.USART3_IRQHandler)
    i.USART_Cmd                              0x08003588   Section        0  stm32f10x_usart.o(i.USART_Cmd)
    i.USART_GetITStatus                      0x080035a0   Section        0  stm32f10x_usart.o(i.USART_GetITStatus)
    i.USART_ITConfig                         0x080035f4   Section        0  stm32f10x_usart.o(i.USART_ITConfig)
    i.USART_Init                             0x08003640   Section        0  stm32f10x_usart.o(i.USART_Init)
    i.USART_ReceiveData                      0x08003718   Section        0  stm32f10x_usart.o(i.USART_ReceiveData)
    i.UsageFault_Handler                     0x08003722   Section        0  stm32f10x_it.o(i.UsageFault_Handler)
    i.__ARM_fpclassify                       0x08003726   Section        0  fpclassify.o(i.__ARM_fpclassify)
    i._sys_exit                              0x0800374e   Section        0  usart.o(i._sys_exit)
    i.changeMode                             0x08003754   Section        0  mode.o(i.changeMode)
    i.changeModeRx                           0x080037b8   Section        0  24l01.o(i.changeModeRx)
    i.changeModeTx                           0x080037d8   Section        0  24l01.o(i.changeModeTx)
    i.changeMode_11                          0x080037f8   Section        0  mode.o(i.changeMode_11)
    i.changeMode_13                          0x08003800   Section        0  mode.o(i.changeMode_13)
    i.changeMode_2                           0x08003808   Section        0  mode.o(i.changeMode_2)
    i.changeMode_8                           0x08003810   Section        0  mode.o(i.changeMode_8)
    i.changeMode_9                           0x08003818   Section        0  mode.o(i.changeMode_9)
    i.chooseMode                             0x08003820   Section        0  mode.o(i.chooseMode)
    i.delay_init                             0x0800386c   Section        0  delay.o(i.delay_init)
    i.delay_ms                               0x080038b0   Section        0  delay.o(i.delay_ms)
    i.diaplay                                0x080038fc   Section        0  display.o(i.diaplay)
    i.display_01                             0x08003970   Section        0  display.o(i.display_01)
    i.display_02                             0x08003a80   Section        0  display.o(i.display_02)
    i.display_03                             0x08003c54   Section        0  display.o(i.display_03)
    i.display_04                             0x08003d50   Section        0  display.o(i.display_04)
    i.display_05                             0x08003e4c   Section        0  display.o(i.display_05)
    i.display_06                             0x08003f64   Section        0  display.o(i.display_06)
    i.display_07                             0x08003f90   Section        0  display.o(i.display_07)
    i.display_08                             0x08004060   Section        0  display.o(i.display_08)
    i.display_09                             0x08004098   Section        0  display.o(i.display_09)
    i.display_10                             0x080040d0   Section        0  display.o(i.display_10)
    i.display_11                             0x08004188   Section        0  display.o(i.display_11)
    i.display_12                             0x080041f0   Section        0  display.o(i.display_12)
    i.display_13                             0x08004244   Section        0  display.o(i.display_13)
    i.fputc                                  0x08004770   Section        0  usart.o(i.fputc)
    i.logo_show                              0x0800478c   Section        0  main.o(i.logo_show)
    i.main                                   0x080047b4   Section        0  main.o(i.main)
    i.mode_11                                0x080047f4   Section        0  mode.o(i.mode_11)
    i.mode_13                                0x08004a5c   Section        0  mode.o(i.mode_13)
    i.mode_2                                 0x08004c84   Section        0  mode.o(i.mode_2)
    i.mode_6                                 0x0800503c   Section        0  mode.o(i.mode_6)
    i.mode_8                                 0x0800527c   Section        0  mode.o(i.mode_8)
    i.mode_9                                 0x08005350   Section        0  mode.o(i.mode_9)
    i.oled_pow                               0x08005384   Section        0  oled.o(i.oled_pow)
    i.paramLoad                              0x0800539c   Section        0  param.o(i.paramLoad)
    i.show_gyro_despoint                     0x080053ec   Section        0  display.o(i.show_gyro_despoint)
    i.show_pid                               0x0800556c   Section        0  display.o(i.show_pid)
    i.uart_init                              0x08005728   Section        0  usart.o(i.uart_init)
    locale$$code                             0x080057d0   Section       44  lc_numeric_c.o(locale$$code)
    x$fpl$d2f                                0x080057fc   Section       98  d2f.o(x$fpl$d2f)
    x$fpl$dadd                               0x08005860   Section      336  daddsub_clz.o(x$fpl$dadd)
    _dadd1                                   0x08005871   Thumb Code     0  daddsub_clz.o(x$fpl$dadd)
    x$fpl$ddiv                               0x080059b0   Section      688  ddiv.o(x$fpl$ddiv)
    ddiv_entry                               0x080059b7   Thumb Code     0  ddiv.o(x$fpl$ddiv)
    x$fpl$dfix                               0x08005c60   Section       94  dfix.o(x$fpl$dfix)
    x$fpl$dfixu                              0x08005cc0   Section       90  dfixu.o(x$fpl$dfixu)
    x$fpl$dfltu                              0x08005d1a   Section       38  dflt_clz.o(x$fpl$dfltu)
    x$fpl$dmul                               0x08005d40   Section      340  dmul.o(x$fpl$dmul)
    x$fpl$dnaninf                            0x08005e94   Section      156  dnaninf.o(x$fpl$dnaninf)
    x$fpl$dretinf                            0x08005f30   Section       12  dretinf.o(x$fpl$dretinf)
    x$fpl$drsb                               0x08005f3c   Section       22  daddsub_clz.o(x$fpl$drsb)
    x$fpl$dsub                               0x08005f54   Section      468  daddsub_clz.o(x$fpl$dsub)
    _dsub1                                   0x08005f65   Thumb Code     0  daddsub_clz.o(x$fpl$dsub)
    x$fpl$f2d                                0x08006128   Section       86  f2d.o(x$fpl$f2d)
    x$fpl$fadd                               0x08006180   Section      196  faddsub_clz.o(x$fpl$fadd)
    _fadd1                                   0x0800618f   Thumb Code     0  faddsub_clz.o(x$fpl$fadd)
    x$fpl$fcmpinf                            0x08006244   Section       24  fcmpi.o(x$fpl$fcmpinf)
    x$fpl$ffix                               0x0800625c   Section       54  ffix.o(x$fpl$ffix)
    x$fpl$fflt                               0x08006294   Section       48  fflt_clz.o(x$fpl$fflt)
    x$fpl$fleqf                              0x080062c4   Section      104  fleqf.o(x$fpl$fleqf)
    x$fpl$fmul                               0x0800632c   Section      258  fmul.o(x$fpl$fmul)
    x$fpl$fnaninf                            0x0800642e   Section      140  fnaninf.o(x$fpl$fnaninf)
    x$fpl$fretinf                            0x080064ba   Section       10  fretinf.o(x$fpl$fretinf)
    x$fpl$frsb                               0x080064c4   Section       20  faddsub_clz.o(x$fpl$frsb)
    x$fpl$fsub                               0x080064d8   Section      234  faddsub_clz.o(x$fpl$fsub)
    _fsub1                                   0x080064e7   Thumb Code     0  faddsub_clz.o(x$fpl$fsub)
    x$fpl$printf1                            0x080065c2   Section        4  printf1.o(x$fpl$printf1)
    .constdata                               0x080065c6   Section       10  24l01.o(.constdata)
    x$fpl$usenofp                            0x080065c6   Section        0  usenofp.o(x$fpl$usenofp)
    .constdata                               0x080065d0   Section     2072  oled.o(.constdata)
    .constdata                               0x08006de8   Section       33  mode.o(.constdata)
    .constdata                               0x08006e0c   Section      148  bigflt0.o(.constdata)
    tenpwrs_x                                0x08006e0c   Data          60  bigflt0.o(.constdata)
    tenpwrs_i                                0x08006e48   Data          64  bigflt0.o(.constdata)
    locale$$data                             0x08006ec0   Section       28  lc_numeric_c.o(locale$$data)
    __lcnum_c_name                           0x08006ec4   Data           2  lc_numeric_c.o(locale$$data)
    __lcnum_c_start                          0x08006ecc   Data           0  lc_numeric_c.o(locale$$data)
    __lcnum_c_point                          0x08006ed8   Data           0  lc_numeric_c.o(locale$$data)
    __lcnum_c_thousands                      0x08006eda   Data           0  lc_numeric_c.o(locale$$data)
    __lcnum_c_grouping                       0x08006edb   Data           0  lc_numeric_c.o(locale$$data)
    __lcnum_c_end                            0x08006edc   Data           0  lc_numeric_c.o(locale$$data)
    .data                                    0x20000000   Section        1  main.o(.data)
    .data                                    0x20000004   Section       20  system_stm32f10x.o(.data)
    .data                                    0x20000018   Section       20  stm32f10x_rcc.o(.data)
    APBAHBPrescTable                         0x20000018   Data          16  stm32f10x_rcc.o(.data)
    ADCPrescTable                            0x20000028   Data           4  stm32f10x_rcc.o(.data)
    .data                                    0x2000002c   Section        4  delay.o(.data)
    fac_us                                   0x2000002c   Data           1  delay.o(.data)
    fac_ms                                   0x2000002e   Data           2  delay.o(.data)
    .data                                    0x20000030   Section        6  usart.o(.data)
    .data                                    0x20000036   Section     5362  oled.o(.data)
    .data                                    0x20001528   Section        2  key.o(.data)
    key_up                                   0x20001529   Data           1  key.o(.data)
    .data                                    0x2000152c   Section       93  mode.o(.data)
    send_buf                                 0x2000152e   Data          33  mode.o(.data)
    pitch                                    0x20001550   Data           4  mode.o(.data)
    roll                                     0x20001554   Data           4  mode.o(.data)
    yaw                                      0x20001558   Data           4  mode.o(.data)
    DATA_pitch                               0x2000155c   Data           4  mode.o(.data)
    DATA_roll                                0x20001560   Data           4  mode.o(.data)
    DATA_yaw                                 0x20001564   Data           4  mode.o(.data)
    buf_pid                                  0x20001568   Data          33  mode.o(.data)
    .data                                    0x2000158a   Section       14  adc.o(.data)
    .data                                    0x20001598   Section       12  param.o(.data)
    .bss                                     0x200015a4   Section      200  usart.o(.bss)
    .bss                                     0x2000166c   Section       32  oled.o(.bss)
    .bss                                     0x2000168c   Section       72  param.o(.bss)
    .bss                                     0x200016d4   Section       96  libspace.o(.bss)
    HEAP                                     0x20001738   Section      512  startup_stm32f10x_md.o(HEAP)
    Heap_Mem                                 0x20001738   Data         512  startup_stm32f10x_md.o(HEAP)
    STACK                                    0x20001938   Section     1024  startup_stm32f10x_md.o(STACK)
    Stack_Mem                                0x20001938   Data        1024  startup_stm32f10x_md.o(STACK)
    __initial_sp                             0x20001d38   Data           0  startup_stm32f10x_md.o(STACK)
    .ARM.__AT_0x68000000                     0x68000000   Section       32  malloc.o(.ARM.__AT_0x68000000)
    .ARM.__AT_0x68000020                     0x68000020   Section        2  malloc.o(.ARM.__AT_0x68000020)

    Global Symbols

    Symbol Name                              Value     Ov Type        Size  Object(Section)

    BuildAttributes$$THM_ISAv4$P$D$K$B$S$PE$A:L22UL41UL21$X:L11$S22US41US21$IEEE1$IW$USESV6$~STKCKD$USESV7$~SHL$OTIME$ROPI$IEEEJ$EBA8$UX$STANDARDLIB$REQ8$PRES8$EABIv2 0x00000000   Number         0  anon$$obj.o ABSOLUTE
    __ARM_use_no_argv                        0x00000000   Number         0  main.o ABSOLUTE
    __ARM_exceptions_init                     - Undefined Weak Reference
    __alloca_initialize                       - Undefined Weak Reference
    __arm_preinit_                            - Undefined Weak Reference
    __cpp_initialize__aeabi_                  - Undefined Weak Reference
    __cxa_finalize                            - Undefined Weak Reference
    __sigvec_lookup                           - Undefined Weak Reference
    _atexit_init                              - Undefined Weak Reference
    _call_atexit_fns                          - Undefined Weak Reference
    _clock_init                               - Undefined Weak Reference
    _fp_trap_init                             - Undefined Weak Reference
    _fp_trap_shutdown                         - Undefined Weak Reference
    _get_lc_collate                           - Undefined Weak Reference
    _get_lc_ctype                             - Undefined Weak Reference
    _get_lc_monetary                          - Undefined Weak Reference
    _get_lc_time                              - Undefined Weak Reference
    _getenv_init                              - Undefined Weak Reference
    _handle_redirection                       - Undefined Weak Reference
    _init_alloc                               - Undefined Weak Reference
    _init_user_alloc                          - Undefined Weak Reference
    _initio                                   - Undefined Weak Reference
    _mutex_acquire                            - Undefined Weak Reference
    _mutex_release                            - Undefined Weak Reference
    _printf_post_padding                      - Undefined Weak Reference
    _printf_pre_padding                       - Undefined Weak Reference
    _rand_init                                - Undefined Weak Reference
    _signal_finish                            - Undefined Weak Reference
    _signal_init                              - Undefined Weak Reference
    _terminate_alloc                          - Undefined Weak Reference
    _terminate_user_alloc                     - Undefined Weak Reference
    _terminateio                              - Undefined Weak Reference
    __Vectors_Size                           0x000000ec   Number         0  startup_stm32f10x_md.o ABSOLUTE
    __Vectors                                0x08000000   Data           4  startup_stm32f10x_md.o(RESET)
    __Vectors_End                            0x080000ec   Data           0  startup_stm32f10x_md.o(RESET)
    __main                                   0x080000ed   Thumb Code     8  __main.o(!!!main)
    __scatterload                            0x080000f5   Thumb Code     0  __scatter.o(!!!scatter)
    __scatterload_rt2                        0x080000f5   Thumb Code    44  __scatter.o(!!!scatter)
    __scatterload_rt2_thumb_only             0x080000f5   Thumb Code     0  __scatter.o(!!!scatter)
    __scatterload_null                       0x08000103   Thumb Code     0  __scatter.o(!!!scatter)
    __decompress                             0x08000129   Thumb Code   100  __dclz77c.o(!!dclz77c)
    __decompress2                            0x08000129   Thumb Code     0  __dclz77c.o(!!dclz77c)
    __scatterload_zeroinit                   0x0800018d   Thumb Code    28  __scatter_zi.o(!!handler_zi)
    _printf_f                                0x080001a9   Thumb Code     0  _printf_f.o(.ARM.Collect$$_printf_percent$$00000003)
    _printf_percent                          0x080001a9   Thumb Code     0  _printf_percent.o(.ARM.Collect$$_printf_percent$$00000000)
    _printf_percent_end                      0x080001af   Thumb Code     0  _printf_percent_end.o(.ARM.Collect$$_printf_percent$$00000017)
    __rt_lib_init                            0x080001b3   Thumb Code     0  libinit.o(.ARM.Collect$$libinit$$00000000)
    __rt_lib_init_fp_1                       0x080001b5   Thumb Code     0  libinit2.o(.ARM.Collect$$libinit$$00000002)
    __rt_lib_init_heap_1                     0x080001b5   Thumb Code     0  libinit2.o(.ARM.Collect$$libinit$$0000000A)
    __rt_lib_init_lc_common                  0x080001b5   Thumb Code     0  libinit2.o(.ARM.Collect$$libinit$$0000000F)
    __rt_lib_init_preinit_1                  0x080001b5   Thumb Code     0  libinit2.o(.ARM.Collect$$libinit$$00000004)
    __rt_lib_init_rand_1                     0x080001b5   Thumb Code     0  libinit2.o(.ARM.Collect$$libinit$$0000000E)
    __rt_lib_init_user_alloc_1               0x080001b5   Thumb Code     0  libinit2.o(.ARM.Collect$$libinit$$0000000C)
    __rt_lib_init_lc_collate_1               0x080001bb   Thumb Code     0  libinit2.o(.ARM.Collect$$libinit$$00000011)
    __rt_lib_init_lc_ctype_1                 0x080001bb   Thumb Code     0  libinit2.o(.ARM.Collect$$libinit$$00000013)
    __rt_lib_init_lc_monetary_1              0x080001bb   Thumb Code     0  libinit2.o(.ARM.Collect$$libinit$$00000015)
    __rt_lib_init_lc_numeric_2               0x080001bb   Thumb Code     0  libinit2.o(.ARM.Collect$$libinit$$00000016)
    __rt_lib_init_alloca_1                   0x080001c5   Thumb Code     0  libinit2.o(.ARM.Collect$$libinit$$0000002E)
    __rt_lib_init_argv_1                     0x080001c5   Thumb Code     0  libinit2.o(.ARM.Collect$$libinit$$0000002C)
    __rt_lib_init_atexit_1                   0x080001c5   Thumb Code     0  libinit2.o(.ARM.Collect$$libinit$$0000001B)
    __rt_lib_init_clock_1                    0x080001c5   Thumb Code     0  libinit2.o(.ARM.Collect$$libinit$$00000021)
    __rt_lib_init_cpp_1                      0x080001c5   Thumb Code     0  libinit2.o(.ARM.Collect$$libinit$$00000032)
    __rt_lib_init_exceptions_1               0x080001c5   Thumb Code     0  libinit2.o(.ARM.Collect$$libinit$$00000030)
    __rt_lib_init_fp_trap_1                  0x080001c5   Thumb Code     0  libinit2.o(.ARM.Collect$$libinit$$0000001F)
    __rt_lib_init_getenv_1                   0x080001c5   Thumb Code     0  libinit2.o(.ARM.Collect$$libinit$$00000023)
    __rt_lib_init_lc_numeric_1               0x080001c5   Thumb Code     0  libinit2.o(.ARM.Collect$$libinit$$00000017)
    __rt_lib_init_lc_time_1                  0x080001c5   Thumb Code     0  libinit2.o(.ARM.Collect$$libinit$$00000019)
    __rt_lib_init_return                     0x080001c5   Thumb Code     0  libinit2.o(.ARM.Collect$$libinit$$00000033)
    __rt_lib_init_signal_1                   0x080001c5   Thumb Code     0  libinit2.o(.ARM.Collect$$libinit$$0000001D)
    __rt_lib_init_stdio_1                    0x080001c5   Thumb Code     0  libinit2.o(.ARM.Collect$$libinit$$00000025)
    __rt_lib_shutdown                        0x080001c7   Thumb Code     0  libshutdown.o(.ARM.Collect$$libshutdown$$00000000)
    __rt_lib_shutdown_cpp_1                  0x080001c9   Thumb Code     0  libshutdown2.o(.ARM.Collect$$libshutdown$$00000002)
    __rt_lib_shutdown_fp_trap_1              0x080001c9   Thumb Code     0  libshutdown2.o(.ARM.Collect$$libshutdown$$00000007)
    __rt_lib_shutdown_heap_1                 0x080001c9   Thumb Code     0  libshutdown2.o(.ARM.Collect$$libshutdown$$0000000F)
    __rt_lib_shutdown_return                 0x080001c9   Thumb Code     0  libshutdown2.o(.ARM.Collect$$libshutdown$$00000010)
    __rt_lib_shutdown_signal_1               0x080001c9   Thumb Code     0  libshutdown2.o(.ARM.Collect$$libshutdown$$0000000A)
    __rt_lib_shutdown_stdio_1                0x080001c9   Thumb Code     0  libshutdown2.o(.ARM.Collect$$libshutdown$$00000004)
    __rt_lib_shutdown_user_alloc_1           0x080001c9   Thumb Code     0  libshutdown2.o(.ARM.Collect$$libshutdown$$0000000C)
    __rt_entry                               0x080001cb   Thumb Code     0  __rtentry.o(.ARM.Collect$$rtentry$$00000000)
    __rt_entry_presh_1                       0x080001cb   Thumb Code     0  __rtentry2.o(.ARM.Collect$$rtentry$$00000002)
    __rt_entry_sh                            0x080001cb   Thumb Code     0  __rtentry4.o(.ARM.Collect$$rtentry$$00000004)
    __rt_entry_li                            0x080001d1   Thumb Code     0  __rtentry2.o(.ARM.Collect$$rtentry$$0000000A)
    __rt_entry_postsh_1                      0x080001d1   Thumb Code     0  __rtentry2.o(.ARM.Collect$$rtentry$$00000009)
    __rt_entry_main                          0x080001d5   Thumb Code     0  __rtentry2.o(.ARM.Collect$$rtentry$$0000000D)
    __rt_entry_postli_1                      0x080001d5   Thumb Code     0  __rtentry2.o(.ARM.Collect$$rtentry$$0000000C)
    __rt_exit                                0x080001dd   Thumb Code     0  rtexit.o(.ARM.Collect$$rtexit$$00000000)
    __rt_exit_ls                             0x080001df   Thumb Code     0  rtexit2.o(.ARM.Collect$$rtexit$$00000003)
    __rt_exit_prels_1                        0x080001df   Thumb Code     0  rtexit2.o(.ARM.Collect$$rtexit$$00000002)
    __rt_exit_exit                           0x080001e3   Thumb Code     0  rtexit2.o(.ARM.Collect$$rtexit$$00000004)
    Reset_Handler                            0x080001e9   Thumb Code     8  startup_stm32f10x_md.o(.text)
    ADC1_2_IRQHandler                        0x08000203   Thumb Code     0  startup_stm32f10x_md.o(.text)
    CAN1_RX1_IRQHandler                      0x08000203   Thumb Code     0  startup_stm32f10x_md.o(.text)
    CAN1_SCE_IRQHandler                      0x08000203   Thumb Code     0  startup_stm32f10x_md.o(.text)
    DMA1_Channel1_IRQHandler                 0x08000203   Thumb Code     0  startup_stm32f10x_md.o(.text)
    DMA1_Channel2_IRQHandler                 0x08000203   Thumb Code     0  startup_stm32f10x_md.o(.text)
    DMA1_Channel3_IRQHandler                 0x08000203   Thumb Code     0  startup_stm32f10x_md.o(.text)
    DMA1_Channel4_IRQHandler                 0x08000203   Thumb Code     0  startup_stm32f10x_md.o(.text)
    DMA1_Channel5_IRQHandler                 0x08000203   Thumb Code     0  startup_stm32f10x_md.o(.text)
    DMA1_Channel6_IRQHandler                 0x08000203   Thumb Code     0  startup_stm32f10x_md.o(.text)
    DMA1_Channel7_IRQHandler                 0x08000203   Thumb Code     0  startup_stm32f10x_md.o(.text)
    EXTI0_IRQHandler                         0x08000203   Thumb Code     0  startup_stm32f10x_md.o(.text)
    EXTI15_10_IRQHandler                     0x08000203   Thumb Code     0  startup_stm32f10x_md.o(.text)
    EXTI1_IRQHandler                         0x08000203   Thumb Code     0  startup_stm32f10x_md.o(.text)
    EXTI2_IRQHandler                         0x08000203   Thumb Code     0  startup_stm32f10x_md.o(.text)
    EXTI3_IRQHandler                         0x08000203   Thumb Code     0  startup_stm32f10x_md.o(.text)
    EXTI4_IRQHandler                         0x08000203   Thumb Code     0  startup_stm32f10x_md.o(.text)
    EXTI9_5_IRQHandler                       0x08000203   Thumb Code     0  startup_stm32f10x_md.o(.text)
    FLASH_IRQHandler                         0x08000203   Thumb Code     0  startup_stm32f10x_md.o(.text)
    I2C1_ER_IRQHandler                       0x08000203   Thumb Code     0  startup_stm32f10x_md.o(.text)
    I2C1_EV_IRQHandler                       0x08000203   Thumb Code     0  startup_stm32f10x_md.o(.text)
    I2C2_ER_IRQHandler                       0x08000203   Thumb Code     0  startup_stm32f10x_md.o(.text)
    I2C2_EV_IRQHandler                       0x08000203   Thumb Code     0  startup_stm32f10x_md.o(.text)
    PVD_IRQHandler                           0x08000203   Thumb Code     0  startup_stm32f10x_md.o(.text)
    RCC_IRQHandler                           0x08000203   Thumb Code     0  startup_stm32f10x_md.o(.text)
    RTCAlarm_IRQHandler                      0x08000203   Thumb Code     0  startup_stm32f10x_md.o(.text)
    RTC_IRQHandler                           0x08000203   Thumb Code     0  startup_stm32f10x_md.o(.text)
    SPI1_IRQHandler                          0x08000203   Thumb Code     0  startup_stm32f10x_md.o(.text)
    SPI2_IRQHandler                          0x08000203   Thumb Code     0  startup_stm32f10x_md.o(.text)
    TAMPER_IRQHandler                        0x08000203   Thumb Code     0  startup_stm32f10x_md.o(.text)
    TIM1_BRK_IRQHandler                      0x08000203   Thumb Code     0  startup_stm32f10x_md.o(.text)
    TIM1_CC_IRQHandler                       0x08000203   Thumb Code     0  startup_stm32f10x_md.o(.text)
    TIM1_TRG_COM_IRQHandler                  0x08000203   Thumb Code     0  startup_stm32f10x_md.o(.text)
    TIM1_UP_IRQHandler                       0x08000203   Thumb Code     0  startup_stm32f10x_md.o(.text)
    TIM2_IRQHandler                          0x08000203   Thumb Code     0  startup_stm32f10x_md.o(.text)
    TIM4_IRQHandler                          0x08000203   Thumb Code     0  startup_stm32f10x_md.o(.text)
    USART1_IRQHandler                        0x08000203   Thumb Code     0  startup_stm32f10x_md.o(.text)
    USART2_IRQHandler                        0x08000203   Thumb Code     0  startup_stm32f10x_md.o(.text)
    USBWakeUp_IRQHandler                     0x08000203   Thumb Code     0  startup_stm32f10x_md.o(.text)
    USB_HP_CAN1_TX_IRQHandler                0x08000203   Thumb Code     0  startup_stm32f10x_md.o(.text)
    USB_LP_CAN1_RX0_IRQHandler               0x08000203   Thumb Code     0  startup_stm32f10x_md.o(.text)
    WWDG_IRQHandler                          0x08000203   Thumb Code     0  startup_stm32f10x_md.o(.text)
    __user_initial_stackheap                 0x08000205   Thumb Code     0  startup_stm32f10x_md.o(.text)
    __use_no_semihosting                     0x08000229   Thumb Code     2  use_no_semi_2.o(.text)
    __2printf                                0x0800022d   Thumb Code    20  noretval__2printf.o(.text)
    __printf                                 0x08000245   Thumb Code   104  __printf.o(.text)
    __aeabi_memcpy4                          0x080002ad   Thumb Code     0  rt_memcpy_w.o(.text)
    __aeabi_memcpy8                          0x080002ad   Thumb Code     0  rt_memcpy_w.o(.text)
    __rt_memcpy_w                            0x080002ad   Thumb Code   100  rt_memcpy_w.o(.text)
    _memcpy_lastbytes_aligned                0x080002f5   Thumb Code     0  rt_memcpy_w.o(.text)
    __use_two_region_memory                  0x08000311   Thumb Code     2  heapauxi.o(.text)
    __rt_heap_escrow$2region                 0x08000313   Thumb Code     2  heapauxi.o(.text)
    __rt_heap_expand$2region                 0x08000315   Thumb Code     2  heapauxi.o(.text)
    __I$use$semihosting                      0x08000317   Thumb Code     0  use_no_semi.o(.text)
    __use_no_semihosting_swi                 0x08000317   Thumb Code     2  use_no_semi.o(.text)
    __lib_sel_fp_printf                      0x08000319   Thumb Code     2  _printf_fp_dec.o(.text)
    _printf_fp_dec_real                      0x080004c7   Thumb Code   620  _printf_fp_dec.o(.text)
    _printf_char_file                        0x08000735   Thumb Code    32  _printf_char_file.o(.text)
    __rt_locale                              0x08000759   Thumb Code     8  rt_locale_intlibspace.o(.text)
    _ll_udiv10                               0x08000761   Thumb Code   138  lludiv10.o(.text)
    _printf_char_common                      0x080007f7   Thumb Code    32  _printf_char_common.o(.text)
    _printf_fp_infnan                        0x0800081d   Thumb Code   112  _printf_fp_infnan.o(.text)
    _btod_etento                             0x0800089d   Thumb Code   216  bigflt0.o(.text)
    ferror                                   0x08000979   Thumb Code     8  ferror.o(.text)
    __user_libspace                          0x08000981   Thumb Code     8  libspace.o(.text)
    __user_perproc_libspace                  0x08000981   Thumb Code     0  libspace.o(.text)
    __user_perthread_libspace                0x08000981   Thumb Code     0  libspace.o(.text)
    __user_setup_stackheap                   0x08000989   Thumb Code    74  sys_stackheap_outer.o(.text)
    exit                                     0x080009d3   Thumb Code    18  exit.o(.text)
    strcmp                                   0x080009e5   Thumb Code   128  strcmpv7m.o(.text)
    _btod_d2e                                0x08000a65   Thumb Code    62  btod.o(CL$$btod_d2e)
    _d2e_denorm_low                          0x08000aa3   Thumb Code    70  btod.o(CL$$btod_d2e_denorm_low)
    _d2e_norm_op1                            0x08000ae9   Thumb Code    96  btod.o(CL$$btod_d2e_norm_op1)
    __btod_div_common                        0x08000b49   Thumb Code   696  btod.o(CL$$btod_div_common)
    _e2e                                     0x08000e81   Thumb Code   198  btod.o(CL$$btod_e2e)
    _btod_ediv                               0x08000f47   Thumb Code    40  btod.o(CL$$btod_ediv)
    _btod_emul                               0x08000f6f   Thumb Code    40  btod.o(CL$$btod_emul)
    __btod_mult_common                       0x08000f97   Thumb Code   580  btod.o(CL$$btod_mult_common)
    ADC_Cmd                                  0x080011db   Thumb Code    22  stm32f10x_adc.o(i.ADC_Cmd)
    ADC_DeInit                               0x080011f1   Thumb Code    78  stm32f10x_adc.o(i.ADC_DeInit)
    ADC_GetCalibrationStatus                 0x0800124d   Thumb Code    20  stm32f10x_adc.o(i.ADC_GetCalibrationStatus)
    ADC_GetConversionValue                   0x08001261   Thumb Code     8  stm32f10x_adc.o(i.ADC_GetConversionValue)
    ADC_GetFlagStatus                        0x08001269   Thumb Code    18  stm32f10x_adc.o(i.ADC_GetFlagStatus)
    ADC_GetResetCalibrationStatus            0x0800127b   Thumb Code    20  stm32f10x_adc.o(i.ADC_GetResetCalibrationStatus)
    ADC_Init                                 0x08001291   Thumb Code    70  stm32f10x_adc.o(i.ADC_Init)
    ADC_RegularChannelConfig                 0x080012e1   Thumb Code   184  stm32f10x_adc.o(i.ADC_RegularChannelConfig)
    ADC_ResetCalibration                     0x08001399   Thumb Code    10  stm32f10x_adc.o(i.ADC_ResetCalibration)
    ADC_SoftwareStartConvCmd                 0x080013a3   Thumb Code    22  stm32f10x_adc.o(i.ADC_SoftwareStartConvCmd)
    ADC_StartCalibration                     0x080013b9   Thumb Code    10  stm32f10x_adc.o(i.ADC_StartCalibration)
    Adc_Init                                 0x080013c5   Thumb Code   112  adc.o(i.Adc_Init)
    BELL_Init                                0x08001439   Thumb Code    50  led.o(i.BELL_Init)
    BSP_Init                                 0x08001471   Thumb Code   126  main.o(i.BSP_Init)
    BusFault_Handler                         0x08001521   Thumb Code     4  stm32f10x_it.o(i.BusFault_Handler)
    DebugMon_Handler                         0x08001525   Thumb Code     2  stm32f10x_it.o(i.DebugMon_Handler)
    GPIO_Init                                0x08001527   Thumb Code   278  stm32f10x_gpio.o(i.GPIO_Init)
    GPIO_ReadInputDataBit                    0x0800163d   Thumb Code    18  stm32f10x_gpio.o(i.GPIO_ReadInputDataBit)
    GPIO_ResetBits                           0x0800164f   Thumb Code     4  stm32f10x_gpio.o(i.GPIO_ResetBits)
    GPIO_SetBits                             0x08001653   Thumb Code     4  stm32f10x_gpio.o(i.GPIO_SetBits)
    Get_Adc                                  0x08001659   Thumb Code    46  adc.o(i.Get_Adc)
    Get_Adc_Average                          0x0800168d   Thumb Code    46  adc.o(i.Get_Adc_Average)
    HardFault_Handler                        0x080016bb   Thumb Code     4  stm32f10x_it.o(i.HardFault_Handler)
    KEY_Init                                 0x080016c1   Thumb Code    92  key.o(i.KEY_Init)
    KEY_Scan                                 0x08001729   Thumb Code   276  key.o(i.KEY_Scan)
    Key1_press                               0x0800184d   Thumb Code    24  key.o(i.Key1_press)
    Key2_press                               0x08001869   Thumb Code   198  key.o(i.Key2_press)
    Key3_press                               0x08001939   Thumb Code   258  key.o(i.Key3_press)
    Key4_press                               0x08001a45   Thumb Code   146  key.o(i.Key4_press)
    Key5_press                               0x08001ae1   Thumb Code     2  key.o(i.Key5_press)
    Key6_press                               0x08001ae3   Thumb Code     2  key.o(i.Key6_press)
    Key_press                                0x08001ae5   Thumb Code    62  key.o(i.Key_press)
    LED_Init                                 0x08001b25   Thumb Code    46  led.o(i.LED_Init)
    MemManage_Handler                        0x08001b59   Thumb Code     4  stm32f10x_it.o(i.MemManage_Handler)
    NMI_Handler                              0x08001b5d   Thumb Code     2  stm32f10x_it.o(i.NMI_Handler)
    NRF24L01_Check                           0x08001b61   Thumb Code    72  24l01.o(i.NRF24L01_Check)
    NRF24L01_Init                            0x08001bb1   Thumb Code   198  24l01.o(i.NRF24L01_Init)
    NRF24L01_RX_Mode                         0x08001c8d   Thumb Code    76  24l01.o(i.NRF24L01_RX_Mode)
    NRF24L01_Read_Buf                        0x08001ce5   Thumb Code    56  24l01.o(i.NRF24L01_Read_Buf)
    NRF24L01_Read_Reg                        0x08001d21   Thumb Code    36  24l01.o(i.NRF24L01_Read_Reg)
    NRF24L01_RxPacket                        0x08001d4d   Thumb Code    58  24l01.o(i.NRF24L01_RxPacket)
    NRF24L01_TX_Mode                         0x08001d89   Thumb Code    86  24l01.o(i.NRF24L01_TX_Mode)
    NRF24L01_TxPacket                        0x08001df1   Thumb Code    84  24l01.o(i.NRF24L01_TxPacket)
    NRF24L01_Write_Buf                       0x08001e4d   Thumb Code    56  24l01.o(i.NRF24L01_Write_Buf)
    NRF24L01_Write_Reg                       0x08001e89   Thumb Code    38  24l01.o(i.NRF24L01_Write_Reg)
    NVIC_Init                                0x08001eb9   Thumb Code   100  misc.o(i.NVIC_Init)
    NVIC_PriorityGroupConfig                 0x08001f29   Thumb Code    10  misc.o(i.NVIC_PriorityGroupConfig)
    OLED_Clear                               0x08001f3d   Thumb Code    64  oled.o(i.OLED_Clear)
    OLED_DrawBMP                             0x08001f7d   Thumb Code   130  oled.o(i.OLED_DrawBMP)
    OLED_Init                                0x08002001   Thumb Code   382  oled.o(i.OLED_Init)
    OLED_Set_Pos                             0x08002189   Thumb Code    46  oled.o(i.OLED_Set_Pos)
    OLED_ShowCHinese                         0x080021b9   Thumb Code    98  oled.o(i.OLED_ShowCHinese)
    OLED_ShowChar                            0x08002221   Thumb Code   162  oled.o(i.OLED_ShowChar)
    OLED_ShowNum                             0x080022cd   Thumb Code   136  oled.o(i.OLED_ShowNum)
    OLED_ShowString                          0x08002355   Thumb Code    58  oled.o(i.OLED_ShowString)
    OLED_WR_Byte                             0x08002391   Thumb Code    98  oled.o(i.OLED_WR_Byte)
    PID_dec                                  0x080023fd   Thumb Code   710  param.o(i.PID_dec)
    PID_dec_point                            0x080026d9   Thumb Code   910  param.o(i.PID_dec_point)
    PID_inc                                  0x08002a81   Thumb Code   450  param.o(i.PID_inc)
    PID_inc_point                            0x08002c59   Thumb Code   650  param.o(i.PID_inc_point)
    PendSV_Handler                           0x08002efd   Thumb Code     2  stm32f10x_it.o(i.PendSV_Handler)
    RCC_ADCCLKConfig                         0x08002f01   Thumb Code    18  stm32f10x_rcc.o(i.RCC_ADCCLKConfig)
    RCC_APB1PeriphClockCmd                   0x08002f19   Thumb Code    26  stm32f10x_rcc.o(i.RCC_APB1PeriphClockCmd)
    RCC_APB2PeriphClockCmd                   0x08002f39   Thumb Code    26  stm32f10x_rcc.o(i.RCC_APB2PeriphClockCmd)
    RCC_APB2PeriphResetCmd                   0x08002f59   Thumb Code    26  stm32f10x_rcc.o(i.RCC_APB2PeriphResetCmd)
    RCC_GetClocksFreq                        0x08002f79   Thumb Code   192  stm32f10x_rcc.o(i.RCC_GetClocksFreq)
    Rocker_scan                              0x0800304d   Thumb Code   388  adc.o(i.Rocker_scan)
    SPI2_Init                                0x080031f1   Thumb Code   140  spi.o(i.SPI2_Init)
    SPI2_ReadWriteByte                       0x08003285   Thumb Code    78  spi.o(i.SPI2_ReadWriteByte)
    SPI2_SetSpeed                            0x080032d9   Thumb Code    36  spi.o(i.SPI2_SetSpeed)
    SPI_Cmd                                  0x08003301   Thumb Code    24  stm32f10x_spi.o(i.SPI_Cmd)
    SPI_I2S_GetFlagStatus                    0x08003319   Thumb Code    18  stm32f10x_spi.o(i.SPI_I2S_GetFlagStatus)
    SPI_I2S_ReceiveData                      0x0800332b   Thumb Code     6  stm32f10x_spi.o(i.SPI_I2S_ReceiveData)
    SPI_I2S_SendData                         0x08003331   Thumb Code     4  stm32f10x_spi.o(i.SPI_I2S_SendData)
    SPI_Init                                 0x08003335   Thumb Code    60  stm32f10x_spi.o(i.SPI_Init)
    SVC_Handler                              0x08003371   Thumb Code     2  stm32f10x_it.o(i.SVC_Handler)
    SysTick_CLKSourceConfig                  0x0800345d   Thumb Code    40  misc.o(i.SysTick_CLKSourceConfig)
    SysTick_Handler                          0x08003485   Thumb Code     2  stm32f10x_it.o(i.SysTick_Handler)
    SystemInit                               0x08003489   Thumb Code    78  system_stm32f10x.o(i.SystemInit)
    TIM3_IRQHandler                          0x080034e9   Thumb Code    12  timer.o(i.TIM3_IRQHandler)
    TIM_ClearITPendingBit                    0x080034f9   Thumb Code     6  stm32f10x_tim.o(i.TIM_ClearITPendingBit)
    USART3_IRQHandler                        0x08003501   Thumb Code   122  usart.o(i.USART3_IRQHandler)
    USART_Cmd                                0x08003589   Thumb Code    24  stm32f10x_usart.o(i.USART_Cmd)
    USART_GetITStatus                        0x080035a1   Thumb Code    84  stm32f10x_usart.o(i.USART_GetITStatus)
    USART_ITConfig                           0x080035f5   Thumb Code    74  stm32f10x_usart.o(i.USART_ITConfig)
    USART_Init                               0x08003641   Thumb Code   210  stm32f10x_usart.o(i.USART_Init)
    USART_ReceiveData                        0x08003719   Thumb Code    10  stm32f10x_usart.o(i.USART_ReceiveData)
    UsageFault_Handler                       0x08003723   Thumb Code     4  stm32f10x_it.o(i.UsageFault_Handler)
    __ARM_fpclassify                         0x08003727   Thumb Code    40  fpclassify.o(i.__ARM_fpclassify)
    _sys_exit                                0x0800374f   Thumb Code     6  usart.o(i._sys_exit)
    changeMode                               0x08003755   Thumb Code    92  mode.o(i.changeMode)
    changeModeRx                             0x080037b9   Thumb Code    22  24l01.o(i.changeModeRx)
    changeModeTx                             0x080037d9   Thumb Code    22  24l01.o(i.changeModeTx)
    changeMode_11                            0x080037f9   Thumb Code     8  mode.o(i.changeMode_11)
    changeMode_13                            0x08003801   Thumb Code     8  mode.o(i.changeMode_13)
    changeMode_2                             0x08003809   Thumb Code     8  mode.o(i.changeMode_2)
    changeMode_8                             0x08003811   Thumb Code     8  mode.o(i.changeMode_8)
    changeMode_9                             0x08003819   Thumb Code     8  mode.o(i.changeMode_9)
    chooseMode                               0x08003821   Thumb Code    70  mode.o(i.chooseMode)
    delay_init                               0x0800386d   Thumb Code    50  delay.o(i.delay_init)
    delay_ms                                 0x080038b1   Thumb Code    72  delay.o(i.delay_ms)
    diaplay                                  0x080038fd   Thumb Code   112  display.o(i.diaplay)
    display_01                               0x08003971   Thumb Code   262  display.o(i.display_01)
    display_02                               0x08003a81   Thumb Code   430  display.o(i.display_02)
    display_03                               0x08003c55   Thumb Code   242  display.o(i.display_03)
    display_04                               0x08003d51   Thumb Code   242  display.o(i.display_04)
    display_05                               0x08003e4d   Thumb Code   214  display.o(i.display_05)
    display_06                               0x08003f65   Thumb Code    44  display.o(i.display_06)
    display_07                               0x08003f91   Thumb Code   200  display.o(i.display_07)
    display_08                               0x08004061   Thumb Code    56  display.o(i.display_08)
    display_09                               0x08004099   Thumb Code    56  display.o(i.display_09)
    display_10                               0x080040d1   Thumb Code   172  display.o(i.display_10)
    display_11                               0x08004189   Thumb Code    80  display.o(i.display_11)
    display_12                               0x080041f1   Thumb Code    74  display.o(i.display_12)
    display_13                               0x08004245   Thumb Code  1312  display.o(i.display_13)
    fputc                                    0x08004771   Thumb Code    24  usart.o(i.fputc)
    logo_show                                0x0800478d   Thumb Code    32  main.o(i.logo_show)
    main                                     0x080047b5   Thumb Code    56  main.o(i.main)
    mode_11                                  0x080047f5   Thumb Code   586  mode.o(i.mode_11)
    mode_13                                  0x08004a5d   Thumb Code   510  mode.o(i.mode_13)
    mode_2                                   0x08004c85   Thumb Code   854  mode.o(i.mode_2)
    mode_6                                   0x0800503d   Thumb Code   518  mode.o(i.mode_6)
    mode_8                                   0x0800527d   Thumb Code   136  mode.o(i.mode_8)
    mode_9                                   0x08005351   Thumb Code    46  mode.o(i.mode_9)
    oled_pow                                 0x08005385   Thumb Code    22  oled.o(i.oled_pow)
    paramLoad                                0x0800539d   Thumb Code    66  param.o(i.paramLoad)
    show_gyro_despoint                       0x080053ed   Thumb Code   356  display.o(i.show_gyro_despoint)
    show_pid                                 0x0800556d   Thumb Code   440  display.o(i.show_pid)
    uart_init                                0x08005729   Thumb Code   158  usart.o(i.uart_init)
    _get_lc_numeric                          0x080057d1   Thumb Code    44  lc_numeric_c.o(locale$$code)
    __aeabi_d2f                              0x080057fd   Thumb Code     0  d2f.o(x$fpl$d2f)
    _d2f                                     0x080057fd   Thumb Code    98  d2f.o(x$fpl$d2f)
    __aeabi_dadd                             0x08005861   Thumb Code     0  daddsub_clz.o(x$fpl$dadd)
    _dadd                                    0x08005861   Thumb Code   332  daddsub_clz.o(x$fpl$dadd)
    __aeabi_ddiv                             0x080059b1   Thumb Code     0  ddiv.o(x$fpl$ddiv)
    _ddiv                                    0x080059b1   Thumb Code   552  ddiv.o(x$fpl$ddiv)
    __aeabi_d2iz                             0x08005c61   Thumb Code     0  dfix.o(x$fpl$dfix)
    _dfix                                    0x08005c61   Thumb Code    94  dfix.o(x$fpl$dfix)
    __aeabi_d2uiz                            0x08005cc1   Thumb Code     0  dfixu.o(x$fpl$dfixu)
    _dfixu                                   0x08005cc1   Thumb Code    90  dfixu.o(x$fpl$dfixu)
    __aeabi_ui2d                             0x08005d1b   Thumb Code     0  dflt_clz.o(x$fpl$dfltu)
    _dfltu                                   0x08005d1b   Thumb Code    38  dflt_clz.o(x$fpl$dfltu)
    __aeabi_dmul                             0x08005d41   Thumb Code     0  dmul.o(x$fpl$dmul)
    _dmul                                    0x08005d41   Thumb Code   332  dmul.o(x$fpl$dmul)
    __fpl_dnaninf                            0x08005e95   Thumb Code   156  dnaninf.o(x$fpl$dnaninf)
    __fpl_dretinf                            0x08005f31   Thumb Code    12  dretinf.o(x$fpl$dretinf)
    __aeabi_drsub                            0x08005f3d   Thumb Code     0  daddsub_clz.o(x$fpl$drsb)
    _drsb                                    0x08005f3d   Thumb Code    22  daddsub_clz.o(x$fpl$drsb)
    __aeabi_dsub                             0x08005f55   Thumb Code     0  daddsub_clz.o(x$fpl$dsub)
    _dsub                                    0x08005f55   Thumb Code   464  daddsub_clz.o(x$fpl$dsub)
    __aeabi_f2d                              0x08006129   Thumb Code     0  f2d.o(x$fpl$f2d)
    _f2d                                     0x08006129   Thumb Code    86  f2d.o(x$fpl$f2d)
    __aeabi_fadd                             0x08006181   Thumb Code     0  faddsub_clz.o(x$fpl$fadd)
    _fadd                                    0x08006181   Thumb Code   196  faddsub_clz.o(x$fpl$fadd)
    __fpl_fcmp_Inf                           0x08006245   Thumb Code    24  fcmpi.o(x$fpl$fcmpinf)
    __aeabi_f2iz                             0x0800625d   Thumb Code     0  ffix.o(x$fpl$ffix)
    _ffix                                    0x0800625d   Thumb Code    54  ffix.o(x$fpl$ffix)
    __aeabi_i2f                              0x08006295   Thumb Code     0  fflt_clz.o(x$fpl$fflt)
    _fflt                                    0x08006295   Thumb Code    48  fflt_clz.o(x$fpl$fflt)
    __aeabi_cfcmple                          0x080062c5   Thumb Code     0  fleqf.o(x$fpl$fleqf)
    _fcmple                                  0x080062c5   Thumb Code   104  fleqf.o(x$fpl$fleqf)
    __fpl_fcmple_InfNaN                      0x08006317   Thumb Code     0  fleqf.o(x$fpl$fleqf)
    __aeabi_fmul                             0x0800632d   Thumb Code     0  fmul.o(x$fpl$fmul)
    _fmul                                    0x0800632d   Thumb Code   258  fmul.o(x$fpl$fmul)
    __fpl_fnaninf                            0x0800642f   Thumb Code   140  fnaninf.o(x$fpl$fnaninf)
    __fpl_fretinf                            0x080064bb   Thumb Code    10  fretinf.o(x$fpl$fretinf)
    __aeabi_frsub                            0x080064c5   Thumb Code     0  faddsub_clz.o(x$fpl$frsb)
    _frsb                                    0x080064c5   Thumb Code    20  faddsub_clz.o(x$fpl$frsb)
    __aeabi_fsub                             0x080064d9   Thumb Code     0  faddsub_clz.o(x$fpl$fsub)
    _fsub                                    0x080064d9   Thumb Code   234  faddsub_clz.o(x$fpl$fsub)
    _printf_fp_dec                           0x080065c3   Thumb Code     4  printf1.o(x$fpl$printf1)
    TX_ADDRESS                               0x080065c6   Data           5  24l01.o(.constdata)
    __I$use$fp                               0x080065c6   Number         0  usenofp.o(x$fpl$usenofp)
    RX_ADDRESS                               0x080065cb   Data           5  24l01.o(.constdata)
    F6x8                                     0x080065d0   Data         552  oled.o(.constdata)
    F8X16                                    0x080067f8   Data        1520  oled.o(.constdata)
    Region$$Table$$Base                      0x08006ea0   Number         0  anon$$obj.o(Region$$Table)
    Region$$Table$$Limit                     0x08006ec0   Number         0  anon$$obj.o(Region$$Table)
    start                                    0x20000000   Data           1  main.o(.data)
    SystemCoreClock                          0x20000004   Data           4  system_stm32f10x.o(.data)
    AHBPrescTable                            0x20000008   Data          16  system_stm32f10x.o(.data)
    __stdout                                 0x20000030   Data           4  usart.o(.data)
    USART_RX_STA                             0x20000034   Data           2  usart.o(.data)
    bmp_test                                 0x20000036   Data         400  oled.o(.data)
    bmp_apple                                0x200001c6   Data         432  oled.o(.data)
    bmp_stu_logo                             0x20000376   Data         400  oled.o(.data)
    bmp_stu_logo_small                       0x20000506   Data         108  oled.o(.data)
    bmp_arow                                 0x20000572   Data          48  oled.o(.data)
    bmp_arow_up                              0x200005a2   Data          32  oled.o(.data)
    bmp_arow_down                            0x200005c2   Data          32  oled.o(.data)
    bmp_arow_left                            0x200005e2   Data          32  oled.o(.data)
    bmp_arow_right                           0x20000602   Data          32  oled.o(.data)
    bmp_rocker_circle                        0x20000622   Data          32  oled.o(.data)
    bmp_key_press                            0x20000642   Data          32  oled.o(.data)
    bmp_key_up                               0x20000662   Data          32  oled.o(.data)
    bmp_battery_top                          0x20000682   Data          80  oled.o(.data)
    bmp_battery_bottom                       0x200006d2   Data          80  oled.o(.data)
    bmp_battery_line                         0x20000722   Data           1  oled.o(.data)
    bmp_battery_no                           0x20000723   Data           1  oled.o(.data)
    bmp_battery_head                         0x20000724   Data           4  oled.o(.data)
    Hzk                                      0x20000728   Data        3392  oled.o(.data)
    Hzk_SMALL                                0x20001468   Data         192  oled.o(.data)
    key                                      0x20001528   Data           1  key.o(.data)
    CurMode                                  0x2000152c   Data           1  mode.o(.data)
    NextMode                                 0x2000152d   Data           1  mode.o(.data)
    L_Rocker                                 0x2000158a   Data           1  adc.o(.data)
    R_Rocker                                 0x2000158b   Data           1  adc.o(.data)
    L_Center                                 0x2000158c   Data           1  adc.o(.data)
    R_Center                                 0x2000158d   Data           1  adc.o(.data)
    LX_adc                                   0x2000158e   Data           2  adc.o(.data)
    LY_adc                                   0x20001590   Data           2  adc.o(.data)
    RX_adc                                   0x20001592   Data           2  adc.o(.data)
    RY_adc                                   0x20001594   Data           2  adc.o(.data)
    POWER_adc                                0x20001596   Data           2  adc.o(.data)
    Throttle                                 0x20001598   Data           4  param.o(.data)
    pitch_core_desPoint                      0x2000159c   Data           4  param.o(.data)
    roll_core_desPoint                       0x200015a0   Data           4  param.o(.data)
    USART_RX_BUF                             0x200015a4   Data         200  usart.o(.bss)
    bmp_arow_blank                           0x2000166c   Data          32  oled.o(.bss)
    ctrl                                     0x2000168c   Data          72  param.o(.bss)
    __libspace_start                         0x200016d4   Data          96  libspace.o(.bss)
    __temporary_stack_top$libspace           0x20001734   Data           0  libspace.o(.bss)
    mem2base                                 0x68000000   Data          32  malloc.o(.ARM.__AT_0x68000000)
    mem2mapbase                              0x68000020   Data           2  malloc.o(.ARM.__AT_0x68000020)



==============================================================================

Memory Map of the image

  Image Entry point : 0x080000ed

  Load Region LR_IROM1 (Base: 0x08000000, Size: 0x00008480, Max: 0x00020000, ABSOLUTE, COMPRESSED[0x0000783c])

    Execution Region ER_IROM1 (Base: 0x08000000, Size: 0x00006edc, Max: 0x00020000, ABSOLUTE)

    Base Addr    Size         Type   Attr      Idx    E Section Name        Object

    0x08000000   0x000000ec   Data   RO          304    RESET               startup_stm32f10x_md.o
    0x080000ec   0x00000008   Code   RO         4070  * !!!main             c_w.l(__main.o)
    0x080000f4   0x00000034   Code   RO         4346    !!!scatter          c_w.l(__scatter.o)
    0x08000128   0x00000064   Code   RO         4344    !!dclz77c           c_w.l(__dclz77c.o)
    0x0800018c   0x0000001c   Code   RO         4348    !!handler_zi        c_w.l(__scatter_zi.o)
    0x080001a8   0x00000000   Code   RO         4065    .ARM.Collect$$_printf_percent$$00000000  c_w.l(_printf_percent.o)
    0x080001a8   0x00000006   Code   RO         4064    .ARM.Collect$$_printf_percent$$00000003  c_w.l(_printf_f.o)
    0x080001ae   0x00000004   Code   RO         4131    .ARM.Collect$$_printf_percent$$00000017  c_w.l(_printf_percent_end.o)
    0x080001b2   0x00000002   Code   RO         4221    .ARM.Collect$$libinit$$00000000  c_w.l(libinit.o)
    0x080001b4   0x00000000   Code   RO         4223    .ARM.Collect$$libinit$$00000002  c_w.l(libinit2.o)
    0x080001b4   0x00000000   Code   RO         4225    .ARM.Collect$$libinit$$00000004  c_w.l(libinit2.o)
    0x080001b4   0x00000000   Code   RO         4228    .ARM.Collect$$libinit$$0000000A  c_w.l(libinit2.o)
    0x080001b4   0x00000000   Code   RO         4230    .ARM.Collect$$libinit$$0000000C  c_w.l(libinit2.o)
    0x080001b4   0x00000000   Code   RO         4232    .ARM.Collect$$libinit$$0000000E  c_w.l(libinit2.o)
    0x080001b4   0x00000006   Code   RO         4233    .ARM.Collect$$libinit$$0000000F  c_w.l(libinit2.o)
    0x080001ba   0x00000000   Code   RO         4235    .ARM.Collect$$libinit$$00000011  c_w.l(libinit2.o)
    0x080001ba   0x00000000   Code   RO         4237    .ARM.Collect$$libinit$$00000013  c_w.l(libinit2.o)
    0x080001ba   0x00000000   Code   RO         4239    .ARM.Collect$$libinit$$00000015  c_w.l(libinit2.o)
    0x080001ba   0x0000000a   Code   RO         4240    .ARM.Collect$$libinit$$00000016  c_w.l(libinit2.o)
    0x080001c4   0x00000000   Code   RO         4241    .ARM.Collect$$libinit$$00000017  c_w.l(libinit2.o)
    0x080001c4   0x00000000   Code   RO         4243    .ARM.Collect$$libinit$$00000019  c_w.l(libinit2.o)
    0x080001c4   0x00000000   Code   RO         4245    .ARM.Collect$$libinit$$0000001B  c_w.l(libinit2.o)
    0x080001c4   0x00000000   Code   RO         4247    .ARM.Collect$$libinit$$0000001D  c_w.l(libinit2.o)
    0x080001c4   0x00000000   Code   RO         4249    .ARM.Collect$$libinit$$0000001F  c_w.l(libinit2.o)
    0x080001c4   0x00000000   Code   RO         4251    .ARM.Collect$$libinit$$00000021  c_w.l(libinit2.o)
    0x080001c4   0x00000000   Code   RO         4253    .ARM.Collect$$libinit$$00000023  c_w.l(libinit2.o)
    0x080001c4   0x00000000   Code   RO         4255    .ARM.Collect$$libinit$$00000025  c_w.l(libinit2.o)
    0x080001c4   0x00000000   Code   RO         4259    .ARM.Collect$$libinit$$0000002C  c_w.l(libinit2.o)
    0x080001c4   0x00000000   Code   RO         4261    .ARM.Collect$$libinit$$0000002E  c_w.l(libinit2.o)
    0x080001c4   0x00000000   Code   RO         4263    .ARM.Collect$$libinit$$00000030  c_w.l(libinit2.o)
    0x080001c4   0x00000000   Code   RO         4265    .ARM.Collect$$libinit$$00000032  c_w.l(libinit2.o)
    0x080001c4   0x00000002   Code   RO         4266    .ARM.Collect$$libinit$$00000033  c_w.l(libinit2.o)
    0x080001c6   0x00000002   Code   RO         4294    .ARM.Collect$$libshutdown$$00000000  c_w.l(libshutdown.o)
    0x080001c8   0x00000000   Code   RO         4303    .ARM.Collect$$libshutdown$$00000002  c_w.l(libshutdown2.o)
    0x080001c8   0x00000000   Code   RO         4305    .ARM.Collect$$libshutdown$$00000004  c_w.l(libshutdown2.o)
    0x080001c8   0x00000000   Code   RO         4308    .ARM.Collect$$libshutdown$$00000007  c_w.l(libshutdown2.o)
    0x080001c8   0x00000000   Code   RO         4311    .ARM.Collect$$libshutdown$$0000000A  c_w.l(libshutdown2.o)
    0x080001c8   0x00000000   Code   RO         4313    .ARM.Collect$$libshutdown$$0000000C  c_w.l(libshutdown2.o)
    0x080001c8   0x00000000   Code   RO         4316    .ARM.Collect$$libshutdown$$0000000F  c_w.l(libshutdown2.o)
    0x080001c8   0x00000002   Code   RO         4317    .ARM.Collect$$libshutdown$$00000010  c_w.l(libshutdown2.o)
    0x080001ca   0x00000000   Code   RO         4126    .ARM.Collect$$rtentry$$00000000  c_w.l(__rtentry.o)
    0x080001ca   0x00000000   Code   RO         4144    .ARM.Collect$$rtentry$$00000002  c_w.l(__rtentry2.o)
    0x080001ca   0x00000006   Code   RO         4156    .ARM.Collect$$rtentry$$00000004  c_w.l(__rtentry4.o)
    0x080001d0   0x00000000   Code   RO         4146    .ARM.Collect$$rtentry$$00000009  c_w.l(__rtentry2.o)
    0x080001d0   0x00000004   Code   RO         4147    .ARM.Collect$$rtentry$$0000000A  c_w.l(__rtentry2.o)
    0x080001d4   0x00000000   Code   RO         4149    .ARM.Collect$$rtentry$$0000000C  c_w.l(__rtentry2.o)
    0x080001d4   0x00000008   Code   RO         4150    .ARM.Collect$$rtentry$$0000000D  c_w.l(__rtentry2.o)
    0x080001dc   0x00000002   Code   RO         4267    .ARM.Collect$$rtexit$$00000000  c_w.l(rtexit.o)
    0x080001de   0x00000000   Code   RO         4274    .ARM.Collect$$rtexit$$00000002  c_w.l(rtexit2.o)
    0x080001de   0x00000004   Code   RO         4275    .ARM.Collect$$rtexit$$00000003  c_w.l(rtexit2.o)
    0x080001e2   0x00000006   Code   RO         4276    .ARM.Collect$$rtexit$$00000004  c_w.l(rtexit2.o)
    0x080001e8   0x00000040   Code   RO          305    .text               startup_stm32f10x_md.o
    0x08000228   0x00000002   Code   RO         4036    .text               c_w.l(use_no_semi_2.o)
    0x0800022a   0x00000002   PAD
    0x0800022c   0x00000018   Code   RO         4040    .text               c_w.l(noretval__2printf.o)
    0x08000244   0x00000068   Code   RO         4042    .text               c_w.l(__printf.o)
    0x080002ac   0x00000064   Code   RO         4066    .text               c_w.l(rt_memcpy_w.o)
    0x08000310   0x00000006   Code   RO         4068    .text               c_w.l(heapauxi.o)
    0x08000316   0x00000002   Code   RO         4124    .text               c_w.l(use_no_semi.o)
    0x08000318   0x0000041a   Code   RO         4127    .text               c_w.l(_printf_fp_dec.o)
    0x08000732   0x00000002   PAD
    0x08000734   0x00000024   Code   RO         4129    .text               c_w.l(_printf_char_file.o)
    0x08000758   0x00000008   Code   RO         4161    .text               c_w.l(rt_locale_intlibspace.o)
    0x08000760   0x0000008a   Code   RO         4163    .text               c_w.l(lludiv10.o)
    0x080007ea   0x00000002   PAD
    0x080007ec   0x00000030   Code   RO         4165    .text               c_w.l(_printf_char_common.o)
    0x0800081c   0x00000080   Code   RO         4167    .text               c_w.l(_printf_fp_infnan.o)
    0x0800089c   0x000000dc   Code   RO         4169    .text               c_w.l(bigflt0.o)
    0x08000978   0x00000008   Code   RO         4194    .text               c_w.l(ferror.o)
    0x08000980   0x00000008   Code   RO         4205    .text               c_w.l(libspace.o)
    0x08000988   0x0000004a   Code   RO         4208    .text               c_w.l(sys_stackheap_outer.o)
    0x080009d2   0x00000012   Code   RO         4212    .text               c_w.l(exit.o)
    0x080009e4   0x00000080   Code   RO         4214    .text               c_w.l(strcmpv7m.o)
    0x08000a64   0x0000003e   Code   RO         4172    CL$$btod_d2e        c_w.l(btod.o)
    0x08000aa2   0x00000046   Code   RO         4174    CL$$btod_d2e_denorm_low  c_w.l(btod.o)
    0x08000ae8   0x00000060   Code   RO         4173    CL$$btod_d2e_norm_op1  c_w.l(btod.o)
    0x08000b48   0x00000338   Code   RO         4182    CL$$btod_div_common  c_w.l(btod.o)
    0x08000e80   0x000000c6   Code   RO         4179    CL$$btod_e2e        c_w.l(btod.o)
    0x08000f46   0x00000028   Code   RO         4176    CL$$btod_ediv       c_w.l(btod.o)
    0x08000f6e   0x00000028   Code   RO         4175    CL$$btod_emul       c_w.l(btod.o)
    0x08000f96   0x00000244   Code   RO         4181    CL$$btod_mult_common  c_w.l(btod.o)
    0x080011da   0x00000016   Code   RO          351    i.ADC_Cmd           stm32f10x_adc.o
    0x080011f0   0x0000005c   Code   RO          353    i.ADC_DeInit        stm32f10x_adc.o
    0x0800124c   0x00000014   Code   RO          359    i.ADC_GetCalibrationStatus  stm32f10x_adc.o
    0x08001260   0x00000008   Code   RO          360    i.ADC_GetConversionValue  stm32f10x_adc.o
    0x08001268   0x00000012   Code   RO          362    i.ADC_GetFlagStatus  stm32f10x_adc.o
    0x0800127a   0x00000014   Code   RO          365    i.ADC_GetResetCalibrationStatus  stm32f10x_adc.o
    0x0800128e   0x00000002   PAD
    0x08001290   0x00000050   Code   RO          369    i.ADC_Init          stm32f10x_adc.o
    0x080012e0   0x000000b8   Code   RO          373    i.ADC_RegularChannelConfig  stm32f10x_adc.o
    0x08001398   0x0000000a   Code   RO          374    i.ADC_ResetCalibration  stm32f10x_adc.o
    0x080013a2   0x00000016   Code   RO          376    i.ADC_SoftwareStartConvCmd  stm32f10x_adc.o
    0x080013b8   0x0000000a   Code   RO          378    i.ADC_StartCalibration  stm32f10x_adc.o
    0x080013c2   0x00000002   PAD
    0x080013c4   0x00000074   Code   RO         3783    i.Adc_Init          adc.o
    0x08001438   0x00000038   Code   RO         3371    i.BELL_Init         led.o
    0x08001470   0x000000b0   Code   RO            1    i.BSP_Init          main.o
    0x08001520   0x00000004   Code   RO          224    i.BusFault_Handler  stm32f10x_it.o
    0x08001524   0x00000002   Code   RO          225    i.DebugMon_Handler  stm32f10x_it.o
    0x08001526   0x00000116   Code   RO         1460    i.GPIO_Init         stm32f10x_gpio.o
    0x0800163c   0x00000012   Code   RO         1464    i.GPIO_ReadInputDataBit  stm32f10x_gpio.o
    0x0800164e   0x00000004   Code   RO         1467    i.GPIO_ResetBits    stm32f10x_gpio.o
    0x08001652   0x00000004   Code   RO         1468    i.GPIO_SetBits      stm32f10x_gpio.o
    0x08001656   0x00000002   PAD
    0x08001658   0x00000034   Code   RO         3784    i.Get_Adc           adc.o
    0x0800168c   0x0000002e   Code   RO         3785    i.Get_Adc_Average   adc.o
    0x080016ba   0x00000004   Code   RO          226    i.HardFault_Handler  stm32f10x_it.o
    0x080016be   0x00000002   PAD
    0x080016c0   0x00000068   Code   RO         3601    i.KEY_Init          key.o
    0x08001728   0x00000124   Code   RO         3602    i.KEY_Scan          key.o
    0x0800184c   0x0000001c   Code   RO         3603    i.Key1_press        key.o
    0x08001868   0x000000d0   Code   RO         3604    i.Key2_press        key.o
    0x08001938   0x0000010c   Code   RO         3605    i.Key3_press        key.o
    0x08001a44   0x0000009c   Code   RO         3606    i.Key4_press        key.o
    0x08001ae0   0x00000002   Code   RO         3607    i.Key5_press        key.o
    0x08001ae2   0x00000002   Code   RO         3608    i.Key6_press        key.o
    0x08001ae4   0x0000003e   Code   RO         3609    i.Key_press         key.o
    0x08001b22   0x00000002   PAD
    0x08001b24   0x00000034   Code   RO         3372    i.LED_Init          led.o
    0x08001b58   0x00000004   Code   RO          227    i.MemManage_Handler  stm32f10x_it.o
    0x08001b5c   0x00000002   Code   RO          228    i.NMI_Handler       stm32f10x_it.o
    0x08001b5e   0x00000002   PAD
    0x08001b60   0x00000050   Code   RO         3389    i.NRF24L01_Check    24l01.o
    0x08001bb0   0x000000dc   Code   RO         3390    i.NRF24L01_Init     24l01.o
    0x08001c8c   0x00000058   Code   RO         3391    i.NRF24L01_RX_Mode  24l01.o
    0x08001ce4   0x0000003c   Code   RO         3392    i.NRF24L01_Read_Buf  24l01.o
    0x08001d20   0x0000002c   Code   RO         3393    i.NRF24L01_Read_Reg  24l01.o
    0x08001d4c   0x0000003a   Code   RO         3394    i.NRF24L01_RxPacket  24l01.o
    0x08001d86   0x00000002   PAD
    0x08001d88   0x00000068   Code   RO         3395    i.NRF24L01_TX_Mode  24l01.o
    0x08001df0   0x0000005c   Code   RO         3396    i.NRF24L01_TxPacket  24l01.o
    0x08001e4c   0x0000003c   Code   RO         3397    i.NRF24L01_Write_Buf  24l01.o
    0x08001e88   0x00000030   Code   RO         3398    i.NRF24L01_Write_Reg  24l01.o
    0x08001eb8   0x00000070   Code   RO          309    i.NVIC_Init         misc.o
    0x08001f28   0x00000014   Code   RO          310    i.NVIC_PriorityGroupConfig  misc.o
    0x08001f3c   0x00000040   Code   RO         3497    i.OLED_Clear        oled.o
    0x08001f7c   0x00000082   Code   RO         3500    i.OLED_DrawBMP      oled.o
    0x08001ffe   0x00000002   PAD
    0x08002000   0x00000188   Code   RO         3501    i.OLED_Init         oled.o
    0x08002188   0x0000002e   Code   RO         3502    i.OLED_Set_Pos      oled.o
    0x080021b6   0x00000002   PAD
    0x080021b8   0x00000068   Code   RO         3503    i.OLED_ShowCHinese  oled.o
    0x08002220   0x000000ac   Code   RO         3505    i.OLED_ShowChar     oled.o
    0x080022cc   0x00000088   Code   RO         3506    i.OLED_ShowNum      oled.o
    0x08002354   0x0000003a   Code   RO         3507    i.OLED_ShowString   oled.o
    0x0800238e   0x00000002   PAD
    0x08002390   0x0000006c   Code   RO         3508    i.OLED_WR_Byte      oled.o
    0x080023fc   0x000002dc   Code   RO         3921    i.PID_dec           param.o
    0x080026d8   0x000003a8   Code   RO         3922    i.PID_dec_point     param.o
    0x08002a80   0x000001d8   Code   RO         3923    i.PID_inc           param.o
    0x08002c58   0x000002a4   Code   RO         3924    i.PID_inc_point     param.o
    0x08002efc   0x00000002   Code   RO          229    i.PendSV_Handler    stm32f10x_it.o
    0x08002efe   0x00000002   PAD
    0x08002f00   0x00000018   Code   RO         1874    i.RCC_ADCCLKConfig  stm32f10x_rcc.o
    0x08002f18   0x00000020   Code   RO         1876    i.RCC_APB1PeriphClockCmd  stm32f10x_rcc.o
    0x08002f38   0x00000020   Code   RO         1878    i.RCC_APB2PeriphClockCmd  stm32f10x_rcc.o
    0x08002f58   0x00000020   Code   RO         1879    i.RCC_APB2PeriphResetCmd  stm32f10x_rcc.o
    0x08002f78   0x000000d4   Code   RO         1886    i.RCC_GetClocksFreq  stm32f10x_rcc.o
    0x0800304c   0x000001a4   Code   RO         3786    i.Rocker_scan       adc.o
    0x080031f0   0x00000094   Code   RO         3473    i.SPI2_Init         spi.o
    0x08003284   0x00000054   Code   RO         3474    i.SPI2_ReadWriteByte  spi.o
    0x080032d8   0x00000028   Code   RO         3475    i.SPI2_SetSpeed     spi.o
    0x08003300   0x00000018   Code   RO         2355    i.SPI_Cmd           stm32f10x_spi.o
    0x08003318   0x00000012   Code   RO         2363    i.SPI_I2S_GetFlagStatus  stm32f10x_spi.o
    0x0800332a   0x00000006   Code   RO         2366    i.SPI_I2S_ReceiveData  stm32f10x_spi.o
    0x08003330   0x00000004   Code   RO         2367    i.SPI_I2S_SendData  stm32f10x_spi.o
    0x08003334   0x0000003c   Code   RO         2368    i.SPI_Init          stm32f10x_spi.o
    0x08003370   0x00000002   Code   RO          230    i.SVC_Handler       stm32f10x_it.o
    0x08003372   0x00000008   Code   RO          168    i.SetSysClock       system_stm32f10x.o
    0x0800337a   0x00000002   PAD
    0x0800337c   0x000000e0   Code   RO          169    i.SetSysClockTo72   system_stm32f10x.o
    0x0800345c   0x00000028   Code   RO          313    i.SysTick_CLKSourceConfig  misc.o
    0x08003484   0x00000002   Code   RO          231    i.SysTick_Handler   stm32f10x_it.o
    0x08003486   0x00000002   PAD
    0x08003488   0x00000060   Code   RO          171    i.SystemInit        system_stm32f10x.o
    0x080034e8   0x00000010   Code   RO         3672    i.TIM3_IRQHandler   timer.o
    0x080034f8   0x00000006   Code   RO         2505    i.TIM_ClearITPendingBit  stm32f10x_tim.o
    0x080034fe   0x00000002   PAD
    0x08003500   0x00000088   Code   RO         3330    i.USART3_IRQHandler  usart.o
    0x08003588   0x00000018   Code   RO         3046    i.USART_Cmd         stm32f10x_usart.o
    0x080035a0   0x00000054   Code   RO         3050    i.USART_GetITStatus  stm32f10x_usart.o
    0x080035f4   0x0000004a   Code   RO         3052    i.USART_ITConfig    stm32f10x_usart.o
    0x0800363e   0x00000002   PAD
    0x08003640   0x000000d8   Code   RO         3053    i.USART_Init        stm32f10x_usart.o
    0x08003718   0x0000000a   Code   RO         3060    i.USART_ReceiveData  stm32f10x_usart.o
    0x08003722   0x00000004   Code   RO          232    i.UsageFault_Handler  stm32f10x_it.o
    0x08003726   0x00000028   Code   RO         4203    i.__ARM_fpclassify  m_ws.l(fpclassify.o)
    0x0800374e   0x00000006   Code   RO         3331    i._sys_exit         usart.o
    0x08003754   0x00000064   Code   RO         3689    i.changeMode        mode.o
    0x080037b8   0x00000020   Code   RO         3399    i.changeModeRx      24l01.o
    0x080037d8   0x00000020   Code   RO         3400    i.changeModeTx      24l01.o
    0x080037f8   0x00000008   Code   RO         3690    i.changeMode_11     mode.o
    0x08003800   0x00000008   Code   RO         3691    i.changeMode_13     mode.o
    0x08003808   0x00000008   Code   RO         3692    i.changeMode_2      mode.o
    0x08003810   0x00000008   Code   RO         3693    i.changeMode_8      mode.o
    0x08003818   0x00000008   Code   RO         3694    i.changeMode_9      mode.o
    0x08003820   0x0000004c   Code   RO         3695    i.chooseMode        mode.o
    0x0800386c   0x00000044   Code   RO         3276    i.delay_init        delay.o
    0x080038b0   0x0000004c   Code   RO         3277    i.delay_ms          delay.o
    0x080038fc   0x00000074   Code   RO         3819    i.diaplay           display.o
    0x08003970   0x00000110   Code   RO         3820    i.display_01        display.o
    0x08003a80   0x000001d4   Code   RO         3821    i.display_02        display.o
    0x08003c54   0x000000fc   Code   RO         3822    i.display_03        display.o
    0x08003d50   0x000000fc   Code   RO         3823    i.display_04        display.o
    0x08003e4c   0x00000118   Code   RO         3824    i.display_05        display.o
    0x08003f64   0x0000002c   Code   RO         3825    i.display_06        display.o
    0x08003f90   0x000000d0   Code   RO         3826    i.display_07        display.o
    0x08004060   0x00000038   Code   RO         3827    i.display_08        display.o
    0x08004098   0x00000038   Code   RO         3828    i.display_09        display.o
    0x080040d0   0x000000b8   Code   RO         3829    i.display_10        display.o
    0x08004188   0x00000068   Code   RO         3830    i.display_11        display.o
    0x080041f0   0x00000054   Code   RO         3831    i.display_12        display.o
    0x08004244   0x0000052c   Code   RO         3832    i.display_13        display.o
    0x08004770   0x0000001c   Code   RO         3332    i.fputc             usart.o
    0x0800478c   0x00000028   Code   RO            2    i.logo_show         main.o
    0x080047b4   0x00000040   Code   RO            3    i.main              main.o
    0x080047f4   0x00000268   Code   RO         3696    i.mode_11           mode.o
    0x08004a5c   0x00000228   Code   RO         3697    i.mode_13           mode.o
    0x08004c84   0x000003b8   Code   RO         3698    i.mode_2            mode.o
    0x0800503c   0x00000240   Code   RO         3699    i.mode_6            mode.o
    0x0800527c   0x000000d4   Code   RO         3700    i.mode_8            mode.o
    0x08005350   0x00000034   Code   RO         3701    i.mode_9            mode.o
    0x08005384   0x00000016   Code   RO         3509    i.oled_pow          oled.o
    0x0800539a   0x00000002   PAD
    0x0800539c   0x00000050   Code   RO         3925    i.paramLoad         param.o
    0x080053ec   0x00000180   Code   RO         3833    i.show_gyro_despoint  display.o
    0x0800556c   0x000001bc   Code   RO         3834    i.show_pid          display.o
    0x08005728   0x000000a8   Code   RO         3333    i.uart_init         usart.o
    0x080057d0   0x0000002c   Code   RO         4199    locale$$code        c_w.l(lc_numeric_c.o)
    0x080057fc   0x00000062   Code   RO         4072    x$fpl$d2f           fz_ws.l(d2f.o)
    0x0800585e   0x00000002   PAD
    0x08005860   0x00000150   Code   RO         4074    x$fpl$dadd          fz_ws.l(daddsub_clz.o)
    0x080059b0   0x000002b0   Code   RO         4081    x$fpl$ddiv          fz_ws.l(ddiv.o)
    0x08005c60   0x0000005e   Code   RO         4084    x$fpl$dfix          fz_ws.l(dfix.o)
    0x08005cbe   0x00000002   PAD
    0x08005cc0   0x0000005a   Code   RO         4088    x$fpl$dfixu         fz_ws.l(dfixu.o)
    0x08005d1a   0x00000026   Code   RO         4092    x$fpl$dfltu         fz_ws.l(dflt_clz.o)
    0x08005d40   0x00000154   Code   RO         4098    x$fpl$dmul          fz_ws.l(dmul.o)
    0x08005e94   0x0000009c   Code   RO         4132    x$fpl$dnaninf       fz_ws.l(dnaninf.o)
    0x08005f30   0x0000000c   Code   RO         4134    x$fpl$dretinf       fz_ws.l(dretinf.o)
    0x08005f3c   0x00000016   Code   RO         4075    x$fpl$drsb          fz_ws.l(daddsub_clz.o)
    0x08005f52   0x00000002   PAD
    0x08005f54   0x000001d4   Code   RO         4076    x$fpl$dsub          fz_ws.l(daddsub_clz.o)
    0x08006128   0x00000056   Code   RO         4100    x$fpl$f2d           fz_ws.l(f2d.o)
    0x0800617e   0x00000002   PAD
    0x08006180   0x000000c4   Code   RO         4102    x$fpl$fadd          fz_ws.l(faddsub_clz.o)
    0x08006244   0x00000018   Code   RO         4136    x$fpl$fcmpinf       fz_ws.l(fcmpi.o)
    0x0800625c   0x00000036   Code   RO         4108    x$fpl$ffix          fz_ws.l(ffix.o)
    0x08006292   0x00000002   PAD
    0x08006294   0x00000030   Code   RO         4113    x$fpl$fflt          fz_ws.l(fflt_clz.o)
    0x080062c4   0x00000068   Code   RO         4118    x$fpl$fleqf         fz_ws.l(fleqf.o)
    0x0800632c   0x00000102   Code   RO         4120    x$fpl$fmul          fz_ws.l(fmul.o)
    0x0800642e   0x0000008c   Code   RO         4138    x$fpl$fnaninf       fz_ws.l(fnaninf.o)
    0x080064ba   0x0000000a   Code   RO         4140    x$fpl$fretinf       fz_ws.l(fretinf.o)
    0x080064c4   0x00000014   Code   RO         4103    x$fpl$frsb          fz_ws.l(faddsub_clz.o)
    0x080064d8   0x000000ea   Code   RO         4104    x$fpl$fsub          fz_ws.l(faddsub_clz.o)
    0x080065c2   0x00000004   Code   RO         4122    x$fpl$printf1       fz_ws.l(printf1.o)
    0x080065c6   0x00000000   Code   RO         4142    x$fpl$usenofp       fz_ws.l(usenofp.o)
    0x080065c6   0x0000000a   Data   RO         3401    .constdata          24l01.o
    0x080065d0   0x00000818   Data   RO         3511    .constdata          oled.o
    0x08006de8   0x00000021   Data   RO         3702    .constdata          mode.o
    0x08006e09   0x00000003   PAD
    0x08006e0c   0x00000094   Data   RO         4170    .constdata          c_w.l(bigflt0.o)
    0x08006ea0   0x00000020   Data   RO         4342    Region$$Table       anon$$obj.o
    0x08006ec0   0x0000001c   Data   RO         4198    locale$$data        c_w.l(lc_numeric_c.o)


    Execution Region RW_IRAM1 (Base: 0x20000000, Size: 0x00001d38, Max: 0x00005000, ABSOLUTE, COMPRESSED[0x00000960])

    Base Addr    Size         Type   Attr      Idx    E Section Name        Object

    0x20000000   0x00000001   Data   RW            4    .data               main.o
    0x20000001   0x00000003   PAD
    0x20000004   0x00000014   Data   RW          172    .data               system_stm32f10x.o
    0x20000018   0x00000014   Data   RW         1906    .data               stm32f10x_rcc.o
    0x2000002c   0x00000004   Data   RW         3279    .data               delay.o
    0x20000030   0x00000006   Data   RW         3335    .data               usart.o
    0x20000036   0x000014f2   Data   RW         3512    .data               oled.o
    0x20001528   0x00000002   Data   RW         3610    .data               key.o
    0x2000152a   0x00000002   PAD
    0x2000152c   0x0000005d   Data   RW         3703    .data               mode.o
    0x20001589   0x00000001   PAD
    0x2000158a   0x0000000e   Data   RW         3787    .data               adc.o
    0x20001598   0x0000000c   Data   RW         3927    .data               param.o
    0x200015a4   0x000000c8   Zero   RW         3334    .bss                usart.o
    0x2000166c   0x00000020   Zero   RW         3510    .bss                oled.o
    0x2000168c   0x00000048   Zero   RW         3926    .bss                param.o
    0x200016d4   0x00000060   Zero   RW         4206    .bss                c_w.l(libspace.o)
    0x20001734   0x00000004   PAD
    0x20001738   0x00000200   Zero   RW          303    HEAP                startup_stm32f10x_md.o
    0x20001938   0x00000400   Zero   RW          302    STACK               startup_stm32f10x_md.o



  Load Region LR$$.ARM.__AT_0x68000000 (Base: 0x68000000, Size: 0x00000000, Max: 0x00000020, ABSOLUTE)

    Execution Region ER$$.ARM.__AT_0x68000000 (Base: 0x68000000, Size: 0x00000020, Max: 0x00000020, ABSOLUTE, UNINIT)

    Base Addr    Size         Type   Attr      Idx    E Section Name        Object

    0x68000000   0x00000020   Zero   RW         3973    .ARM.__AT_0x68000000  malloc.o



  Load Region LR$$.ARM.__AT_0x68000020 (Base: 0x68000020, Size: 0x00000000, Max: 0x00000004, ABSOLUTE)

    Execution Region ER$$.ARM.__AT_0x68000020 (Base: 0x68000020, Size: 0x00000004, Max: 0x00000004, ABSOLUTE, UNINIT)

    Base Addr    Size         Type   Attr      Idx    E Section Name        Object

    0x68000020   0x00000002   Zero   RW         3974    .ARM.__AT_0x68000020  malloc.o


==============================================================================

Image component sizes


      Code (inc. data)   RO Data    RW Data    ZI Data      Debug   Object Name

       918        114         10          0          0       7791   24l01.o
       634         42          0         14          0       2881   adc.o
         0          0          0          0          0         32   core_cm3.o
       144         22          0          4          0       1188   delay.o
      4528        326          0          0          0       9435   display.o
      1122         82          0          2          0       5006   key.o
       108         12          0          0          0        971   led.o
       280         66          0          1          0     268962   main.o
         0          0          0          0         34       1601   malloc.o
       172         22          0          0          0       2041   misc.o
      3176        336         33         93          0       8038   mode.o
      1232         36       2072       5362         32       9529   oled.o
      2896        198          0         12         72       4495   param.o
       272         18          0          0          0       1773   spi.o
        64         26        236          0       1536        788   startup_stm32f10x_md.o
       486         24          0          0          0       8550   stm32f10x_adc.o
       304          0          0          0          0       3640   stm32f10x_gpio.o
        26          0          0          0          0       3666   stm32f10x_it.o
       332         44          0         20          0       5518   stm32f10x_rcc.o
       112          0          0          0          0       3806   stm32f10x_spi.o
         6          0          0          0          0       1060   stm32f10x_tim.o
       408          6          0          0          0       4978   stm32f10x_usart.o
       328         28          0         20          0       2065   system_stm32f10x.o
        16          4          0          0          0        458   timer.o
       338         28          0          6        200       4164   usart.o

    ----------------------------------------------------------------------
     17934       1434       2386       5540       1876     362436   Object Totals
         0          0         32          0          0          0   (incl. Generated)
        32          0          3          6          2          0   (incl. Padding)

    ----------------------------------------------------------------------

      Code (inc. data)   RO Data    RW Data    ZI Data      Debug   Library Member Name

       100          0          0          0          0          0   __dclz77c.o
         8          0          0          0          0         68   __main.o
       104          0          0          0          0         84   __printf.o
         0          0          0          0          0          0   __rtentry.o
        12          0          0          0          0          0   __rtentry2.o
         6          0          0          0          0          0   __rtentry4.o
        52          8          0          0          0          0   __scatter.o
        28          0          0          0          0          0   __scatter_zi.o
        48          6          0          0          0         96   _printf_char_common.o
        36          4          0          0          0         80   _printf_char_file.o
         6          0          0          0          0          0   _printf_f.o
      1050          0          0          0          0        216   _printf_fp_dec.o
       128         16          0          0          0         84   _printf_fp_infnan.o
         0          0          0          0          0          0   _printf_percent.o
         4          0          0          0          0          0   _printf_percent_end.o
       220          4        148          0          0         96   bigflt0.o
      1910        128          0          0          0        672   btod.o
        18          0          0          0          0         80   exit.o
         8          0          0          0          0         68   ferror.o
         6          0          0          0          0        152   heapauxi.o
        44         10         28          0          0         76   lc_numeric_c.o
         2          0          0          0          0          0   libinit.o
        18          0          0          0          0          0   libinit2.o
         2          0          0          0          0          0   libshutdown.o
         2          0          0          0          0          0   libshutdown2.o
         8          4          0          0         96         68   libspace.o
       138          0          0          0          0         80   lludiv10.o
        24          4          0          0          0         84   noretval__2printf.o
         8          4          0          0          0         68   rt_locale_intlibspace.o
       100          0          0          0          0         80   rt_memcpy_w.o
         2          0          0          0          0          0   rtexit.o
        10          0          0          0          0          0   rtexit2.o
       128          0          0          0          0         68   strcmpv7m.o
        74          0          0          0          0         80   sys_stackheap_outer.o
         2          0          0          0          0         68   use_no_semi.o
         2          0          0          0          0         68   use_no_semi_2.o
        98          4          0          0          0         92   d2f.o
       826         16          0          0          0        348   daddsub_clz.o
       688        140          0          0          0        208   ddiv.o
        94          4          0          0          0         92   dfix.o
        90          4          0          0          0         92   dfixu.o
        38          0          0          0          0         68   dflt_clz.o
       340         12          0          0          0        104   dmul.o
       156          4          0          0          0         92   dnaninf.o
        12          0          0          0          0         68   dretinf.o
        86          4          0          0          0         84   f2d.o
       450          8          0          0          0        236   faddsub_clz.o
        24          0          0          0          0         68   fcmpi.o
        54          4          0          0          0         84   ffix.o
        48          0          0          0          0         68   fflt_clz.o
       104          4          0          0          0         84   fleqf.o
       258          4          0          0          0         84   fmul.o
       140          4          0          0          0         84   fnaninf.o
        10          0          0          0          0         68   fretinf.o
         4          0          0          0          0         68   printf1.o
         0          0          0          0          0          0   usenofp.o
        40          0          0          0          0         68   fpclassify.o

    ----------------------------------------------------------------------
      7884        400        176          0        100       4596   Library Totals
        16          0          0          0          4          0   (incl. Padding)

    ----------------------------------------------------------------------

      Code (inc. data)   RO Data    RW Data    ZI Data      Debug   Library Name

      4308        188        176          0         96       2436   c_w.l
      3520        212          0          0          0       2092   fz_ws.l
        40          0          0          0          0         68   m_ws.l

    ----------------------------------------------------------------------
      7884        400        176          0        100       4596   Library Totals

    ----------------------------------------------------------------------

==============================================================================


      Code (inc. data)   RO Data    RW Data    ZI Data      Debug   

     25818       1834       2562       5540       1976     357928   Grand Totals
     25818       1834       2562       2400       1976     357928   ELF Image Totals (compressed)
     25818       1834       2562       2400          0          0   ROM Totals

==============================================================================

    Total RO  Size (Code + RO Data)                28380 (  27.71kB)
    Total RW  Size (RW Data + ZI Data)              7516 (   7.34kB)
    Total ROM Size (Code + RO Data + RW Data)      30780 (  30.06kB)

==============================================================================

